../Core/Src/GUI_Paint.c:93:6:Paint_NewImage	24	static
../Core/Src/GUI_Paint.c:118:6:Paint_SetClearFuntion	0	static
../Core/Src/GUI_Paint.c:127:6:Paint_SetDisplayFuntion	0	static
../Core/Src/GUI_Paint.c:137:6:Paint_SetRotate	8	static
../Core/Src/GUI_Paint.c:153:6:Paint_SetMirroring	8	static
../Core/Src/GUI_Paint.c:173:6:Paint_SetPixel	8	static
../Core/Src/GUI_Paint.c:235:6:Paint_Clear	8	static
../Core/Src/GUI_Paint.c:248:6:Paint_ClearWindows	32	static
../Core/Src/GUI_Paint.c:266:6:Paint_DrawPoint	48	static
../Core/Src/GUI_Paint.c:302:6:Paint_DrawLine	80	static
../Core/Src/GUI_Paint.c:359:6:Paint_DrawRectangle	48	static
../Core/Src/GUI_Paint.c:391:6:Paint_DrawCircle	80	static
../Core/Src/GUI_Paint.c:461:6:Paint_DrawChar	56	static
../Core/Src/GUI_Paint.c:534:6:Paint_DrawString_EN	64	static
../Core/Src/GUI_Paint.c:582:6:Paint_DrawString_CN	64	static
../Core/Src/GUI_Paint.c:680:6:Paint_DrawNum	568	static
../Core/Src/GUI_Paint.c:731:6:Paint_DrawFloatNum	288	static
../Core/Src/GUI_Paint.c:751:6:Paint_DrawTime	88	static
../Core/Src/GUI_Paint.c:778:6:Paint_DrawImage	56	static
../Core/Src/GUI_Paint.c:795:6:Display_Corner_Words	40	static
../Core/Src/GUI_Paint.c:828:7:get_color_charge	0	static
../Core/Src/GUI_Paint.c:838:7:get_color_temp	0	static
../Core/Src/GUI_Paint.c:848:6:Display_Corner_Numbers	48	static
../Core/Src/GUI_Paint.c:876:6:Display_Corner_Speed	24	static
../Core/Src/GUI_Paint.c:891:6:LCD_2in4_test	48	static
../Core/Src/GUI_Paint.c:942:6:UGR_FUNCTIONS	16	static
../Core/Src/GUI_Paint.c:958:6:UGR_LOGO	16	static
