Archive member included to satisfy reference by file (symbol)

/Users/danielborkovec/.mcuxpressotools/arm-gnu-toolchain-14.2.rel1-darwin-x86_64-arm-none-eabi/bin/../lib/gcc/arm-none-eabi/14.2.1/../../../../arm-none-eabi/lib/thumb/v7e-m+dp/hard/libm.a(libm_a-sinf.o)
                              CMakeFiles/SSD1963_LCD.dir/Core/Src/dashboard.c.obj (sinf)
/Users/danielborkovec/.mcuxpressotools/arm-gnu-toolchain-14.2.rel1-darwin-x86_64-arm-none-eabi/bin/../lib/gcc/arm-none-eabi/14.2.1/../../../../arm-none-eabi/lib/thumb/v7e-m+dp/hard/libm.a(libm_a-cosf.o)
                              CMakeFiles/SSD1963_LCD.dir/Core/Src/dashboard.c.obj (cosf)
/Users/danielborkovec/.mcuxpressotools/arm-gnu-toolchain-14.2.rel1-darwin-x86_64-arm-none-eabi/bin/../lib/gcc/arm-none-eabi/14.2.1/../../../../arm-none-eabi/lib/thumb/v7e-m+dp/hard/libm.a(libm_a-sincosf_data.o)
                              /Users/danielborkovec/.mcuxpressotools/arm-gnu-toolchain-14.2.rel1-darwin-x86_64-arm-none-eabi/bin/../lib/gcc/arm-none-eabi/14.2.1/../../../../arm-none-eabi/lib/thumb/v7e-m+dp/hard/libm.a(libm_a-sinf.o) (__inv_pio4)
/Users/danielborkovec/.mcuxpressotools/arm-gnu-toolchain-14.2.rel1-darwin-x86_64-arm-none-eabi/bin/../lib/gcc/arm-none-eabi/14.2.1/../../../../arm-none-eabi/lib/thumb/v7e-m+dp/hard/libm.a(libm_a-math_errf.o)
                              /Users/danielborkovec/.mcuxpressotools/arm-gnu-toolchain-14.2.rel1-darwin-x86_64-arm-none-eabi/bin/../lib/gcc/arm-none-eabi/14.2.1/../../../../arm-none-eabi/lib/thumb/v7e-m+dp/hard/libm.a(libm_a-sinf.o) (__math_invalidf)
/Users/danielborkovec/.mcuxpressotools/arm-gnu-toolchain-14.2.rel1-darwin-x86_64-arm-none-eabi/bin/../lib/gcc/arm-none-eabi/14.2.1/../../../../arm-none-eabi/lib/thumb/v7e-m+dp/hard/libm.a(libm_a-wf_sqrt.o)
                              CMakeFiles/SSD1963_LCD.dir/Core/Src/dashboard.c.obj (sqrtf)
/Users/danielborkovec/.mcuxpressotools/arm-gnu-toolchain-14.2.rel1-darwin-x86_64-arm-none-eabi/bin/../lib/gcc/arm-none-eabi/14.2.1/../../../../arm-none-eabi/lib/thumb/v7e-m+dp/hard/libm.a(libm_a-ef_sqrt.o)
                              /Users/danielborkovec/.mcuxpressotools/arm-gnu-toolchain-14.2.rel1-darwin-x86_64-arm-none-eabi/bin/../lib/gcc/arm-none-eabi/14.2.1/../../../../arm-none-eabi/lib/thumb/v7e-m+dp/hard/libm.a(libm_a-wf_sqrt.o) (__ieee754_sqrtf)
/Users/danielborkovec/.mcuxpressotools/arm-gnu-toolchain-14.2.rel1-darwin-x86_64-arm-none-eabi/bin/../lib/gcc/arm-none-eabi/14.2.1/../../../../arm-none-eabi/lib/thumb/v7e-m+dp/hard/libm.a(libm_a-sf_lround.o)
                              CMakeFiles/SSD1963_LCD.dir/Core/Src/dashboard.c.obj (lroundf)
/Users/danielborkovec/.mcuxpressotools/arm-gnu-toolchain-14.2.rel1-darwin-x86_64-arm-none-eabi/bin/../lib/gcc/arm-none-eabi/14.2.1/thumb/v7e-m+dp/hard/libgcc.a(_arm_addsubdf3.o)
                              /Users/danielborkovec/.mcuxpressotools/arm-gnu-toolchain-14.2.rel1-darwin-x86_64-arm-none-eabi/bin/../lib/gcc/arm-none-eabi/14.2.1/../../../../arm-none-eabi/lib/thumb/v7e-m+dp/hard/libm.a(libm_a-sinf.o) (__aeabi_l2d)
/Users/danielborkovec/.mcuxpressotools/arm-gnu-toolchain-14.2.rel1-darwin-x86_64-arm-none-eabi/bin/../lib/gcc/arm-none-eabi/14.2.1/thumb/v7e-m+dp/hard/libgcc.a(_aeabi_uldivmod.o)
                              cmake/stm32cubemx/CMakeFiles/STM32_Drivers.dir/__/__/Drivers/STM32F7xx_HAL_Driver/Src/stm32f7xx_hal_rcc.c.obj (__aeabi_uldivmod)
/Users/danielborkovec/.mcuxpressotools/arm-gnu-toolchain-14.2.rel1-darwin-x86_64-arm-none-eabi/bin/../lib/gcc/arm-none-eabi/14.2.1/thumb/v7e-m+dp/hard/libgcc.a(_udivmoddi4.o)
                              /Users/danielborkovec/.mcuxpressotools/arm-gnu-toolchain-14.2.rel1-darwin-x86_64-arm-none-eabi/bin/../lib/gcc/arm-none-eabi/14.2.1/thumb/v7e-m+dp/hard/libgcc.a(_aeabi_uldivmod.o) (__udivmoddi4)
/Users/danielborkovec/.mcuxpressotools/arm-gnu-toolchain-14.2.rel1-darwin-x86_64-arm-none-eabi/bin/../lib/gcc/arm-none-eabi/14.2.1/thumb/v7e-m+dp/hard/libgcc.a(_dvmd_tls.o)
                              /Users/danielborkovec/.mcuxpressotools/arm-gnu-toolchain-14.2.rel1-darwin-x86_64-arm-none-eabi/bin/../lib/gcc/arm-none-eabi/14.2.1/thumb/v7e-m+dp/hard/libgcc.a(_aeabi_uldivmod.o) (__aeabi_ldiv0)
/Users/danielborkovec/.mcuxpressotools/arm-gnu-toolchain-14.2.rel1-darwin-x86_64-arm-none-eabi/bin/../lib/gcc/arm-none-eabi/14.2.1/../../../../arm-none-eabi/lib/thumb/v7e-m+dp/hard/libg_nano.a(libc_a-exit.o)
                              /Users/danielborkovec/.mcuxpressotools/arm-gnu-toolchain-14.2.rel1-darwin-x86_64-arm-none-eabi/bin/../lib/gcc/arm-none-eabi/14.2.1/../../../../arm-none-eabi/lib/thumb/v7e-m+dp/hard/crt0.o (exit)
/Users/danielborkovec/.mcuxpressotools/arm-gnu-toolchain-14.2.rel1-darwin-x86_64-arm-none-eabi/bin/../lib/gcc/arm-none-eabi/14.2.1/../../../../arm-none-eabi/lib/thumb/v7e-m+dp/hard/libg_nano.a(libc_a-findfp.o)
[...]
Memory Configuration

Name             Origin             Length             Attributes
RAM              0x20000000         0x00080000         xrw
FLASH            0x08000000         0x00100000         xr
*default*        0x00000000         0xffffffff

Linker script and memory map

LOAD /Users/danielborkovec/.mcuxpressotools/arm-gnu-toolchain-14.2.rel1-darwin-x86_64-arm-none-eabi/bin/../lib/gcc/arm-none-eabi/14.2.1/thumb/v7e-m+dp/hard/crti.o
LOAD /Users/danielborkovec/.mcuxpressotools/arm-gnu-toolchain-14.2.rel1-darwin-x86_64-arm-none-eabi/bin/../lib/gcc/arm-none-eabi/14.2.1/thumb/v7e-m+dp/hard/crtbegin.o
LOAD /Users/danielborkovec/.mcuxpressotools/arm-gnu-toolchain-14.2.rel1-darwin-x86_64-arm-none-eabi/bin/../lib/gcc/arm-none-eabi/14.2.1/../../../../arm-none-eabi/lib/thumb/v7e-m+dp/hard/crt0.o
LOAD cmake/stm32cubemx/CMakeFiles/STM32_Drivers.dir/__/__/Core/Src/system_stm32f7xx.c.obj
LOAD cmake/stm32cubemx/CMakeFiles/STM32_Drivers.dir/__/__/Drivers/STM32F7xx_HAL_Driver/Src/stm32f7xx_hal_can.c.obj
LOAD cmake/stm32cubemx/CMakeFiles/STM32_Drivers.dir/__/__/Drivers/STM32F7xx_HAL_Driver/Src/stm32f7xx_hal_rcc.c.obj
LOAD cmake/stm32cubemx/CMakeFiles/STM32_Drivers.dir/__/__/Drivers/STM32F7xx_HAL_Driver/Src/stm32f7xx_hal_rcc_ex.c.obj
LOAD cmake/stm32cubemx/CMakeFiles/STM32_Drivers.dir/__/__/Drivers/STM32F7xx_HAL_Driver/Src/stm32f7xx_hal_flash.c.obj
LOAD cmake/stm32cubemx/CMakeFiles/STM32_Drivers.dir/__/__/Drivers/STM32F7xx_HAL_Driver/Src/stm32f7xx_hal_flash_ex.c.obj
LOAD cmake/stm32cubemx/CMakeFiles/STM32_Drivers.dir/__/__/Drivers/STM32F7xx_HAL_Driver/Src/stm32f7xx_hal_gpio.c.obj
LOAD cmake/stm32cubemx/CMakeFiles/STM32_Drivers.dir/__/__/Drivers/STM32F7xx_HAL_Driver/Src/stm32f7xx_hal_dma.c.obj
LOAD cmake/stm32cubemx/CMakeFiles/STM32_Drivers.dir/__/__/Drivers/STM32F7xx_HAL_Driver/Src/stm32f7xx_hal_dma_ex.c.obj
LOAD cmake/stm32cubemx/CMakeFiles/STM32_Drivers.dir/__/__/Drivers/STM32F7xx_HAL_Driver/Src/stm32f7xx_hal_pwr.c.obj
LOAD cmake/stm32cubemx/CMakeFiles/STM32_Drivers.dir/__/__/Drivers/STM32F7xx_HAL_Driver/Src/stm32f7xx_hal_pwr_ex.c.obj
LOAD cmake/stm32cubemx/CMakeFiles/STM32_Drivers.dir/__/__/Drivers/STM32F7xx_HAL_Driver/Src/stm32f7xx_hal_cortex.c.obj
LOAD cmake/stm32cubemx/CMakeFiles/STM32_Drivers.dir/__/__/Drivers/STM32F7xx_HAL_Driver/Src/stm32f7xx_hal.c.obj
LOAD cmake/stm32cubemx/CMakeFiles/STM32_Drivers.dir/__/__/Drivers/STM32F7xx_HAL_Driver/Src/stm32f7xx_hal_i2c.c.obj
LOAD cmake/stm32cubemx/CMakeFiles/STM32_Drivers.dir/__/__/Drivers/STM32F7xx_HAL_Driver/Src/stm32f7xx_hal_i2c_ex.c.obj
LOAD cmake/stm32cubemx/CMakeFiles/STM32_Drivers.dir/__/__/Drivers/STM32F7xx_HAL_Driver/Src/stm32f7xx_hal_exti.c.obj
LOAD cmake/stm32cubemx/CMakeFiles/STM32_Drivers.dir/__/__/Drivers/STM32F7xx_HAL_Driver/Src/stm32f7xx_ll_fmc.c.obj
LOAD cmake/stm32cubemx/CMakeFiles/STM32_Drivers.dir/__/__/Drivers/STM32F7xx_HAL_Driver/Src/stm32f7xx_hal_nor.c.obj
LOAD cmake/stm32cubemx/CMakeFiles/STM32_Drivers.dir/__/__/Drivers/STM32F7xx_HAL_Driver/Src/stm32f7xx_hal_sram.c.obj
LOAD cmake/stm32cubemx/CMakeFiles/STM32_Drivers.dir/__/__/Drivers/STM32F7xx_HAL_Driver/Src/stm32f7xx_hal_nand.c.obj
LOAD cmake/stm32cubemx/CMakeFiles/STM32_Drivers.dir/__/__/Drivers/STM32F7xx_HAL_Driver/Src/stm32f7xx_hal_sdram.c.obj
LOAD cmake/stm32cubemx/CMakeFiles/STM32_Drivers.dir/__/__/Drivers/STM32F7xx_HAL_Driver/Src/stm32f7xx_hal_spi.c.obj
LOAD cmake/stm32cubemx/CMakeFiles/STM32_Drivers.dir/__/__/Drivers/STM32F7xx_HAL_Driver/Src/stm32f7xx_hal_spi_ex.c.obj
LOAD cmake/stm32cubemx/CMakeFiles/STM32_Drivers.dir/__/__/Drivers/STM32F7xx_HAL_Driver/Src/stm32f7xx_hal_tim.c.obj
LOAD cmake/stm32cubemx/CMakeFiles/STM32_Drivers.dir/__/__/Drivers/STM32F7xx_HAL_Driver/Src/stm32f7xx_hal_tim_ex.c.obj
LOAD cmake/stm32cubemx/CMakeFiles/STM32_Drivers.dir/__/__/Drivers/STM32F7xx_HAL_Driver/Src/stm32f7xx_hal_pcd.c.obj
LOAD cmake/stm32cubemx/CMakeFiles/STM32_Drivers.dir/__/__/Drivers/STM32F7xx_HAL_Driver/Src/stm32f7xx_hal_pcd_ex.c.obj
LOAD cmake/stm32cubemx/CMakeFiles/STM32_Drivers.dir/__/__/Drivers/STM32F7xx_HAL_Driver/Src/stm32f7xx_ll_usb.c.obj
LOAD CMakeFiles/SSD1963_LCD.dir/Core/Src/main.c.obj
LOAD CMakeFiles/SSD1963_LCD.dir/Core/Src/gpio.c.obj
LOAD CMakeFiles/SSD1963_LCD.dir/Core/Src/can.c.obj
LOAD CMakeFiles/SSD1963_LCD.dir/Core/Src/fmc.c.obj
LOAD CMakeFiles/SSD1963_LCD.dir/Core/Src/i2c.c.obj
LOAD CMakeFiles/SSD1963_LCD.dir/Core/Src/spi.c.obj
LOAD CMakeFiles/SSD1963_LCD.dir/Core/Src/tim.c.obj
LOAD CMakeFiles/SSD1963_LCD.dir/Core/Src/usb_otg.c.obj
LOAD CMakeFiles/SSD1963_LCD.dir/Core/Src/stm32f7xx_it.c.obj
LOAD CMakeFiles/SSD1963_LCD.dir/Core/Src/stm32f7xx_hal_msp.c.obj
LOAD CMakeFiles/SSD1963_LCD.dir/Core/Src/sysmem.c.obj
LOAD CMakeFiles/SSD1963_LCD.dir/Core/Src/syscalls.c.obj
LOAD CMakeFiles/SSD1963_LCD.dir/startup_stm32f767xx.s.obj
LOAD CMakeFiles/SSD1963_LCD.dir/Core/Src/dashboard.c.obj
LOAD CMakeFiles/SSD1963_LCD.dir/Core/Src/ssd1963.c.obj
LOAD CMakeFiles/SSD1963_LCD.dir/Core/Src/logos/icons.c.obj
LOAD CMakeFiles/SSD1963_LCD.dir/Core/Src/logos/ugr_logo.c.obj
LOAD CMakeFiles/SSD1963_LCD.dir/Core/Src/gfx.c.obj
LOAD CMakeFiles/SSD1963_LCD.dir/Core/Src/gt911.c.obj
LOAD /Users/danielborkovec/.mcuxpressotools/arm-gnu-toolchain-14.2.rel1-darwin-x86_64-arm-none-eabi/bin/../lib/gcc/arm-none-eabi/14.2.1/../../../../arm-none-eabi/lib/thumb/v7e-m+dp/hard/libm.a
START GROUP
LOAD /Users/danielborkovec/.mcuxpressotools/arm-gnu-toolchain-14.2.rel1-darwin-x86_64-arm-none-eabi/bin/../lib/gcc/arm-none-eabi/14.2.1/thumb/v7e-m+dp/hard/libgcc.a
LOAD /Users/danielborkovec/.mcuxpressotools/arm-gnu-toolchain-14.2.rel1-darwin-x86_64-arm-none-eabi/bin/../lib/gcc/arm-none-eabi/14.2.1/../../../../arm-none-eabi/lib/thumb/v7e-m+dp/hard/libg_nano.a
LOAD /Users/danielborkovec/.mcuxpressotools/arm-gnu-toolchain-14.2.rel1-darwin-x86_64-arm-none-eabi/bin/../lib/gcc/arm-none-eabi/14.2.1/../../../../arm-none-eabi/lib/thumb/v7e-m+dp/hard/libc_nano.a
END GROUP
START GROUP
LOAD /Users/danielborkovec/.mcuxpressotools/arm-gnu-toolchain-14.2.rel1-darwin-x86_64-arm-none-eabi/bin/../lib/gcc/arm-none-eabi/14.2.1/thumb/v7e-m+dp/hard/libgcc.a
LOAD /Users/danielborkovec/.mcuxpressotools/arm-gnu-toolchain-14.2.rel1-darwin-x86_64-arm-none-eabi/bin/../lib/gcc/arm-none-eabi/14.2.1/../../../../arm-none-eabi/lib/thumb/v7e-m+dp/hard/libc_nano.a
END GROUP
LOAD /Users/danielborkovec/.mcuxpressotools/arm-gnu-toolchain-14.2.rel1-darwin-x86_64-arm-none-eabi/bin/../lib/gcc/arm-none-eabi/14.2.1/thumb/v7e-m+dp/hard/crtend.o
LOAD /Users/danielborkovec/.mcuxpressotools/arm-gnu-toolchain-14.2.rel1-darwin-x86_64-arm-none-eabi/bin/../lib/gcc/arm-none-eabi/14.2.1/thumb/v7e-m+dp/hard/crtn.o
                0x20080000                        _estack = (ORIGIN (RAM) + LENGTH (RAM))
                0x00002000                        _Min_Heap_Size = 0x2000
                0x00002000                        _Min_Stack_Size = 0x2000

.isr_vector     0x08000000      0x1f8
                0x08000000                        . = ALIGN (0x4)
 *(.isr_vector)
 .isr_vector    0x08000000      0x1f8 CMakeFiles/SSD1963_LCD.dir/startup_stm32f767xx.s.obj
                0x08000000                g_pfnVectors
                0x080001f8                        . = ALIGN (0x4)

.text           0x080001f8     0xbe4c
                0x080001f8                        . = ALIGN (0x4)
 *(.text)
 .text          0x080001f8      0x378 /Users/danielborkovec/.mcuxpressotools/arm-gnu-toolchain-14.2.rel1-darwin-x86_64-arm-none-eabi/bin/../lib/gcc/arm-none-eabi/14.2.1/thumb/v7e-m+dp/hard/libgcc.a(_arm_addsubdf3.o)
                0x080001f8                __aeabi_drsub
                0x08000200                __subdf3
                0x08000200                __aeabi_dsub
                0x08000204                __aeabi_dadd
                0x08000204                __adddf3
                0x0800047c                __aeabi_ui2d
                0x0800047c                __floatunsidf
                0x0800049c                __floatsidf
                0x0800049c                __aeabi_i2d
                0x080004c0                __extendsfdf2
                0x080004c0                __aeabi_f2d
                0x08000504                __aeabi_ul2d
                0x08000504                __floatundidf
                0x08000514                __aeabi_l2d
                0x08000514                __floatdidf
 .text          0x08000570       0x30 /Users/danielborkovec/.mcuxpressotools/arm-gnu-toolchain-14.2.rel1-darwin-x86_64-arm-none-eabi/bin/../lib/gcc/arm-none-eabi/14.2.1/thumb/v7e-m+dp/hard/libgcc.a(_aeabi_uldivmod.o)
                0x08000570                __aeabi_uldivmod
 .text          0x080005a0        0x4 /Users/danielborkovec/.mcuxpressotools/arm-gnu-toolchain-14.2.rel1-darwin-x86_64-arm-none-eabi/bin/../lib/gcc/arm-none-eabi/14.2.1/thumb/v7e-m+dp/hard/libgcc.a(_dvmd_tls.o)
                0x080005a0                __aeabi_ldiv0
                0x080005a0                __aeabi_idiv0
 *(.text*)
 .text.deregister_tm_clones
                0x080005a4       0x1c /Users/danielborkovec/.mcuxpressotools/arm-gnu-toolchain-14.2.rel1-darwin-x86_64-arm-none-eabi/bin/../lib/gcc/arm-none-eabi/14.2.1/thumb/v7e-m+dp/hard/crtbegin.o
 .text.register_tm_clones
                0x080005c0       0x24 /Users/danielborkovec/.mcuxpressotools/arm-gnu-toolchain-14.2.rel1-darwin-x86_64-arm-none-eabi/bin/../lib/gcc/arm-none-eabi/14.2.1/thumb/v7e-m+dp/hard/crtbegin.o
 .text.__do_global_dtors_aux
                0x080005e4       0x28 /Users/danielborkovec/.mcuxpressotools/arm-gnu-toolchain-14.2.rel1-darwin-x86_64-arm-none-eabi/bin/../lib/gcc/arm-none-eabi/14.2.1/thumb/v7e-m+dp/hard/crtbegin.o
 .text.frame_dummy
                0x0800060c       0x24 /Users/danielborkovec/.mcuxpressotools/arm-gnu-toolchain-14.2.rel1-darwin-x86_64-arm-none-eabi/bin/../lib/gcc/arm-none-eabi/14.2.1/thumb/v7e-m+dp/hard/crtbegin.o
 .text.SystemInit
                0x08000630       0x24 cmake/stm32cubemx/CMakeFiles/STM32_Drivers.dir/__/__/Core/Src/system_stm32f7xx.c.obj
                0x08000630                SystemInit
 .text.HAL_CAN_Init
                0x08000654      0x448 cmake/stm32cubemx/CMakeFiles/STM32_Drivers.dir/__/__/Drivers/STM32F7xx_HAL_Driver/Src/stm32f7xx_hal_can.c.obj
                0x08000654                HAL_CAN_Init
 .text.HAL_CAN_ConfigFilter
                0x08000a9c      0x2c8 cmake/stm32cubemx/CMakeFiles/STM32_Drivers.dir/__/__/Drivers/STM32F7xx_HAL_Driver/Src/stm32f7xx_hal_can.c.obj
                0x08000a9c                HAL_CAN_ConfigFilter
 .text.HAL_CAN_Start
                0x08000d64       0x88 cmake/stm32cubemx/CMakeFiles/STM32_Drivers.dir/__/__/Drivers/STM32F7xx_HAL_Driver/Src/stm32f7xx_hal_can.c.obj
                0x08000d64                HAL_CAN_Start
 .text.HAL_CAN_AddTxMessage
                0x08000dec      0x234 cmake/stm32cubemx/CMakeFiles/STM32_Drivers.dir/__/__/Drivers/STM32F7xx_HAL_Driver/Src/stm32f7xx_hal_can.c.obj
                0x08000dec                HAL_CAN_AddTxMessage
 .text.HAL_CAN_GetRxMessage
                0x08001020      0x25c cmake/stm32cubemx/CMakeFiles/STM32_Drivers.dir/__/__/Drivers/STM32F7xx_HAL_Driver/Src/stm32f7xx_hal_can.c.obj
                0x08001020                HAL_CAN_GetRxMessage
 .text.HAL_CAN_GetRxFifoFillLevel
                0x0800127c       0x68 cmake/stm32cubemx/CMakeFiles/STM32_Drivers.dir/__/__/Drivers/STM32F7xx_HAL_Driver/Src/stm32f7xx_hal_can.c.obj
                0x0800127c                HAL_CAN_GetRxFifoFillLevel
 .text.HAL_CAN_ActivateNotification
                0x080012e4       0x64 cmake/stm32cubemx/CMakeFiles/STM32_Drivers.dir/__/__/Drivers/STM32F7xx_HAL_Driver/Src/stm32f7xx_hal_can.c.obj
                0x080012e4                HAL_CAN_ActivateNotification
 .text.HAL_CAN_IRQHandler
                0x08001348      0x36e cmake/stm32cubemx/CMakeFiles/STM32_Drivers.dir/__/__/Drivers/STM32F7xx_HAL_Driver/Src/stm32f7xx_hal_can.c.obj
                0x08001348                HAL_CAN_IRQHandler
 .text.HAL_CAN_TxMailbox0CompleteCallback
                0x080016b6       0x14 cmake/stm32cubemx/CMakeFiles/STM32_Drivers.dir/__/__/Drivers/STM32F7xx_HAL_Driver/Src/stm32f7xx_hal_can.c.obj
                0x080016b6                HAL_CAN_TxMailbox0CompleteCallback
 .text.HAL_CAN_TxMailbox1CompleteCallback
                0x080016ca       0x14 cmake/stm32cubemx/CMakeFiles/STM32_Drivers.dir/__/__/Drivers/STM32F7xx_HAL_Driver/Src/stm32f7xx_hal_can.c.obj
                0x080016ca                HAL_CAN_TxMailbox1CompleteCallback
 .text.HAL_CAN_TxMailbox2CompleteCallback
                0x080016de       0x14 cmake/stm32cubemx/CMakeFiles/STM32_Drivers.dir/__/__/Drivers/STM32F7xx_HAL_Driver/Src/stm32f7xx_hal_can.c.obj
                0x080016de                HAL_CAN_TxMailbox2CompleteCallback
 .text.HAL_CAN_TxMailbox0AbortCallback
                0x080016f2       0x14 cmake/stm32cubemx/CMakeFiles/STM32_Drivers.dir/__/__/Drivers/STM32F7xx_HAL_Driver/Src/stm32f7xx_hal_can.c.obj
                0x080016f2                HAL_CAN_TxMailbox0AbortCallback
 .text.HAL_CAN_TxMailbox1AbortCallback
                0x08001706       0x14 cmake/stm32cubemx/CMakeFiles/STM32_Drivers.dir/__/__/Drivers/STM32F7xx_HAL_Driver/Src/stm32f7xx_hal_can.c.obj
                0x08001706                HAL_CAN_TxMailbox1AbortCallback
 .text.HAL_CAN_TxMailbox2AbortCallback
                0x0800171a       0x14 cmake/stm32cubemx/CMakeFiles/STM32_Drivers.dir/__/__/Drivers/STM32F7xx_HAL_Driver/Src/stm32f7xx_hal_can.c.obj
                0x0800171a                HAL_CAN_TxMailbox2AbortCallback
 .text.HAL_CAN_RxFifo0FullCallback
                0x0800172e       0x14 cmake/stm32cubemx/CMakeFiles/STM32_Drivers.dir/__/__/Drivers/STM32F7xx_HAL_Driver/Src/stm32f7xx_hal_can.c.obj
                0x0800172e                HAL_CAN_RxFifo0FullCallback
 .text.HAL_CAN_RxFifo1MsgPendingCallback
                0x08001742       0x14 cmake/stm32cubemx/CMakeFiles/STM32_Drivers.dir/__/__/Drivers/STM32F7xx_HAL_Driver/Src/stm32f7xx_hal_can.c.obj
                0x08001742                HAL_CAN_RxFifo1MsgPendingCallback
 .text.HAL_CAN_RxFifo1FullCallback
                0x08001756       0x14 cmake/stm32cubemx/CMakeFiles/STM32_Drivers.dir/__/__/Drivers/STM32F7xx_HAL_Driver/Src/stm32f7xx_hal_can.c.obj
                0x08001756                HAL_CAN_RxFifo1FullCallback
 .text.HAL_CAN_SleepCallback
                0x0800176a       0x14 cmake/stm32cubemx/CMakeFiles/STM32_Drivers.dir/__/__/Drivers/STM32F7xx_HAL_Driver/Src/stm32f7xx_hal_can.c.obj
                0x0800176a                HAL_CAN_SleepCallback
 .text.HAL_CAN_WakeUpFromRxMsgCallback
                0x0800177e       0x14 cmake/stm32cubemx/CMakeFiles/STM32_Drivers.dir/__/__/Drivers/STM32F7xx_HAL_Driver/Src/stm32f7xx_hal_can.c.obj
                0x0800177e                HAL_CAN_WakeUpFromRxMsgCallback
 .text.HAL_CAN_ErrorCallback
                0x08001792       0x14 cmake/stm32cubemx/CMakeFiles/STM32_Drivers.dir/__/__/Drivers/STM32F7xx_HAL_Driver/Src/stm32f7xx_hal_can.c.obj
                0x08001792                HAL_CAN_ErrorCallback
 *fill*         0x080017a6        0x2 
 .text.HAL_RCC_OscConfig
                0x080017a8      0x6e0 cmake/stm32cubemx/CMakeFiles/STM32_Drivers.dir/__/__/Drivers/STM32F7xx_HAL_Driver/Src/stm32f7xx_hal_rcc.c.obj
                0x080017a8                HAL_RCC_OscConfig
 .text.HAL_RCC_ClockConfig
                0x08001e88      0x350 cmake/stm32cubemx/CMakeFiles/STM32_Drivers.dir/__/__/Drivers/STM32F7xx_HAL_Driver/Src/stm32f7xx_hal_rcc.c.obj
                0x08001e88                HAL_RCC_ClockConfig
 .text.HAL_RCC_GetSysClockFreq
                0x080021d8      0x20c cmake/stm32cubemx/CMakeFiles/STM32_Drivers.dir/__/__/Drivers/STM32F7xx_HAL_Driver/Src/stm32f7xx_hal_rcc.c.obj
                0x080021d8                HAL_RCC_GetSysClockFreq
 .text.HAL_RCCEx_PeriphCLKConfig
                0x080023e4     0x10d4 cmake/stm32cubemx/CMakeFiles/STM32_Drivers.dir/__/__/Drivers/STM32F7xx_HAL_Driver/Src/stm32f7xx_hal_rcc_ex.c.obj
                0x080023e4                HAL_RCCEx_PeriphCLKConfig
 .text.HAL_GPIO_Init
                0x080034b8      0x700 cmake/stm32cubemx/CMakeFiles/STM32_Drivers.dir/__/__/Drivers/STM32F7xx_HAL_Driver/Src/stm32f7xx_hal_gpio.c.obj
                0x080034b8                HAL_GPIO_Init
 .text.HAL_GPIO_WritePin
                0x08003bb8       0x58 cmake/stm32cubemx/CMakeFiles/STM32_Drivers.dir/__/__/Drivers/STM32F7xx_HAL_Driver/Src/stm32f7xx_hal_gpio.c.obj
                0x08003bb8                HAL_GPIO_WritePin
 .text.HAL_PWREx_EnableOverDrive
                0x08003c10       0xa0 cmake/stm32cubemx/CMakeFiles/STM32_Drivers.dir/__/__/Drivers/STM32F7xx_HAL_Driver/Src/stm32f7xx_hal_pwr_ex.c.obj
                0x08003c10                HAL_PWREx_EnableOverDrive
 .text.__NVIC_SetPriorityGrouping
                0x08003cb0       0x48 cmake/stm32cubemx/CMakeFiles/STM32_Drivers.dir/__/__/Drivers/STM32F7xx_HAL_Driver/Src/stm32f7xx_hal_cortex.c.obj
 .text.__NVIC_GetPriorityGrouping
                0x08003cf8       0x1c cmake/stm32cubemx/CMakeFiles/STM32_Drivers.dir/__/__/Drivers/STM32F7xx_HAL_Driver/Src/stm32f7xx_hal_cortex.c.obj
 .text.__NVIC_EnableIRQ
                0x08003d14       0x3c cmake/stm32cubemx/CMakeFiles/STM32_Drivers.dir/__/__/Drivers/STM32F7xx_HAL_Driver/Src/stm32f7xx_hal_cortex.c.obj
 .text.__NVIC_SetPriority
                0x08003d50       0x54 cmake/stm32cubemx/CMakeFiles/STM32_Drivers.dir/__/__/Drivers/STM32F7xx_HAL_Driver/Src/stm32f7xx_hal_cortex.c.obj
 .text.NVIC_EncodePriority
                0x08003da4       0x66 cmake/stm32cubemx/CMakeFiles/STM32_Drivers.dir/__/__/Drivers/STM32F7xx_HAL_Driver/Src/stm32f7xx_hal_cortex.c.obj
 *fill*         0x08003e0a        0x2 
 .text.SysTick_Config
                0x08003e0c       0x44 cmake/stm32cubemx/CMakeFiles/STM32_Drivers.dir/__/__/Drivers/STM32F7xx_HAL_Driver/Src/stm32f7xx_hal_cortex.c.obj
 .text.HAL_NVIC_SetPriorityGrouping
                0x08003e50       0x40 cmake/stm32cubemx/CMakeFiles/STM32_Drivers.dir/__/__/Drivers/STM32F7xx_HAL_Driver/Src/stm32f7xx_hal_cortex.c.obj
                0x08003e50                HAL_NVIC_SetPriorityGrouping
 .text.HAL_NVIC_SetPriority
                0x08003e90       0x58 cmake/stm32cubemx/CMakeFiles/STM32_Drivers.dir/__/__/Drivers/STM32F7xx_HAL_Driver/Src/stm32f7xx_hal_cortex.c.obj
                0x08003e90                HAL_NVIC_SetPriority
 .text.HAL_NVIC_EnableIRQ
                0x08003ee8       0x30 cmake/stm32cubemx/CMakeFiles/STM32_Drivers.dir/__/__/Drivers/STM32F7xx_HAL_Driver/Src/stm32f7xx_hal_cortex.c.obj
                0x08003ee8                HAL_NVIC_EnableIRQ
 .text.HAL_SYSTICK_Config
                0x08003f18       0x18 cmake/stm32cubemx/CMakeFiles/STM32_Drivers.dir/__/__/Drivers/STM32F7xx_HAL_Driver/Src/stm32f7xx_hal_cortex.c.obj
                0x08003f18                HAL_SYSTICK_Config
 .text.HAL_MPU_Disable
                0x08003f30       0x30 cmake/stm32cubemx/CMakeFiles/STM32_Drivers.dir/__/__/Drivers/STM32F7xx_HAL_Driver/Src/stm32f7xx_hal_cortex.c.obj
                0x08003f30                HAL_MPU_Disable
 .text.HAL_MPU_Enable
                0x08003f60       0x40 cmake/stm32cubemx/CMakeFiles/STM32_Drivers.dir/__/__/Drivers/STM32F7xx_HAL_Driver/Src/stm32f7xx_hal_cortex.c.obj
                0x08003f60                HAL_MPU_Enable
 .text.HAL_MPU_ConfigRegion
                0x08003fa0      0x2ac cmake/stm32cubemx/CMakeFiles/STM32_Drivers.dir/__/__/Drivers/STM32F7xx_HAL_Driver/Src/stm32f7xx_hal_cortex.c.obj
                0x08003fa0                HAL_MPU_ConfigRegion
 .text.HAL_Init
                0x0800424c       0x1a cmake/stm32cubemx/CMakeFiles/STM32_Drivers.dir/__/__/Drivers/STM32F7xx_HAL_Driver/Src/stm32f7xx_hal.c.obj
                0x0800424c                HAL_Init
 *fill*         0x08004266        0x2 
 .text.HAL_InitTick
                0x08004268       0x60 cmake/stm32cubemx/CMakeFiles/STM32_Drivers.dir/__/__/Drivers/STM32F7xx_HAL_Driver/Src/stm32f7xx_hal.c.obj
                0x08004268                HAL_InitTick
 .text.HAL_IncTick
                0x080042c8       0x28 cmake/stm32cubemx/CMakeFiles/STM32_Drivers.dir/__/__/Drivers/STM32F7xx_HAL_Driver/Src/stm32f7xx_hal.c.obj
                0x080042c8                HAL_IncTick
 .text.HAL_GetTick
                0x080042f0       0x18 cmake/stm32cubemx/CMakeFiles/STM32_Drivers.dir/__/__/Drivers/STM32F7xx_HAL_Driver/Src/stm32f7xx_hal.c.obj
                0x080042f0                HAL_GetTick
 .text.HAL_Delay
                0x08004308       0x48 cmake/stm32cubemx/CMakeFiles/STM32_Drivers.dir/__/__/Drivers/STM32F7xx_HAL_Driver/Src/stm32f7xx_hal.c.obj
                0x08004308                HAL_Delay
 .text.HAL_I2C_Init
                0x08004350      0x25c cmake/stm32cubemx/CMakeFiles/STM32_Drivers.dir/__/__/Drivers/STM32F7xx_HAL_Driver/Src/stm32f7xx_hal_i2c.c.obj
                0x08004350                HAL_I2C_Init
 .text.HAL_I2C_Master_Transmit
                0x080045ac      0x230 cmake/stm32cubemx/CMakeFiles/STM32_Drivers.dir/__/__/Drivers/STM32F7xx_HAL_Driver/Src/stm32f7xx_hal_i2c.c.obj
                0x080045ac                HAL_I2C_Master_Transmit
 .text.HAL_I2C_Master_Receive
                0x080047dc      0x1ec cmake/stm32cubemx/CMakeFiles/STM32_Drivers.dir/__/__/Drivers/STM32F7xx_HAL_Driver/Src/stm32f7xx_hal_i2c.c.obj
                0x080047dc                HAL_I2C_Master_Receive
 .text.I2C_Flush_TXDR
                0x080049c8       0x48 cmake/stm32cubemx/CMakeFiles/STM32_Drivers.dir/__/__/Drivers/STM32F7xx_HAL_Driver/Src/stm32f7xx_hal_i2c.c.obj
 .text.I2C_WaitOnFlagUntilTimeout
                0x08004a10       0xb2 cmake/stm32cubemx/CMakeFiles/STM32_Drivers.dir/__/__/Drivers/STM32F7xx_HAL_Driver/Src/stm32f7xx_hal_i2c.c.obj
 .text.I2C_WaitOnTXISFlagUntilTimeout
                0x08004ac2       0x8e cmake/stm32cubemx/CMakeFiles/STM32_Drivers.dir/__/__/Drivers/STM32F7xx_HAL_Driver/Src/stm32f7xx_hal_i2c.c.obj
 .text.I2C_WaitOnSTOPFlagUntilTimeout
                0x08004b50       0x86 cmake/stm32cubemx/CMakeFiles/STM32_Drivers.dir/__/__/Drivers/STM32F7xx_HAL_Driver/Src/stm32f7xx_hal_i2c.c.obj
 *fill*         0x08004bd6        0x2 
 .text.I2C_WaitOnRXNEFlagUntilTimeout
                0x08004bd8      0x118 cmake/stm32cubemx/CMakeFiles/STM32_Drivers.dir/__/__/Drivers/STM32F7xx_HAL_Driver/Src/stm32f7xx_hal_i2c.c.obj
 .text.I2C_IsErrorOccurred
                0x08004cf0      0x1c0 cmake/stm32cubemx/CMakeFiles/STM32_Drivers.dir/__/__/Drivers/STM32F7xx_HAL_Driver/Src/stm32f7xx_hal_i2c.c.obj
 .text.I2C_TransferConfig
                0x08004eb0       0xf8 cmake/stm32cubemx/CMakeFiles/STM32_Drivers.dir/__/__/Drivers/STM32F7xx_HAL_Driver/Src/stm32f7xx_hal_i2c.c.obj
 .text.HAL_I2CEx_ConfigAnalogFilter
                0x08004fa8       0xec cmake/stm32cubemx/CMakeFiles/STM32_Drivers.dir/__/__/Drivers/STM32F7xx_HAL_Driver/Src/stm32f7xx_hal_i2c_ex.c.obj
                0x08004fa8                HAL_I2CEx_ConfigAnalogFilter
 .text.HAL_I2CEx_ConfigDigitalFilter
                0x08005094       0xe8 cmake/stm32cubemx/CMakeFiles/STM32_Drivers.dir/__/__/Drivers/STM32F7xx_HAL_Driver/Src/stm32f7xx_hal_i2c_ex.c.obj
                0x08005094                HAL_I2CEx_ConfigDigitalFilter
 .text.FMC_NORSRAM_Init
                0x0800517c      0x2ec cmake/stm32cubemx/CMakeFiles/STM32_Drivers.dir/__/__/Drivers/STM32F7xx_HAL_Driver/Src/stm32f7xx_ll_fmc.c.obj
                0x0800517c                FMC_NORSRAM_Init
 .text.FMC_NORSRAM_Timing_Init
                0x08005468      0x184 cmake/stm32cubemx/CMakeFiles/STM32_Drivers.dir/__/__/Drivers/STM32F7xx_HAL_Driver/Src/stm32f7xx_ll_fmc.c.obj
                0x08005468                FMC_NORSRAM_Timing_Init
 .text.FMC_NORSRAM_Extended_Timing_Init
                0x080055ec      0x148 cmake/stm32cubemx/CMakeFiles/STM32_Drivers.dir/__/__/Drivers/STM32F7xx_HAL_Driver/Src/stm32f7xx_ll_fmc.c.obj
                0x080055ec                FMC_NORSRAM_Extended_Timing_Init
 .text.HAL_SRAM_Init
                0x08005734       0x90 cmake/stm32cubemx/CMakeFiles/STM32_Drivers.dir/__/__/Drivers/STM32F7xx_HAL_Driver/Src/stm32f7xx_hal_sram.c.obj
                0x08005734                HAL_SRAM_Init
 .text.HAL_SPI_Init
                0x080057c4      0x418 cmake/stm32cubemx/CMakeFiles/STM32_Drivers.dir/__/__/Drivers/STM32F7xx_HAL_Driver/Src/stm32f7xx_hal_spi.c.obj
                0x080057c4                HAL_SPI_Init
 .text.HAL_TIM_PWM_Init
                0x08005bdc      0x248 cmake/stm32cubemx/CMakeFiles/STM32_Drivers.dir/__/__/Drivers/STM32F7xx_HAL_Driver/Src/stm32f7xx_hal_tim.c.obj
                0x08005bdc                HAL_TIM_PWM_Init
 .text.HAL_TIM_PWM_Start
                0x08005e24      0x394 cmake/stm32cubemx/CMakeFiles/STM32_Drivers.dir/__/__/Drivers/STM32F7xx_HAL_Driver/Src/stm32f7xx_hal_tim.c.obj
                0x08005e24                HAL_TIM_PWM_Start
 .text.HAL_TIM_PWM_ConfigChannel
                0x080061b8      0x4d0 cmake/stm32cubemx/CMakeFiles/STM32_Drivers.dir/__/__/Drivers/STM32F7xx_HAL_Driver/Src/stm32f7xx_hal_tim.c.obj
                0x080061b8                HAL_TIM_PWM_ConfigChannel
 .text.TIM_Base_SetConfig
                0x08006688      0x14c cmake/stm32cubemx/CMakeFiles/STM32_Drivers.dir/__/__/Drivers/STM32F7xx_HAL_Driver/Src/stm32f7xx_hal_tim.c.obj
                0x08006688                TIM_Base_SetConfig
 .text.TIM_OC1_SetConfig
                0x080067d4      0x138 cmake/stm32cubemx/CMakeFiles/STM32_Drivers.dir/__/__/Drivers/STM32F7xx_HAL_Driver/Src/stm32f7xx_hal_tim.c.obj
 .text.TIM_OC2_SetConfig
                0x0800690c      0x140 cmake/stm32cubemx/CMakeFiles/STM32_Drivers.dir/__/__/Drivers/STM32F7xx_HAL_Driver/Src/stm32f7xx_hal_tim.c.obj
                0x0800690c                TIM_OC2_SetConfig
 .text.TIM_OC3_SetConfig
                0x08006a4c      0x140 cmake/stm32cubemx/CMakeFiles/STM32_Drivers.dir/__/__/Drivers/STM32F7xx_HAL_Driver/Src/stm32f7xx_hal_tim.c.obj
 .text.TIM_OC4_SetConfig
                0x08006b8c       0xcc cmake/stm32cubemx/CMakeFiles/STM32_Drivers.dir/__/__/Drivers/STM32F7xx_HAL_Driver/Src/stm32f7xx_hal_tim.c.obj
 .text.TIM_OC5_SetConfig
                0x08006c58       0xa4 cmake/stm32cubemx/CMakeFiles/STM32_Drivers.dir/__/__/Drivers/STM32F7xx_HAL_Driver/Src/stm32f7xx_hal_tim.c.obj
 .text.TIM_OC6_SetConfig
                0x08006cfc       0xa8 cmake/stm32cubemx/CMakeFiles/STM32_Drivers.dir/__/__/Drivers/STM32F7xx_HAL_Driver/Src/stm32f7xx_hal_tim.c.obj
 .text.TIM_CCxChannelCmd
                0x08006da4      0x114 cmake/stm32cubemx/CMakeFiles/STM32_Drivers.dir/__/__/Drivers/STM32F7xx_HAL_Driver/Src/stm32f7xx_hal_tim.c.obj
                0x08006da4                TIM_CCxChannelCmd
 .text.HAL_PCD_Init
                0x08006eb8      0x250 cmake/stm32cubemx/CMakeFiles/STM32_Drivers.dir/__/__/Drivers/STM32F7xx_HAL_Driver/Src/stm32f7xx_hal_pcd.c.obj
                0x08006eb8                HAL_PCD_Init
 .text.HAL_PCDEx_ActivateLPM
                0x08007108       0x48 cmake/stm32cubemx/CMakeFiles/STM32_Drivers.dir/__/__/Drivers/STM32F7xx_HAL_Driver/Src/stm32f7xx_hal_pcd_ex.c.obj
                0x08007108                HAL_PCDEx_ActivateLPM
 .text.USB_CoreInit
                0x08007150       0xb4 cmake/stm32cubemx/CMakeFiles/STM32_Drivers.dir/__/__/Drivers/STM32F7xx_HAL_Driver/Src/stm32f7xx_ll_usb.c.obj
                0x08007150                USB_CoreInit
 .text.USB_DisableGlobalInt
                0x08007204       0x22 cmake/stm32cubemx/CMakeFiles/STM32_Drivers.dir/__/__/Drivers/STM32F7xx_HAL_Driver/Src/stm32f7xx_ll_usb.c.obj
                0x08007204                USB_DisableGlobalInt
 .text.USB_SetCurrentMode
                0x08007226       0x98 cmake/stm32cubemx/CMakeFiles/STM32_Drivers.dir/__/__/Drivers/STM32F7xx_HAL_Driver/Src/stm32f7xx_ll_usb.c.obj
                0x08007226                USB_SetCurrentMode
 *fill*         0x080072be        0x2 
 .text.USB_DevInit
                0x080072c0      0x2bc cmake/stm32cubemx/CMakeFiles/STM32_Drivers.dir/__/__/Drivers/STM32F7xx_HAL_Driver/Src/stm32f7xx_ll_usb.c.obj
                0x080072c0                USB_DevInit
 .text.USB_FlushTxFifo
                0x0800757c       0x64 cmake/stm32cubemx/CMakeFiles/STM32_Drivers.dir/__/__/Drivers/STM32F7xx_HAL_Driver/Src/stm32f7xx_ll_usb.c.obj
                0x0800757c                USB_FlushTxFifo
 .text.USB_FlushRxFifo
                0x080075e0       0x5c cmake/stm32cubemx/CMakeFiles/STM32_Drivers.dir/__/__/Drivers/STM32F7xx_HAL_Driver/Src/stm32f7xx_ll_usb.c.obj
                0x080075e0                USB_FlushRxFifo
 .text.USB_SetDevSpeed
                0x0800763c       0x32 cmake/stm32cubemx/CMakeFiles/STM32_Drivers.dir/__/__/Drivers/STM32F7xx_HAL_Driver/Src/stm32f7xx_ll_usb.c.obj
                0x0800763c                USB_SetDevSpeed
 .text.USB_DevDisconnect
                0x0800766e       0x42 cmake/stm32cubemx/CMakeFiles/STM32_Drivers.dir/__/__/Drivers/STM32F7xx_HAL_Driver/Src/stm32f7xx_ll_usb.c.obj
                0x0800766e                USB_DevDisconnect
 .text.USB_GetMode
                0x080076b0       0x1c cmake/stm32cubemx/CMakeFiles/STM32_Drivers.dir/__/__/Drivers/STM32F7xx_HAL_Driver/Src/stm32f7xx_ll_usb.c.obj
                0x080076b0                USB_GetMode
 .text.USB_CoreReset
                0x080076cc       0x70 cmake/stm32cubemx/CMakeFiles/STM32_Drivers.dir/__/__/Drivers/STM32F7xx_HAL_Driver/Src/stm32f7xx_ll_usb.c.obj
 .text.LCD_SetBrightness
                0x0800773c       0x48 CMakeFiles/SSD1963_LCD.dir/Core/Src/main.c.obj
 .text.main     0x08007784      0x3a4 CMakeFiles/SSD1963_LCD.dir/Core/Src/main.c.obj
                0x08007784                main
 .text.SystemClock_Config
                0x08007b28       0xe0 CMakeFiles/SSD1963_LCD.dir/Core/Src/main.c.obj
                0x08007b28                SystemClock_Config
 .text.CAN2_StartNormal
                0x08007c08       0x7c CMakeFiles/SSD1963_LCD.dir/Core/Src/main.c.obj
                0x08007c08                CAN2_StartNormal
 .text.CAN2_SendStd
                0x08007c84       0x54 CMakeFiles/SSD1963_LCD.dir/Core/Src/main.c.obj
                0x08007c84                CAN2_SendStd
 .text.HAL_CAN_RxFifo0MsgPendingCallback
                0x08007cd8       0x5c CMakeFiles/SSD1963_LCD.dir/Core/Src/main.c.obj
                0x08007cd8                HAL_CAN_RxFifo0MsgPendingCallback
 .text.CAN2_RxQueue_Push
                0x08007d34       0xb8 CMakeFiles/SSD1963_LCD.dir/Core/Src/main.c.obj
 .text.CAN2_RxQueue_Pop
                0x08007dec       0x78 CMakeFiles/SSD1963_LCD.dir/Core/Src/main.c.obj
 .text.MPU_Config
                0x08007e64       0x7a CMakeFiles/SSD1963_LCD.dir/Core/Src/main.c.obj
 .text.Error_Handler
                0x08007ede        0xc CMakeFiles/SSD1963_LCD.dir/Core/Src/main.c.obj
                0x08007ede                Error_Handler
 .text.assert_failed
                0x08007eea       0x16 CMakeFiles/SSD1963_LCD.dir/Core/Src/main.c.obj
                0x08007eea                assert_failed
 .text.MX_GPIO_Init
                0x08007f00       0xfc CMakeFiles/SSD1963_LCD.dir/Core/Src/gpio.c.obj
                0x08007f00                MX_GPIO_Init
 .text.MX_CAN2_Init
                0x08007ffc       0x70 CMakeFiles/SSD1963_LCD.dir/Core/Src/can.c.obj
                0x08007ffc                MX_CAN2_Init
 .text.HAL_CAN_MspInit
                0x0800806c       0xd0 CMakeFiles/SSD1963_LCD.dir/Core/Src/can.c.obj
                0x0800806c                HAL_CAN_MspInit
 .text.MX_FMC_Init
                0x0800813c       0xc4 CMakeFiles/SSD1963_LCD.dir/Core/Src/fmc.c.obj
                0x0800813c                MX_FMC_Init
 .text.HAL_FMC_MspInit
                0x08008200       0x94 CMakeFiles/SSD1963_LCD.dir/Core/Src/fmc.c.obj
 .text.HAL_SRAM_MspInit
                0x08008294       0x14 CMakeFiles/SSD1963_LCD.dir/Core/Src/fmc.c.obj
                0x08008294                HAL_SRAM_MspInit
 .text.MX_I2C1_Init
                0x080082a8       0x80 CMakeFiles/SSD1963_LCD.dir/Core/Src/i2c.c.obj
                0x080082a8                MX_I2C1_Init
 .text.HAL_I2C_MspInit
                0x08008328       0xc0 CMakeFiles/SSD1963_LCD.dir/Core/Src/i2c.c.obj
                0x08008328                HAL_I2C_MspInit
 .text.MX_SPI3_Init
                0x080083e8       0x7c CMakeFiles/SSD1963_LCD.dir/Core/Src/spi.c.obj
                0x080083e8                MX_SPI3_Init
 .text.HAL_SPI_MspInit
                0x08008464       0x88 CMakeFiles/SSD1963_LCD.dir/Core/Src/spi.c.obj
                0x08008464                HAL_SPI_MspInit
 .text.MX_TIM12_Init
                0x080084ec       0x8c CMakeFiles/SSD1963_LCD.dir/Core/Src/tim.c.obj
                0x080084ec                MX_TIM12_Init
 .text.HAL_TIM_PWM_MspInit
                0x08008578       0x40 CMakeFiles/SSD1963_LCD.dir/Core/Src/tim.c.obj
                0x08008578                HAL_TIM_PWM_MspInit
 .text.HAL_TIM_MspPostInit
                0x080085b8       0x70 CMakeFiles/SSD1963_LCD.dir/Core/Src/tim.c.obj
                0x080085b8                HAL_TIM_MspPostInit
 .text.MX_USB_OTG_FS_PCD_Init
                0x08008628       0x5c CMakeFiles/SSD1963_LCD.dir/Core/Src/usb_otg.c.obj
                0x08008628                MX_USB_OTG_FS_PCD_Init
 .text.HAL_PCD_MspInit
                0x08008684       0xd4 CMakeFiles/SSD1963_LCD.dir/Core/Src/usb_otg.c.obj
                0x08008684                HAL_PCD_MspInit
 .text.NMI_Handler
                0x08008758        0x8 CMakeFiles/SSD1963_LCD.dir/Core/Src/stm32f7xx_it.c.obj
                0x08008758                NMI_Handler
 .text.HardFault_Handler
                0x08008760        0x8 CMakeFiles/SSD1963_LCD.dir/Core/Src/stm32f7xx_it.c.obj
                0x08008760                HardFault_Handler
 .text.MemManage_Handler
                0x08008768        0x8 CMakeFiles/SSD1963_LCD.dir/Core/Src/stm32f7xx_it.c.obj
                0x08008768                MemManage_Handler
 .text.BusFault_Handler
                0x08008770        0x8 CMakeFiles/SSD1963_LCD.dir/Core/Src/stm32f7xx_it.c.obj
                0x08008770                BusFault_Handler
 .text.UsageFault_Handler
                0x08008778        0x8 CMakeFiles/SSD1963_LCD.dir/Core/Src/stm32f7xx_it.c.obj
                0x08008778                UsageFault_Handler
 .text.SVC_Handler
                0x08008780        0xe CMakeFiles/SSD1963_LCD.dir/Core/Src/stm32f7xx_it.c.obj
                0x08008780                SVC_Handler
 .text.DebugMon_Handler
                0x0800878e        0xe CMakeFiles/SSD1963_LCD.dir/Core/Src/stm32f7xx_it.c.obj
                0x0800878e                DebugMon_Handler
 .text.PendSV_Handler
                0x0800879c        0xe CMakeFiles/SSD1963_LCD.dir/Core/Src/stm32f7xx_it.c.obj
                0x0800879c                PendSV_Handler
 .text.SysTick_Handler
                0x080087aa        0xc CMakeFiles/SSD1963_LCD.dir/Core/Src/stm32f7xx_it.c.obj
                0x080087aa                SysTick_Handler
 *fill*         0x080087b6        0x2 
 .text.CAN2_TX_IRQHandler
                0x080087b8       0x14 CMakeFiles/SSD1963_LCD.dir/Core/Src/stm32f7xx_it.c.obj
                0x080087b8                CAN2_TX_IRQHandler
 .text.CAN2_RX0_IRQHandler
                0x080087cc       0x14 CMakeFiles/SSD1963_LCD.dir/Core/Src/stm32f7xx_it.c.obj
                0x080087cc                CAN2_RX0_IRQHandler
 .text.CAN2_RX1_IRQHandler
                0x080087e0       0x14 CMakeFiles/SSD1963_LCD.dir/Core/Src/stm32f7xx_it.c.obj
                0x080087e0                CAN2_RX1_IRQHandler
 .text.HAL_MspInit
                0x080087f4       0x48 CMakeFiles/SSD1963_LCD.dir/Core/Src/stm32f7xx_hal_msp.c.obj
                0x080087f4                HAL_MspInit
 .text.Reset_Handler
                0x0800883c       0x50 CMakeFiles/SSD1963_LCD.dir/startup_stm32f767xx.s.obj
                0x0800883c                Reset_Handler
 .text.Default_Handler
                0x0800888c        0x2 CMakeFiles/SSD1963_LCD.dir/startup_stm32f767xx.s.obj
                0x0800888c                DMA1_Stream3_IRQHandler
                0x0800888c                EXTI2_IRQHandler
                0x0800888c                TIM8_CC_IRQHandler
                0x0800888c                UART8_IRQHandler
                0x0800888c                SPI4_IRQHandler
                0x0800888c                TIM1_CC_IRQHandler
                0x0800888c                DMA2_Stream5_IRQHandler
                0x0800888c                JPEG_IRQHandler
                0x0800888c                DMA1_Stream5_IRQHandler
                0x0800888c                CAN3_RX1_IRQHandler
                0x0800888c                PVD_IRQHandler
                0x0800888c                TAMP_STAMP_IRQHandler
                0x0800888c                EXTI3_IRQHandler
                0x0800888c                TIM8_TRG_COM_TIM14_IRQHandler
                0x0800888c                DFSDM1_FLT1_IRQHandler
                0x0800888c                TIM1_UP_TIM10_IRQHandler
                0x0800888c                TIM8_UP_TIM13_IRQHandler
                0x0800888c                I2C3_ER_IRQHandler
                0x0800888c                DFSDM1_FLT2_IRQHandler
                0x0800888c                EXTI0_IRQHandler
                0x0800888c                I2C2_EV_IRQHandler
                0x0800888c                DMA1_Stream2_IRQHandler
                0x0800888c                CAN1_RX0_IRQHandler
                0x0800888c                FPU_IRQHandler
                0x0800888c                OTG_HS_WKUP_IRQHandler
                0x0800888c                CAN3_SCE_IRQHandler
                0x0800888c                LTDC_ER_IRQHandler
                0x0800888c                CAN2_SCE_IRQHandler
                0x0800888c                DMA2_Stream2_IRQHandler
                0x0800888c                SPI1_IRQHandler
                0x0800888c                TIM6_DAC_IRQHandler
                0x0800888c                TIM1_BRK_TIM9_IRQHandler
                0x0800888c                DCMI_IRQHandler
                0x0800888c                DMA2_Stream3_IRQHandler
                0x0800888c                SAI2_IRQHandler
                0x0800888c                DFSDM1_FLT3_IRQHandler
                0x0800888c                USART6_IRQHandler
                0x0800888c                CAN3_RX0_IRQHandler
                0x0800888c                USART3_IRQHandler
                0x0800888c                CAN1_RX1_IRQHandler
                0x0800888c                UART5_IRQHandler
                0x0800888c                DMA2_Stream0_IRQHandler
                0x0800888c                TIM4_IRQHandler
                0x0800888c                QUADSPI_IRQHandler
                0x0800888c                I2C1_EV_IRQHandler
                0x0800888c                DMA1_Stream6_IRQHandler
                0x0800888c                DMA1_Stream1_IRQHandler
                0x0800888c                UART4_IRQHandler
                0x0800888c                TIM3_IRQHandler
                0x0800888c                RCC_IRQHandler
                0x0800888c                TIM8_BRK_TIM12_IRQHandler
                0x0800888c                Default_Handler
                0x0800888c                CEC_IRQHandler
                0x0800888c                EXTI15_10_IRQHandler
                0x0800888c                ADC_IRQHandler
                0x0800888c                DMA1_Stream7_IRQHandler
                0x0800888c                SPI5_IRQHandler
                0x0800888c                TIM7_IRQHandler
                0x0800888c                SDMMC1_IRQHandler
                0x0800888c                TIM5_IRQHandler
                0x0800888c                DMA2_Stream7_IRQHandler
                0x0800888c                I2C3_EV_IRQHandler
                0x0800888c                EXTI9_5_IRQHandler
                0x0800888c                RTC_WKUP_IRQHandler
                0x0800888c                LTDC_IRQHandler
                0x0800888c                ETH_WKUP_IRQHandler
                0x0800888c                SPDIF_RX_IRQHandler
                0x0800888c                SPI2_IRQHandler
                0x0800888c                OTG_HS_EP1_IN_IRQHandler
                0x0800888c                DMA1_Stream0_IRQHandler
                0x0800888c                CAN1_TX_IRQHandler
                0x0800888c                EXTI4_IRQHandler
                0x0800888c                RNG_IRQHandler
                0x0800888c                ETH_IRQHandler
                0x0800888c                OTG_HS_EP1_OUT_IRQHandler
                0x0800888c                WWDG_IRQHandler
                0x0800888c                SPI6_IRQHandler
                0x0800888c                MDIOS_IRQHandler
                0x0800888c                I2C4_EV_IRQHandler
                0x0800888c                CAN3_TX_IRQHandler
                0x0800888c                TIM2_IRQHandler
                0x0800888c                OTG_FS_WKUP_IRQHandler
                0x0800888c                TIM1_TRG_COM_TIM11_IRQHandler
                0x0800888c                OTG_HS_IRQHandler
                0x0800888c                DMA2D_IRQHandler
                0x0800888c                EXTI1_IRQHandler
                0x0800888c                SDMMC2_IRQHandler
                0x0800888c                UART7_IRQHandler
                0x0800888c                USART2_IRQHandler
                0x0800888c                DFSDM1_FLT0_IRQHandler
                0x0800888c                I2C2_ER_IRQHandler
                0x0800888c                DMA2_Stream1_IRQHandler
                0x0800888c                CAN1_SCE_IRQHandler
                0x0800888c                FLASH_IRQHandler
                0x0800888c                DMA2_Stream4_IRQHandler
                0x0800888c                USART1_IRQHandler
                0x0800888c                OTG_FS_IRQHandler
                0x0800888c                SPI3_IRQHandler
                0x0800888c                DMA1_Stream4_IRQHandler
                0x0800888c                I2C1_ER_IRQHandler
                0x0800888c                FMC_IRQHandler
                0x0800888c                LPTIM1_IRQHandler
                0x0800888c                I2C4_ER_IRQHandler
                0x0800888c                DMA2_Stream6_IRQHandler
                0x0800888c                SAI1_IRQHandler
                0x0800888c                RTC_Alarm_IRQHandler
 *fill*         0x0800888e        0x2 
 .text.needle_triangle_ex
                0x08008890      0x188 CMakeFiles/SSD1963_LCD.dir/Core/Src/dashboard.c.obj
 .text.draw_needle_hub
                0x08008a18       0x38 CMakeFiles/SSD1963_LCD.dir/Core/Src/dashboard.c.obj
 .text.restore_gauge_hline
                0x08008a50      0x124 CMakeFiles/SSD1963_LCD.dir/Core/Src/dashboard.c.obj
 .text.fill_flat_triangle
                0x08008b74       0xf8 CMakeFiles/SSD1963_LCD.dir/Core/Src/dashboard.c.obj
 .text.fill_flat_triangle_up
                0x08008c6c       0xf8 CMakeFiles/SSD1963_LCD.dir/Core/Src/dashboard.c.obj
 .text.restore_flat_triangle
                0x08008d64       0xf4 CMakeFiles/SSD1963_LCD.dir/Core/Src/dashboard.c.obj
 .text.restore_flat_triangle_up
                0x08008e58       0xf4 CMakeFiles/SSD1963_LCD.dir/Core/Src/dashboard.c.obj
 .text.restore_triangle
                0x08008f4c      0x184 CMakeFiles/SSD1963_LCD.dir/Core/Src/dashboard.c.obj
 .text.fill_triangle
                0x080090d0      0x19c CMakeFiles/SSD1963_LCD.dir/Core/Src/dashboard.c.obj
 .text.get_speed_layout
                0x0800926c       0x44 CMakeFiles/SSD1963_LCD.dir/Core/Src/dashboard.c.obj
 .text.swap_int
                0x080092b0       0x2a CMakeFiles/SSD1963_LCD.dir/Core/Src/dashboard.c.obj
 .text.draw_hline_clipped
                0x080092da       0x7e CMakeFiles/SSD1963_LCD.dir/Core/Src/dashboard.c.obj
 .text.clampi   0x08009358       0x2e CMakeFiles/SSD1963_LCD.dir/Core/Src/dashboard.c.obj
 .text.centered_icon_y
                0x08009386       0x2c CMakeFiles/SSD1963_LCD.dir/Core/Src/dashboard.c.obj
 .text.battery_icon_y
                0x080093b2       0x16 CMakeFiles/SSD1963_LCD.dir/Core/Src/dashboard.c.obj
 .text.thermo_icon_y
                0x080093c8       0x2a CMakeFiles/SSD1963_LCD.dir/Core/Src/dashboard.c.obj
 .text.water_icon_y
                0x080093f2       0x2c CMakeFiles/SSD1963_LCD.dir/Core/Src/dashboard.c.obj
 *fill*         0x0800941e        0x2 
 .text.speed_to_angle_deg
                0x08009420       0xc8 CMakeFiles/SSD1963_LCD.dir/Core/Src/dashboard.c.obj
 .text.init_needle_lut
                0x080094e8       0xf0 CMakeFiles/SSD1963_LCD.dir/Core/Src/dashboard.c.obj
 .text.needle_tip_from_speed
                0x080095d8       0x38 CMakeFiles/SSD1963_LCD.dir/Core/Src/dashboard.c.obj
 .text.draw_needle
                0x08009610       0x88 CMakeFiles/SSD1963_LCD.dir/Core/Src/dashboard.c.obj
 .text.update_needle
                0x08009698       0xac CMakeFiles/SSD1963_LCD.dir/Core/Src/dashboard.c.obj
 .text.seg_h    0x08009744       0x26 CMakeFiles/SSD1963_LCD.dir/Core/Src/dashboard.c.obj
 .text.seg_v    0x0800976a       0x26 CMakeFiles/SSD1963_LCD.dir/Core/Src/dashboard.c.obj
 .text.split_3digits
                0x08009790       0x9c CMakeFiles/SSD1963_LCD.dir/Core/Src/dashboard.c.obj
 .text.redraw_changed_digits_3
                0x0800982c       0xae CMakeFiles/SSD1963_LCD.dir/Core/Src/dashboard.c.obj
 .text.redraw_digits_3
                0x080098da       0x82 CMakeFiles/SSD1963_LCD.dir/Core/Src/dashboard.c.obj
 .text.draw_digit7
                0x0800995c      0x17c CMakeFiles/SSD1963_LCD.dir/Core/Src/dashboard.c.obj
 .text.draw_label
                0x08009ad8      0x5c8 CMakeFiles/SSD1963_LCD.dir/Core/Src/dashboard.c.obj
 .text.draw_battery_panel_value_full
                0x0800a0a0       0x96 CMakeFiles/SSD1963_LCD.dir/Core/Src/dashboard.c.obj
 .text.draw_celltemp_panel_value_full
                0x0800a136       0x78 CMakeFiles/SSD1963_LCD.dir/Core/Src/dashboard.c.obj
 .text.draw_watertemp_panel_value_full
                0x0800a1ae       0x7a CMakeFiles/SSD1963_LCD.dir/Core/Src/dashboard.c.obj
 .text.redraw_celltemp_panel_value_delta
                0x0800a228       0xb2 CMakeFiles/SSD1963_LCD.dir/Core/Src/dashboard.c.obj
 .text.redraw_watertemp_panel_value_delta
                0x0800a2da       0xb4 CMakeFiles/SSD1963_LCD.dir/Core/Src/dashboard.c.obj
 .text.redraw_battery_panel_value_delta
                0x0800a38e       0xd0 CMakeFiles/SSD1963_LCD.dir/Core/Src/dashboard.c.obj
 .text.redraw_speed_number_delta
                0x0800a45e       0x58 CMakeFiles/SSD1963_LCD.dir/Core/Src/dashboard.c.obj
 *fill*         0x0800a4b6        0x2 
 .text.draw_int7
                0x0800a4b8       0xa4 CMakeFiles/SSD1963_LCD.dir/Core/Src/dashboard.c.obj
 .text.draw_percent
                0x0800a55c       0x6a CMakeFiles/SSD1963_LCD.dir/Core/Src/dashboard.c.obj
 .text.draw_C   0x0800a5c6       0x60 CMakeFiles/SSD1963_LCD.dir/Core/Src/dashboard.c.obj
 .text.draw_value_box
                0x0800a626       0xa8 CMakeFiles/SSD1963_LCD.dir/Core/Src/dashboard.c.obj
 .text.get_value_layout
                0x0800a6ce       0x96 CMakeFiles/SSD1963_LCD.dir/Core/Src/dashboard.c.obj
 .text.icon_battery
                0x0800a764      0x168 CMakeFiles/SSD1963_LCD.dir/Core/Src/dashboard.c.obj
 .text.draw_gauge_static
                0x0800a8cc       0x44 CMakeFiles/SSD1963_LCD.dir/Core/Src/dashboard.c.obj
 .text.battery_color_for_percent
                0x0800a910       0x38 CMakeFiles/SSD1963_LCD.dir/Core/Src/dashboard.c.obj
 .text.temp_color_for_value
                0x0800a948       0x38 CMakeFiles/SSD1963_LCD.dir/Core/Src/dashboard.c.obj
 .text.draw_speed_number
                0x0800a980       0x4a CMakeFiles/SSD1963_LCD.dir/Core/Src/dashboard.c.obj
 *fill*         0x0800a9ca        0x2 
 .text.draw_battery_panel_static
                0x0800a9cc       0x68 CMakeFiles/SSD1963_LCD.dir/Core/Src/dashboard.c.obj
 .text.draw_celltemp_panel_static
                0x0800aa34       0x6c CMakeFiles/SSD1963_LCD.dir/Core/Src/dashboard.c.obj
 .text.draw_watertemp_panel_static
                0x0800aaa0       0x70 CMakeFiles/SSD1963_LCD.dir/Core/Src/dashboard.c.obj
 .text.dash_init
                0x0800ab10       0xd8 CMakeFiles/SSD1963_LCD.dir/Core/Src/dashboard.c.obj
                0x0800ab10                dash_init
 .text.dash_update
                0x0800abe8      0x138 CMakeFiles/SSD1963_LCD.dir/Core/Src/dashboard.c.obj
                0x0800abe8                dash_update
 .text.draw_UGR_logo
                0x0800ad20       0x28 CMakeFiles/SSD1963_LCD.dir/Core/Src/dashboard.c.obj
                0x0800ad20                draw_UGR_logo
 .text.draw_big_UGR_logo
                0x0800ad48       0x24 CMakeFiles/SSD1963_LCD.dir/Core/Src/dashboard.c.obj
                0x0800ad48                draw_big_UGR_logo
 .text.dash_get_area
                0x0800ad6c       0x68 CMakeFiles/SSD1963_LCD.dir/Core/Src/dashboard.c.obj
                0x0800ad6c                dash_get_area
 .text.lcd_cmd  0x0800add4       0x1e CMakeFiles/SSD1963_LCD.dir/Core/Src/ssd1963.c.obj
 *fill*         0x0800adf2        0x2 
 .text.lcd_dat  0x0800adf4       0x20 CMakeFiles/SSD1963_LCD.dir/Core/Src/ssd1963.c.obj
 .text.ssd_write_reg8
                0x0800ae14       0x2a CMakeFiles/SSD1963_LCD.dir/Core/Src/ssd1963.c.obj
 .text.ssd_write_reg
                0x0800ae3e       0x42 CMakeFiles/SSD1963_LCD.dir/Core/Src/ssd1963.c.obj
 .text.ssd_soft_reset
                0x0800ae80       0x14 CMakeFiles/SSD1963_LCD.dir/Core/Src/ssd1963.c.obj
 .text.SSD1963_SetWindow
                0x0800ae94       0x98 CMakeFiles/SSD1963_LCD.dir/Core/Src/ssd1963.c.obj
                0x0800ae94                SSD1963_SetWindow
 .text.SSD1963_Fill
                0x0800af2c       0x4c CMakeFiles/SSD1963_LCD.dir/Core/Src/ssd1963.c.obj
                0x0800af2c                SSD1963_Fill
 .text.SSD1963_DrawPixel
                0x0800af78       0x44 CMakeFiles/SSD1963_LCD.dir/Core/Src/ssd1963.c.obj
                0x0800af78                SSD1963_DrawPixel
 .text.SSD1963_FillRect
                0x0800afbc       0xbc CMakeFiles/SSD1963_LCD.dir/Core/Src/ssd1963.c.obj
                0x0800afbc                SSD1963_FillRect
 .text.SSD1963_WritePixels
                0x0800b078       0x44 CMakeFiles/SSD1963_LCD.dir/Core/Src/ssd1963.c.obj
                0x0800b078                SSD1963_WritePixels
 .text.ssd_set_madctl_landscape
                0x0800b0bc       0x1c CMakeFiles/SSD1963_LCD.dir/Core/Src/ssd1963.c.obj
 .text.SSD1963_Init
                0x0800b0d8      0x140 CMakeFiles/SSD1963_LCD.dir/Core/Src/ssd1963.c.obj
                0x0800b0d8                SSD1963_Init
 .text.clampi   0x0800b218       0x2e CMakeFiles/SSD1963_LCD.dir/Core/Src/gfx.c.obj
 .text.gfx_fill_rect
                0x0800b246       0x72 CMakeFiles/SSD1963_LCD.dir/Core/Src/gfx.c.obj
                0x0800b246                gfx_fill_rect
 .text.gfx_blit565
                0x0800b2b8      0x134 CMakeFiles/SSD1963_LCD.dir/Core/Src/gfx.c.obj
                0x0800b2b8                gfx_blit565
 .text.gfx_blit565_key
                0x0800b3ec       0xb4 CMakeFiles/SSD1963_LCD.dir/Core/Src/gfx.c.obj
                0x0800b3ec                gfx_blit565_key
 .text.gfx_draw_line
                0x0800b4a0       0xdc CMakeFiles/SSD1963_LCD.dir/Core/Src/gfx.c.obj
                0x0800b4a0                gfx_draw_line
 .text.GT911_Read
                0x0800b57c       0x70 CMakeFiles/SSD1963_LCD.dir/Core/Src/gt911.c.obj
 .text.GT911_Write
                0x0800b5ec       0x68 CMakeFiles/SSD1963_LCD.dir/Core/Src/gt911.c.obj
 .text.GT911_TryAddress
                0x0800b654       0x60 CMakeFiles/SSD1963_LCD.dir/Core/Src/gt911.c.obj
 .text.GT911_Init
                0x0800b6b4       0x58 CMakeFiles/SSD1963_LCD.dir/Core/Src/gt911.c.obj
                0x0800b6b4                GT911_Init
 .text.GT911_ReadState
                0x0800b70c      0x110 CMakeFiles/SSD1963_LCD.dir/Core/Src/gt911.c.obj
                0x0800b70c                GT911_ReadState
 *fill*         0x0800b81c        0x4 
 .text.sinf     0x0800b820      0x1ec /Users/danielborkovec/.mcuxpressotools/arm-gnu-toolchain-14.2.rel1-darwin-x86_64-arm-none-eabi/bin/../lib/gcc/arm-none-eabi/14.2.1/../../../../arm-none-eabi/lib/thumb/v7e-m+dp/hard/libm.a(libm_a-sinf.o)
                0x0800b820                sinf
 *fill*         0x0800ba0c        0x4 
 .text.cosf     0x0800ba10      0x1b4 /Users/danielborkovec/.mcuxpressotools/arm-gnu-toolchain-14.2.rel1-darwin-x86_64-arm-none-eabi/bin/../lib/gcc/arm-none-eabi/14.2.1/../../../../arm-none-eabi/lib/thumb/v7e-m+dp/hard/libm.a(libm_a-cosf.o)
                0x0800ba10                cosf
 .text.with_errnof
                0x0800bbc4       0x1c /Users/danielborkovec/.mcuxpressotools/arm-gnu-toolchain-14.2.rel1-darwin-x86_64-arm-none-eabi/bin/../lib/gcc/arm-none-eabi/14.2.1/../../../../arm-none-eabi/lib/thumb/v7e-m+dp/hard/libm.a(libm_a-math_errf.o)
 .text.__math_invalidf
                0x0800bbe0       0x20 /Users/danielborkovec/.mcuxpressotools/arm-gnu-toolchain-14.2.rel1-darwin-x86_64-arm-none-eabi/bin/../lib/gcc/arm-none-eabi/14.2.1/../../../../arm-none-eabi/lib/thumb/v7e-m+dp/hard/libm.a(libm_a-math_errf.o)
                0x0800bbe0                __math_invalidf
 .text.sqrtf    0x0800bc00       0x44 /Users/danielborkovec/.mcuxpressotools/arm-gnu-toolchain-14.2.rel1-darwin-x86_64-arm-none-eabi/bin/../lib/gcc/arm-none-eabi/14.2.1/../../../../arm-none-eabi/lib/thumb/v7e-m+dp/hard/libm.a(libm_a-wf_sqrt.o)
                0x0800bc00                sqrtf
 .text.__ieee754_sqrtf
                0x0800bc44        0x8 /Users/danielborkovec/.mcuxpressotools/arm-gnu-toolchain-14.2.rel1-darwin-x86_64-arm-none-eabi/bin/../lib/gcc/arm-none-eabi/14.2.1/../../../../arm-none-eabi/lib/thumb/v7e-m+dp/hard/libm.a(libm_a-ef_sqrt.o)
                0x0800bc44                __ieee754_sqrtf
 .text.lroundf  0x0800bc4c       0x68 /Users/danielborkovec/.mcuxpressotools/arm-gnu-toolchain-14.2.rel1-darwin-x86_64-arm-none-eabi/bin/../lib/gcc/arm-none-eabi/14.2.1/../../../../arm-none-eabi/lib/thumb/v7e-m+dp/hard/libm.a(libm_a-sf_lround.o)
                0x0800bc4c                lroundf
 .text.__udivmoddi4
                0x0800bcb4      0x2f8 /Users/danielborkovec/.mcuxpressotools/arm-gnu-toolchain-14.2.rel1-darwin-x86_64-arm-none-eabi/bin/../lib/gcc/arm-none-eabi/14.2.1/thumb/v7e-m+dp/hard/libgcc.a(_udivmoddi4.o)
                0x0800bcb4                __udivmoddi4
 .text.memset   0x0800bfac       0x10 /Users/danielborkovec/.mcuxpressotools/arm-gnu-toolchain-14.2.rel1-darwin-x86_64-arm-none-eabi/bin/../lib/gcc/arm-none-eabi/14.2.1/../../../../arm-none-eabi/lib/thumb/v7e-m+dp/hard/libg_nano.a(libc_a-memset.o)
                0x0800bfac                memset
 .text.__errno  0x0800bfbc        0xc /Users/danielborkovec/.mcuxpressotools/arm-gnu-toolchain-14.2.rel1-darwin-x86_64-arm-none-eabi/bin/../lib/gcc/arm-none-eabi/14.2.1/../../../../arm-none-eabi/lib/thumb/v7e-m+dp/hard/libg_nano.a(libc_a-errno.o)
                0x0800bfbc                __errno
 .text.__libc_init_array
                0x0800bfc8       0x48 /Users/danielborkovec/.mcuxpressotools/arm-gnu-toolchain-14.2.rel1-darwin-x86_64-arm-none-eabi/bin/../lib/gcc/arm-none-eabi/14.2.1/../../../../arm-none-eabi/lib/thumb/v7e-m+dp/hard/libg_nano.a(libc_a-init.o)
                0x0800bfc8                __libc_init_array
 .text.memcpy   0x0800c010       0x1c /Users/danielborkovec/.mcuxpressotools/arm-gnu-toolchain-14.2.rel1-darwin-x86_64-arm-none-eabi/bin/../lib/gcc/arm-none-eabi/14.2.1/../../../../arm-none-eabi/lib/thumb/v7e-m+dp/hard/libg_nano.a(libc_a-memcpy-stub.o)
                0x0800c010                memcpy
 *(.glue_7)
 .glue_7        0x0800c02c        0x0 linker stubs
 *(.glue_7t)
 .glue_7t       0x0800c02c        0x0 linker stubs
 *(.eh_frame)
 .eh_frame      0x0800c02c        0x0 /Users/danielborkovec/.mcuxpressotools/arm-gnu-toolchain-14.2.rel1-darwin-x86_64-arm-none-eabi/bin/../lib/gcc/arm-none-eabi/14.2.1/thumb/v7e-m+dp/hard/crtbegin.o
 *(.init)
 .init          0x0800c02c        0x4 /Users/danielborkovec/.mcuxpressotools/arm-gnu-toolchain-14.2.rel1-darwin-x86_64-arm-none-eabi/bin/../lib/gcc/arm-none-eabi/14.2.1/thumb/v7e-m+dp/hard/crti.o
                0x0800c02c                _init
 .init          0x0800c030        0x8 /Users/danielborkovec/.mcuxpressotools/arm-gnu-toolchain-14.2.rel1-darwin-x86_64-arm-none-eabi/bin/../lib/gcc/arm-none-eabi/14.2.1/thumb/v7e-m+dp/hard/crtn.o
 *(.fini)
 .fini          0x0800c038        0x4 /Users/danielborkovec/.mcuxpressotools/arm-gnu-toolchain-14.2.rel1-darwin-x86_64-arm-none-eabi/bin/../lib/gcc/arm-none-eabi/14.2.1/thumb/v7e-m+dp/hard/crti.o
                0x0800c038                _fini
 .fini          0x0800c03c        0x8 /Users/danielborkovec/.mcuxpressotools/arm-gnu-toolchain-14.2.rel1-darwin-x86_64-arm-none-eabi/bin/../lib/gcc/arm-none-eabi/14.2.1/thumb/v7e-m+dp/hard/crtn.o
                0x0800c044                        . = ALIGN (0x4)
                0x0800c044                        _etext = .

.vfp11_veneer   0x0800c044        0x0
 .vfp11_veneer  0x0800c044        0x0 linker stubs

.v4_bx          0x0800c044        0x0
 .v4_bx         0x0800c044        0x0 linker stubs

.iplt           0x0800c044        0x0
 .iplt          0x0800c044        0x0 /Users/danielborkovec/.mcuxpressotools/arm-gnu-toolchain-14.2.rel1-darwin-x86_64-arm-none-eabi/bin/../lib/gcc/arm-none-eabi/14.2.1/thumb/v7e-m+dp/hard/crtbegin.o

.rodata         0x0800c048    0xcc7f0
                0x0800c048                        . = ALIGN (0x4)
 *(.rodata)
 .rodata        0x0800c048       0x87 cmake/stm32cubemx/CMakeFiles/STM32_Drivers.dir/__/__/Drivers/STM32F7xx_HAL_Driver/Src/stm32f7xx_hal_can.c.obj
 *fill*         0x0800c0cf        0x1 
 .rodata        0x0800c0d0       0x87 cmake/stm32cubemx/CMakeFiles/STM32_Drivers.dir/__/__/Drivers/STM32F7xx_HAL_Driver/Src/stm32f7xx_hal_rcc.c.obj
 *fill*         0x0800c157        0x1 
 .rodata        0x0800c158       0x8a cmake/stm32cubemx/CMakeFiles/STM32_Drivers.dir/__/__/Drivers/STM32F7xx_HAL_Driver/Src/stm32f7xx_hal_rcc_ex.c.obj
 *fill*         0x0800c1e2        0x2 
 .rodata        0x0800c1e4       0x88 cmake/stm32cubemx/CMakeFiles/STM32_Drivers.dir/__/__/Drivers/STM32F7xx_HAL_Driver/Src/stm32f7xx_hal_gpio.c.obj
 .rodata        0x0800c26c       0x8a cmake/stm32cubemx/CMakeFiles/STM32_Drivers.dir/__/__/Drivers/STM32F7xx_HAL_Driver/Src/stm32f7xx_hal_cortex.c.obj
 *fill*         0x0800c2f6        0x2 
 .rodata        0x0800c2f8       0x87 cmake/stm32cubemx/CMakeFiles/STM32_Drivers.dir/__/__/Drivers/STM32F7xx_HAL_Driver/Src/stm32f7xx_hal_i2c.c.obj
 *fill*         0x0800c37f        0x1 
 .rodata        0x0800c380       0x8a cmake/stm32cubemx/CMakeFiles/STM32_Drivers.dir/__/__/Drivers/STM32F7xx_HAL_Driver/Src/stm32f7xx_hal_i2c_ex.c.obj
 *fill*         0x0800c40a        0x2 
 .rodata        0x0800c40c       0x86 cmake/stm32cubemx/CMakeFiles/STM32_Drivers.dir/__/__/Drivers/STM32F7xx_HAL_Driver/Src/stm32f7xx_ll_fmc.c.obj
 *fill*         0x0800c492        0x2 
 .rodata        0x0800c494       0x87 cmake/stm32cubemx/CMakeFiles/STM32_Drivers.dir/__/__/Drivers/STM32F7xx_HAL_Driver/Src/stm32f7xx_hal_spi.c.obj
 *fill*         0x0800c51b        0x1 
 .rodata        0x0800c51c       0x87 cmake/stm32cubemx/CMakeFiles/STM32_Drivers.dir/__/__/Drivers/STM32F7xx_HAL_Driver/Src/stm32f7xx_hal_tim.c.obj
 *fill*         0x0800c5a3        0x1 
 .rodata        0x0800c5a4       0x87 cmake/stm32cubemx/CMakeFiles/STM32_Drivers.dir/__/__/Drivers/STM32F7xx_HAL_Driver/Src/stm32f7xx_hal_pcd.c.obj
 *fill*         0x0800c62b        0x1 
 .rodata        0x0800c62c       0x28 CMakeFiles/SSD1963_LCD.dir/Core/Src/dashboard.c.obj
 .rodata        0x0800c654       0x27 CMakeFiles/SSD1963_LCD.dir/Core/Src/ssd1963.c.obj
 *(.rodata*)
 *fill*         0x0800c67b        0x1 
 .rodata.AHBPrescTable
                0x0800c67c       0x10 cmake/stm32cubemx/CMakeFiles/STM32_Drivers.dir/__/__/Core/Src/system_stm32f7xx.c.obj
                0x0800c67c                AHBPrescTable
 .rodata.map.0  0x0800c68c        0xa CMakeFiles/SSD1963_LCD.dir/Core/Src/dashboard.c.obj
 *fill*         0x0800c696        0x2 
 .rodata.water_icon
                0x0800c698     0x1e00 CMakeFiles/SSD1963_LCD.dir/Core/Src/logos/icons.c.obj
                0x0800c698                water_icon
 .rodata.thermometer_icon
                0x0800e498     0x14a0 CMakeFiles/SSD1963_LCD.dir/Core/Src/logos/icons.c.obj
                0x0800e498                thermometer_icon
 .rodata.speedometer_icon
                0x0800f938    0x56220 CMakeFiles/SSD1963_LCD.dir/Core/Src/logos/icons.c.obj
                0x0800f938                speedometer_icon
 .rodata.ugr_logo
                0x08065b58     0x8ebc CMakeFiles/SSD1963_LCD.dir/Core/Src/logos/ugr_logo.c.obj
                0x08065b58                ugr_logo
 .rodata.big_ugr_logo
                0x0806ea14    0x69ce4 CMakeFiles/SSD1963_LCD.dir/Core/Src/logos/ugr_logo.c.obj
                0x0806ea14                big_ugr_logo
 .rodata.__inv_pio4
                0x080d86f8       0x60 /Users/danielborkovec/.mcuxpressotools/arm-gnu-toolchain-14.2.rel1-darwin-x86_64-arm-none-eabi/bin/../lib/gcc/arm-none-eabi/14.2.1/../../../../arm-none-eabi/lib/thumb/v7e-m+dp/hard/libm.a(libm_a-sincosf_data.o)
                0x080d86f8                __inv_pio4
 .rodata.__sincosf_table
                0x080d8758       0xe0 /Users/danielborkovec/.mcuxpressotools/arm-gnu-toolchain-14.2.rel1-darwin-x86_64-arm-none-eabi/bin/../lib/gcc/arm-none-eabi/14.2.1/../../../../arm-none-eabi/lib/thumb/v7e-m+dp/hard/libm.a(libm_a-sincosf_data.o)
                0x080d8758                __sincosf_table
                0x080d8838                        . = ALIGN (0x4)

.ARM.extab      0x080d8838        0x0
                0x080d8838                        . = ALIGN (0x4)
 *(.ARM.extab* .gnu.linkonce.armextab.*)
                0x080d8838                        . = ALIGN (0x4)

.ARM            0x080d8838        0x8
                0x080d8838                        . = ALIGN (0x4)
                0x080d8838                        __exidx_start = .
 *(.ARM.exidx*)
 .ARM.exidx.text.__udivmoddi4
                0x080d8838        0x8 /Users/danielborkovec/.mcuxpressotools/arm-gnu-toolchain-14.2.rel1-darwin-x86_64-arm-none-eabi/bin/../lib/gcc/arm-none-eabi/14.2.1/thumb/v7e-m+dp/hard/libgcc.a(_udivmoddi4.o)
                0x080d8840                        __exidx_end = .
                0x080d8840                        . = ALIGN (0x4)

.preinit_array  0x080d8840        0x0
                0x080d8840                        . = ALIGN (0x4)
                0x080d8840                        PROVIDE (__preinit_array_start = .)
 *(.preinit_array*)
                0x080d8840                        PROVIDE (__preinit_array_end = .)
                0x080d8840                        . = ALIGN (0x4)

.init_array     0x080d8840        0x4
                0x080d8840                        . = ALIGN (0x4)
                0x080d8840                        PROVIDE (__init_array_start = .)
 *(SORT_BY_NAME(.init_array.*))
 *(.init_array*)
 .init_array    0x080d8840        0x4 /Users/danielborkovec/.mcuxpressotools/arm-gnu-toolchain-14.2.rel1-darwin-x86_64-arm-none-eabi/bin/../lib/gcc/arm-none-eabi/14.2.1/thumb/v7e-m+dp/hard/crtbegin.o
                0x080d8844                        PROVIDE (__init_array_end = .)
                0x080d8844                        . = ALIGN (0x4)

.fini_array     0x080d8844        0x4
                0x080d8844                        . = ALIGN (0x4)
                [!provide]                        PROVIDE (__fini_array_start = .)
 *(SORT_BY_NAME(.fini_array.*))
 *(.fini_array*)
 .fini_array    0x080d8844        0x4 /Users/danielborkovec/.mcuxpressotools/arm-gnu-toolchain-14.2.rel1-darwin-x86_64-arm-none-eabi/bin/../lib/gcc/arm-none-eabi/14.2.1/thumb/v7e-m+dp/hard/crtbegin.o
                [!provide]                        PROVIDE (__fini_array_end = .)
                0x080d8848                        . = ALIGN (0x4)
                0x080d8848                        _sidata = LOADADDR (.data)

.rel.dyn        0x080d8848        0x0
 .rel.iplt      0x080d8848        0x0 /Users/danielborkovec/.mcuxpressotools/arm-gnu-toolchain-14.2.rel1-darwin-x86_64-arm-none-eabi/bin/../lib/gcc/arm-none-eabi/14.2.1/thumb/v7e-m+dp/hard/crtbegin.o

.data           0x20000000       0x94 load address 0x080d8848
                0x20000000                        . = ALIGN (0x4)
                0x20000000                        _sdata = .
 *(.data)
 *(.data*)
 .data.SystemCoreClock
                0x20000000        0x4 cmake/stm32cubemx/CMakeFiles/STM32_Drivers.dir/__/__/Core/Src/system_stm32f7xx.c.obj
                0x20000000                SystemCoreClock
 .data.uwTickPrio
                0x20000004        0x4 cmake/stm32cubemx/CMakeFiles/STM32_Drivers.dir/__/__/Drivers/STM32F7xx_HAL_Driver/Src/stm32f7xx_hal.c.obj
                0x20000004                uwTickPrio
 .data.uwTickFreq
                0x20000008        0x1 cmake/stm32cubemx/CMakeFiles/STM32_Drivers.dir/__/__/Drivers/STM32F7xx_HAL_Driver/Src/stm32f7xx_hal.c.obj
                0x20000008                uwTickFreq
 *fill*         0x20000009        0x7 
 .data.d        0x20000010       0x20 CMakeFiles/SSD1963_LCD.dir/Core/Src/main.c.obj
 .data.screen_state
                0x20000030        0x1 CMakeFiles/SSD1963_LCD.dir/Core/Src/main.c.obj
 .data.battery.3
                0x20000031        0x1 CMakeFiles/SSD1963_LCD.dir/Core/Src/main.c.obj
 .data.cell_temp.2
                0x20000032        0x1 CMakeFiles/SSD1963_LCD.dir/Core/Src/main.c.obj
 .data.water_temp.1
                0x20000033        0x1 CMakeFiles/SSD1963_LCD.dir/Core/Src/main.c.obj
 .data.speed.0  0x20000034        0x2 CMakeFiles/SSD1963_LCD.dir/Core/Src/main.c.obj
 *fill*         0x20000036        0x2 
 .data.prev_needle_tip
                0x20000038        0x8 CMakeFiles/SSD1963_LCD.dir/Core/Src/dashboard.c.obj
 .data.gt911_addr
                0x20000040        0x2 CMakeFiles/SSD1963_LCD.dir/Core/Src/gt911.c.obj
 *fill*         0x20000042        0x2 
 .data._impure_ptr
                0x20000044        0x4 /Users/danielborkovec/.mcuxpressotools/arm-gnu-toolchain-14.2.rel1-darwin-x86_64-arm-none-eabi/bin/../lib/gcc/arm-none-eabi/14.2.1/../../../../arm-none-eabi/lib/thumb/v7e-m+dp/hard/libg_nano.a(libc_a-impure.o)
                0x20000044                _impure_ptr
 .data._impure_data
                0x20000048       0x4c /Users/danielborkovec/.mcuxpressotools/arm-gnu-toolchain-14.2.rel1-darwin-x86_64-arm-none-eabi/bin/../lib/gcc/arm-none-eabi/14.2.1/../../../../arm-none-eabi/lib/thumb/v7e-m+dp/hard/libg_nano.a(libc_a-impure.o)
                0x20000048                _impure_data
 *(.RamFunc)
 *(.RamFunc*)
                0x20000094                        . = ALIGN (0x4)

.tm_clone_table
                0x20000094        0x0 load address 0x080d88dc
 .tm_clone_table
                0x20000094        0x0 /Users/danielborkovec/.mcuxpressotools/arm-gnu-toolchain-14.2.rel1-darwin-x86_64-arm-none-eabi/bin/../lib/gcc/arm-none-eabi/14.2.1/thumb/v7e-m+dp/hard/crtbegin.o
 .tm_clone_table
                0x20000094        0x0 /Users/danielborkovec/.mcuxpressotools/arm-gnu-toolchain-14.2.rel1-darwin-x86_64-arm-none-eabi/bin/../lib/gcc/arm-none-eabi/14.2.1/thumb/v7e-m+dp/hard/crtend.o

.igot.plt       0x20000094        0x0 load address 0x080d88dc
 .igot.plt      0x20000094        0x0 /Users/danielborkovec/.mcuxpressotools/arm-gnu-toolchain-14.2.rel1-darwin-x86_64-arm-none-eabi/bin/../lib/gcc/arm-none-eabi/14.2.1/thumb/v7e-m+dp/hard/crtbegin.o

.tdata          0x20000094        0x0 load address 0x080d88dc
 *(.tdata .tdata.* .gnu.linkonce.td.*)
                0x20000094                        . = ALIGN (0x4)
                0x20000094                        _edata = .
                [!provide]                        PROVIDE (__data_end = .)
                [!provide]                        PROVIDE (__tdata_end = .)
                [!provide]                        PROVIDE (__tdata_start = ADDR (.tdata))
                [!provide]                        PROVIDE (__tdata_size = (__tdata_end - __tdata_start))
                [!provide]                        PROVIDE (__data_start = ADDR (.data))
                [!provide]                        PROVIDE (__data_size = (__data_end - __data_start))
                [!provide]                        PROVIDE (__tdata_source = LOADADDR (.tdata))
                [!provide]                        PROVIDE (__tdata_source_end = (LOADADDR (.tdata) + SIZEOF (.tdata)))
                [!provide]                        PROVIDE (__tdata_source_size = (__tdata_source_end - __tdata_source))
                [!provide]                        PROVIDE (__data_source = LOADADDR (.data))
                [!provide]                        PROVIDE (__data_source_end = __tdata_source_end)
                [!provide]                        PROVIDE (__data_source_size = (__data_source_end - __data_source))

.tbss           0x20000094        0x0 load address 0x080d88dc
                0x20000094                        _sbss = .
                0x20000094                        __bss_start__ = _sbss
 *(.tbss .tbss.*)
                0x20000094                        . = ALIGN (0x4)
                [!provide]                        PROVIDE (__tbss_end = .)
                [!provide]                        PROVIDE (__tbss_start = ADDR (.tbss))
                [!provide]                        PROVIDE (__tbss_size = (__tbss_end - __tbss_start))
                [!provide]                        PROVIDE (__tbss_offset = (ADDR (.tbss) - ADDR (.tdata)))
                [!provide]                        PROVIDE (__tls_base = __tdata_start)
                [!provide]                        PROVIDE (__tls_end = __tbss_end)
                [!provide]                        PROVIDE (__tls_size = (__tls_end - __tls_base))
                [!provide]                        PROVIDE (__tls_align = MAX (ALIGNOF (.tdata), ALIGNOF (.tbss)))
                [!provide]                        PROVIDE (__tls_size_align = (((__tls_size + __tls_align) - 0x1) & ~ ((__tls_align - 0x1))))
                [!provide]                        PROVIDE (__arm32_tls_tcb_offset = MAX (0x8, __tls_align))
                [!provide]                        PROVIDE (__arm64_tls_tcb_offset = MAX (0x10, __tls_align))

.bss            0x20000098     0x1534 load address 0x080d88dc
 *(.bss)
 *(.bss*)
 .bss.completed.1
                0x20000098        0x1 /Users/danielborkovec/.mcuxpressotools/arm-gnu-toolchain-14.2.rel1-darwin-x86_64-arm-none-eabi/bin/../lib/gcc/arm-none-eabi/14.2.1/thumb/v7e-m+dp/hard/crtbegin.o
 *fill*         0x20000099        0x3 
 .bss.object.0  0x2000009c       0x18 /Users/danielborkovec/.mcuxpressotools/arm-gnu-toolchain-14.2.rel1-darwin-x86_64-arm-none-eabi/bin/../lib/gcc/arm-none-eabi/14.2.1/thumb/v7e-m+dp/hard/crtbegin.o
 .bss.uwTick    0x200000b4        0x4 cmake/stm32cubemx/CMakeFiles/STM32_Drivers.dir/__/__/Drivers/STM32F7xx_HAL_Driver/Src/stm32f7xx_hal.c.obj
                0x200000b4                uwTick
 .bss.screen_updated
                0x200000b8        0x1 CMakeFiles/SSD1963_LCD.dir/Core/Src/main.c.obj
 .bss.updated   0x200000b9        0x1 CMakeFiles/SSD1963_LCD.dir/Core/Src/main.c.obj
 .bss.last_touch
                0x200000ba        0x1 CMakeFiles/SSD1963_LCD.dir/Core/Src/main.c.obj
 *fill*         0x200000bb        0x1 
 .bss.next_touch_allowed
                0x200000bc        0x4 CMakeFiles/SSD1963_LCD.dir/Core/Src/main.c.obj
 .bss.touch     0x200000c0        0xa CMakeFiles/SSD1963_LCD.dir/Core/Src/main.c.obj
 .bss.touch_ok  0x200000ca        0x1 CMakeFiles/SSD1963_LCD.dir/Core/Src/main.c.obj
 .bss.can2_rx_head
                0x200000cb        0x1 CMakeFiles/SSD1963_LCD.dir/Core/Src/main.c.obj
 .bss.can2_rx_tail
                0x200000cc        0x1 CMakeFiles/SSD1963_LCD.dir/Core/Src/main.c.obj
 .bss.can2_rx_overflow
                0x200000cd        0x1 CMakeFiles/SSD1963_LCD.dir/Core/Src/main.c.obj
 *fill*         0x200000ce        0x2 
 .bss.can2_rx_queue
                0x200000d0      0x240 CMakeFiles/SSD1963_LCD.dir/Core/Src/main.c.obj
 .bss.last_tx.4
                0x20000310        0x4 CMakeFiles/SSD1963_LCD.dir/Core/Src/main.c.obj
 .bss.hcan2     0x20000314       0x28 CMakeFiles/SSD1963_LCD.dir/Core/Src/can.c.obj
                0x20000314                hcan2
 .bss.hsram1    0x2000033c       0x4c CMakeFiles/SSD1963_LCD.dir/Core/Src/fmc.c.obj
                0x2000033c                hsram1
 .bss.FMC_Initialized
                0x20000388        0x4 CMakeFiles/SSD1963_LCD.dir/Core/Src/fmc.c.obj
 .bss.hi2c1     0x2000038c       0x54 CMakeFiles/SSD1963_LCD.dir/Core/Src/i2c.c.obj
                0x2000038c                hi2c1
 .bss.hspi3     0x200003e0       0x64 CMakeFiles/SSD1963_LCD.dir/Core/Src/spi.c.obj
                0x200003e0                hspi3
 .bss.htim12    0x20000444       0x4c CMakeFiles/SSD1963_LCD.dir/Core/Src/tim.c.obj
                0x20000444                htim12
 .bss.hpcd_USB_OTG_FS
                0x20000490      0x4e0 CMakeFiles/SSD1963_LCD.dir/Core/Src/usb_otg.c.obj
                0x20000490                hpcd_USB_OTG_FS
 .bss.prev      0x20000970       0x20 CMakeFiles/SSD1963_LCD.dir/Core/Src/dashboard.c.obj
 .bss.inited    0x20000990        0x4 CMakeFiles/SSD1963_LCD.dir/Core/Src/dashboard.c.obj
 .bss.needle_lut
                0x20000994      0xaf8 CMakeFiles/SSD1963_LCD.dir/Core/Src/dashboard.c.obj
 .bss.gt911_i2c
                0x2000148c        0x4 CMakeFiles/SSD1963_LCD.dir/Core/Src/gt911.c.obj
 .bss.gt911_ready
                0x20001490        0x1 CMakeFiles/SSD1963_LCD.dir/Core/Src/gt911.c.obj
 *fill*         0x20001491        0x3 
 .bss.__sf      0x20001494      0x138 /Users/danielborkovec/.mcuxpressotools/arm-gnu-toolchain-14.2.rel1-darwin-x86_64-arm-none-eabi/bin/../lib/gcc/arm-none-eabi/14.2.1/../../../../arm-none-eabi/lib/thumb/v7e-m+dp/hard/libg_nano.a(libc_a-findfp.o)
                0x20001494                __sf
 *(COMMON)
                0x200015cc                        . = ALIGN (0x4)
                0x200015cc                        _ebss = .
                0x200015cc                        __bss_end__ = _ebss
                [!provide]                        PROVIDE (__bss_end = .)
                [!provide]                        PROVIDE (__non_tls_bss_start = ADDR (.bss))
                [!provide]                        PROVIDE (__bss_start = __tbss_start)
                [!provide]                        PROVIDE (__bss_size = (__bss_end - __bss_start))

._user_heap_stack
                0x200015cc     0x4004 load address 0x080d88dc
                0x200015d0                        . = ALIGN (0x8)
 *fill*         0x200015cc        0x4 
                [!provide]                        PROVIDE (end = .)
                0x200015d0                        PROVIDE (_end = .)
                0x200035d0                        . = (. + _Min_Heap_Size)
 *fill*         0x200015d0     0x2000 
                0x200055d0                        . = (. + _Min_Stack_Size)
 *fill*         0x200035d0     0x2000 
                0x200055d0                        . = ALIGN (0x8)

/DISCARD/
 libc.a:*(*)
 libm.a:*(*)
 libgcc.a:*(*)
OUTPUT(SSD1963_LCD.elf elf32-littlearm)
LOAD linker stubs

.ARM.attributes
                0x00000000       0x2e
 .ARM.attributes
                0x00000000       0x20 /Users/danielborkovec/.mcuxpressotools/arm-gnu-toolchain-14.2.rel1-darwin-x86_64-arm-none-eabi/bin/../lib/gcc/arm-none-eabi/14.2.1/thumb/v7e-m+dp/hard/crti.o
 .ARM.attributes
                0x00000020       0x32 /Users/danielborkovec/.mcuxpressotools/arm-gnu-toolchain-14.2.rel1-darwin-x86_64-arm-none-eabi/bin/../lib/gcc/arm-none-eabi/14.2.1/thumb/v7e-m+dp/hard/crtbegin.o
 .ARM.attributes
                0x00000052       0x32 cmake/stm32cubemx/CMakeFiles/STM32_Drivers.dir/__/__/Core/Src/system_stm32f7xx.c.obj
 .ARM.attributes
                0x00000084       0x32 cmake/stm32cubemx/CMakeFiles/STM32_Drivers.dir/__/__/Drivers/STM32F7xx_HAL_Driver/Src/stm32f7xx_hal_can.c.obj
 .ARM.attributes
                0x000000b6       0x32 cmake/stm32cubemx/CMakeFiles/STM32_Drivers.dir/__/__/Drivers/STM32F7xx_HAL_Driver/Src/stm32f7xx_hal_rcc.c.obj
 .ARM.attributes
                0x000000e8       0x32 cmake/stm32cubemx/CMakeFiles/STM32_Drivers.dir/__/__/Drivers/STM32F7xx_HAL_Driver/Src/stm32f7xx_hal_rcc_ex.c.obj
 .ARM.attributes
                0x0000011a       0x32 cmake/stm32cubemx/CMakeFiles/STM32_Drivers.dir/__/__/Drivers/STM32F7xx_HAL_Driver/Src/stm32f7xx_hal_gpio.c.obj
 .ARM.attributes
                0x0000014c       0x32 cmake/stm32cubemx/CMakeFiles/STM32_Drivers.dir/__/__/Drivers/STM32F7xx_HAL_Driver/Src/stm32f7xx_hal_pwr_ex.c.obj
 .ARM.attributes
                0x0000017e       0x32 cmake/stm32cubemx/CMakeFiles/STM32_Drivers.dir/__/__/Drivers/STM32F7xx_HAL_Driver/Src/stm32f7xx_hal_cortex.c.obj
 .ARM.attributes
                0x000001b0       0x32 cmake/stm32cubemx/CMakeFiles/STM32_Drivers.dir/__/__/Drivers/STM32F7xx_HAL_Driver/Src/stm32f7xx_hal.c.obj
 .ARM.attributes
                0x000001e2       0x32 cmake/stm32cubemx/CMakeFiles/STM32_Drivers.dir/__/__/Drivers/STM32F7xx_HAL_Driver/Src/stm32f7xx_hal_i2c.c.obj
 .ARM.attributes
                0x00000214       0x32 cmake/stm32cubemx/CMakeFiles/STM32_Drivers.dir/__/__/Drivers/STM32F7xx_HAL_Driver/Src/stm32f7xx_hal_i2c_ex.c.obj
 .ARM.attributes
                0x00000246       0x32 cmake/stm32cubemx/CMakeFiles/STM32_Drivers.dir/__/__/Drivers/STM32F7xx_HAL_Driver/Src/stm32f7xx_ll_fmc.c.obj
 .ARM.attributes
                0x00000278       0x32 cmake/stm32cubemx/CMakeFiles/STM32_Drivers.dir/__/__/Drivers/STM32F7xx_HAL_Driver/Src/stm32f7xx_hal_sram.c.obj
 .ARM.attributes
                0x000002aa       0x32 cmake/stm32cubemx/CMakeFiles/STM32_Drivers.dir/__/__/Drivers/STM32F7xx_HAL_Driver/Src/stm32f7xx_hal_spi.c.obj
 .ARM.attributes
                0x000002dc       0x32 cmake/stm32cubemx/CMakeFiles/STM32_Drivers.dir/__/__/Drivers/STM32F7xx_HAL_Driver/Src/stm32f7xx_hal_tim.c.obj
 .ARM.attributes
                0x0000030e       0x32 cmake/stm32cubemx/CMakeFiles/STM32_Drivers.dir/__/__/Drivers/STM32F7xx_HAL_Driver/Src/stm32f7xx_hal_pcd.c.obj
 .ARM.attributes
                0x00000340       0x32 cmake/stm32cubemx/CMakeFiles/STM32_Drivers.dir/__/__/Drivers/STM32F7xx_HAL_Driver/Src/stm32f7xx_hal_pcd_ex.c.obj
 .ARM.attributes
                0x00000372       0x32 cmake/stm32cubemx/CMakeFiles/STM32_Drivers.dir/__/__/Drivers/STM32F7xx_HAL_Driver/Src/stm32f7xx_ll_usb.c.obj
 .ARM.attributes
                0x000003a4       0x32 CMakeFiles/SSD1963_LCD.dir/Core/Src/main.c.obj
 .ARM.attributes
                0x000003d6       0x32 CMakeFiles/SSD1963_LCD.dir/Core/Src/gpio.c.obj
 .ARM.attributes
                0x00000408       0x32 CMakeFiles/SSD1963_LCD.dir/Core/Src/can.c.obj
 .ARM.attributes
                0x0000043a       0x32 CMakeFiles/SSD1963_LCD.dir/Core/Src/fmc.c.obj
 .ARM.attributes
                0x0000046c       0x32 CMakeFiles/SSD1963_LCD.dir/Core/Src/i2c.c.obj
 .ARM.attributes
                0x0000049e       0x32 CMakeFiles/SSD1963_LCD.dir/Core/Src/spi.c.obj
 .ARM.attributes
                0x000004d0       0x32 CMakeFiles/SSD1963_LCD.dir/Core/Src/tim.c.obj
 .ARM.attributes
                0x00000502       0x32 CMakeFiles/SSD1963_LCD.dir/Core/Src/usb_otg.c.obj
 .ARM.attributes
                0x00000534       0x32 CMakeFiles/SSD1963_LCD.dir/Core/Src/stm32f7xx_it.c.obj
 .ARM.attributes
                0x00000566       0x32 CMakeFiles/SSD1963_LCD.dir/Core/Src/stm32f7xx_hal_msp.c.obj
 .ARM.attributes
                0x00000598       0x21 CMakeFiles/SSD1963_LCD.dir/startup_stm32f767xx.s.obj
 .ARM.attributes
                0x000005b9       0x32 CMakeFiles/SSD1963_LCD.dir/Core/Src/dashboard.c.obj
 .ARM.attributes
                0x000005eb       0x32 CMakeFiles/SSD1963_LCD.dir/Core/Src/ssd1963.c.obj
 .ARM.attributes
                0x0000061d       0x32 CMakeFiles/SSD1963_LCD.dir/Core/Src/logos/icons.c.obj
 .ARM.attributes
                0x0000064f       0x32 CMakeFiles/SSD1963_LCD.dir/Core/Src/logos/ugr_logo.c.obj
 .ARM.attributes
                0x00000681       0x32 CMakeFiles/SSD1963_LCD.dir/Core/Src/gfx.c.obj
 .ARM.attributes
                0x000006b3       0x32 CMakeFiles/SSD1963_LCD.dir/Core/Src/gt911.c.obj
 .ARM.attributes
                0x000006e5       0x32 /Users/danielborkovec/.mcuxpressotools/arm-gnu-toolchain-14.2.rel1-darwin-x86_64-arm-none-eabi/bin/../lib/gcc/arm-none-eabi/14.2.1/../../../../arm-none-eabi/lib/thumb/v7e-m+dp/hard/libm.a(libm_a-sinf.o)
 .ARM.attributes
                0x00000717       0x32 /Users/danielborkovec/.mcuxpressotools/arm-gnu-toolchain-14.2.rel1-darwin-x86_64-arm-none-eabi/bin/../lib/gcc/arm-none-eabi/14.2.1/../../../../arm-none-eabi/lib/thumb/v7e-m+dp/hard/libm.a(libm_a-cosf.o)
 .ARM.attributes
                0x00000749       0x32 /Users/danielborkovec/.mcuxpressotools/arm-gnu-toolchain-14.2.rel1-darwin-x86_64-arm-none-eabi/bin/../lib/gcc/arm-none-eabi/14.2.1/../../../../arm-none-eabi/lib/thumb/v7e-m+dp/hard/libm.a(libm_a-sincosf_data.o)
 .ARM.attributes
                0x0000077b       0x32 /Users/danielborkovec/.mcuxpressotools/arm-gnu-toolchain-14.2.rel1-darwin-x86_64-arm-none-eabi/bin/../lib/gcc/arm-none-eabi/14.2.1/../../../../arm-none-eabi/lib/thumb/v7e-m+dp/hard/libm.a(libm_a-math_errf.o)
 .ARM.attributes
                0x000007ad       0x32 /Users/danielborkovec/.mcuxpressotools/arm-gnu-toolchain-14.2.rel1-darwin-x86_64-arm-none-eabi/bin/../lib/gcc/arm-none-eabi/14.2.1/../../../../arm-none-eabi/lib/thumb/v7e-m+dp/hard/libm.a(libm_a-wf_sqrt.o)
 .ARM.attributes
                0x000007df       0x32 /Users/danielborkovec/.mcuxpressotools/arm-gnu-toolchain-14.2.rel1-darwin-x86_64-arm-none-eabi/bin/../lib/gcc/arm-none-eabi/14.2.1/../../../../arm-none-eabi/lib/thumb/v7e-m+dp/hard/libm.a(libm_a-ef_sqrt.o)
 .ARM.attributes
                0x00000811       0x32 /Users/danielborkovec/.mcuxpressotools/arm-gnu-toolchain-14.2.rel1-darwin-x86_64-arm-none-eabi/bin/../lib/gcc/arm-none-eabi/14.2.1/../../../../arm-none-eabi/lib/thumb/v7e-m+dp/hard/libm.a(libm_a-sf_lround.o)
 .ARM.attributes
                0x00000843       0x20 /Users/danielborkovec/.mcuxpressotools/arm-gnu-toolchain-14.2.rel1-darwin-x86_64-arm-none-eabi/bin/../lib/gcc/arm-none-eabi/14.2.1/thumb/v7e-m+dp/hard/libgcc.a(_arm_addsubdf3.o)
 .ARM.attributes
                0x00000863       0x20 /Users/danielborkovec/.mcuxpressotools/arm-gnu-toolchain-14.2.rel1-darwin-x86_64-arm-none-eabi/bin/../lib/gcc/arm-none-eabi/14.2.1/thumb/v7e-m+dp/hard/libgcc.a(_aeabi_uldivmod.o)
 .ARM.attributes
                0x00000883       0x32 /Users/danielborkovec/.mcuxpressotools/arm-gnu-toolchain-14.2.rel1-darwin-x86_64-arm-none-eabi/bin/../lib/gcc/arm-none-eabi/14.2.1/thumb/v7e-m+dp/hard/libgcc.a(_udivmoddi4.o)
 .ARM.attributes
                0x000008b5       0x20 /Users/danielborkovec/.mcuxpressotools/arm-gnu-toolchain-14.2.rel1-darwin-x86_64-arm-none-eabi/bin/../lib/gcc/arm-none-eabi/14.2.1/thumb/v7e-m+dp/hard/libgcc.a(_dvmd_tls.o)
 .ARM.attributes
                0x000008d5       0x32 /Users/danielborkovec/.mcuxpressotools/arm-gnu-toolchain-14.2.rel1-darwin-x86_64-arm-none-eabi/bin/../lib/gcc/arm-none-eabi/14.2.1/../../../../arm-none-eabi/lib/thumb/v7e-m+dp/hard/libg_nano.a(libc_a-findfp.o)
 .ARM.attributes
                0x00000907       0x32 /Users/danielborkovec/.mcuxpressotools/arm-gnu-toolchain-14.2.rel1-darwin-x86_64-arm-none-eabi/bin/../lib/gcc/arm-none-eabi/14.2.1/../../../../arm-none-eabi/lib/thumb/v7e-m+dp/hard/libg_nano.a(libc_a-memset.o)
 .ARM.attributes
                0x00000939       0x32 /Users/danielborkovec/.mcuxpressotools/arm-gnu-toolchain-14.2.rel1-darwin-x86_64-arm-none-eabi/bin/../lib/gcc/arm-none-eabi/14.2.1/../../../../arm-none-eabi/lib/thumb/v7e-m+dp/hard/libg_nano.a(libc_a-errno.o)
 .ARM.attributes
                0x0000096b       0x32 /Users/danielborkovec/.mcuxpressotools/arm-gnu-toolchain-14.2.rel1-darwin-x86_64-arm-none-eabi/bin/../lib/gcc/arm-none-eabi/14.2.1/../../../../arm-none-eabi/lib/thumb/v7e-m+dp/hard/libg_nano.a(libc_a-init.o)
 .ARM.attributes
                0x0000099d       0x32 /Users/danielborkovec/.mcuxpressotools/arm-gnu-toolchain-14.2.rel1-darwin-x86_64-arm-none-eabi/bin/../lib/gcc/arm-none-eabi/14.2.1/../../../../arm-none-eabi/lib/thumb/v7e-m+dp/hard/libg_nano.a(libc_a-impure.o)
 .ARM.attributes
                0x000009cf       0x32 /Users/danielborkovec/.mcuxpressotools/arm-gnu-toolchain-14.2.rel1-darwin-x86_64-arm-none-eabi/bin/../lib/gcc/arm-none-eabi/14.2.1/../../../../arm-none-eabi/lib/thumb/v7e-m+dp/hard/libg_nano.a(libc_a-memcpy-stub.o)
 .ARM.attributes
                0x00000a01       0x32 /Users/danielborkovec/.mcuxpressotools/arm-gnu-toolchain-14.2.rel1-darwin-x86_64-arm-none-eabi/bin/../lib/gcc/arm-none-eabi/14.2.1/thumb/v7e-m+dp/hard/crtend.o
 .ARM.attributes
                0x00000a33       0x20 /Users/danielborkovec/.mcuxpressotools/arm-gnu-toolchain-14.2.rel1-darwin-x86_64-arm-none-eabi/bin/../lib/gcc/arm-none-eabi/14.2.1/thumb/v7e-m+dp/hard/crtn.o

.comment        0x00000000       0x45
 .comment       0x00000000       0x45 cmake/stm32cubemx/CMakeFiles/STM32_Drivers.dir/__/__/Core/Src/system_stm32f7xx.c.obj
                                 0x46 (size before relaxing)
 .comment       0x00000045       0x46 cmake/stm32cubemx/CMakeFiles/STM32_Drivers.dir/__/__/Drivers/STM32F7xx_HAL_Driver/Src/stm32f7xx_hal_can.c.obj
 .comment       0x00000045       0x46 cmake/stm32cubemx/CMakeFiles/STM32_Drivers.dir/__/__/Drivers/STM32F7xx_HAL_Driver/Src/stm32f7xx_hal_rcc.c.obj
 .comment       0x00000045       0x46 cmake/stm32cubemx/CMakeFiles/STM32_Drivers.dir/__/__/Drivers/STM32F7xx_HAL_Driver/Src/stm32f7xx_hal_rcc_ex.c.obj
 .comment       0x00000045       0x46 cmake/stm32cubemx/CMakeFiles/STM32_Drivers.dir/__/__/Drivers/STM32F7xx_HAL_Driver/Src/stm32f7xx_hal_gpio.c.obj
 .comment       0x00000045       0x46 cmake/stm32cubemx/CMakeFiles/STM32_Drivers.dir/__/__/Drivers/STM32F7xx_HAL_Driver/Src/stm32f7xx_hal_pwr_ex.c.obj
 .comment       0x00000045       0x46 cmake/stm32cubemx/CMakeFiles/STM32_Drivers.dir/__/__/Drivers/STM32F7xx_HAL_Driver/Src/stm32f7xx_hal_cortex.c.obj
 .comment       0x00000045       0x46 cmake/stm32cubemx/CMakeFiles/STM32_Drivers.dir/__/__/Drivers/STM32F7xx_HAL_Driver/Src/stm32f7xx_hal.c.obj
 .comment       0x00000045       0x46 cmake/stm32cubemx/CMakeFiles/STM32_Drivers.dir/__/__/Drivers/STM32F7xx_HAL_Driver/Src/stm32f7xx_hal_i2c.c.obj
 .comment       0x00000045       0x46 cmake/stm32cubemx/CMakeFiles/STM32_Drivers.dir/__/__/Drivers/STM32F7xx_HAL_Driver/Src/stm32f7xx_hal_i2c_ex.c.obj
 .comment       0x00000045       0x46 cmake/stm32cubemx/CMakeFiles/STM32_Drivers.dir/__/__/Drivers/STM32F7xx_HAL_Driver/Src/stm32f7xx_ll_fmc.c.obj
 .comment       0x00000045       0x46 cmake/stm32cubemx/CMakeFiles/STM32_Drivers.dir/__/__/Drivers/STM32F7xx_HAL_Driver/Src/stm32f7xx_hal_sram.c.obj
 .comment       0x00000045       0x46 cmake/stm32cubemx/CMakeFiles/STM32_Drivers.dir/__/__/Drivers/STM32F7xx_HAL_Driver/Src/stm32f7xx_hal_spi.c.obj
 .comment       0x00000045       0x46 cmake/stm32cubemx/CMakeFiles/STM32_Drivers.dir/__/__/Drivers/STM32F7xx_HAL_Driver/Src/stm32f7xx_hal_tim.c.obj
 .comment       0x00000045       0x46 cmake/stm32cubemx/CMakeFiles/STM32_Drivers.dir/__/__/Drivers/STM32F7xx_HAL_Driver/Src/stm32f7xx_hal_pcd.c.obj
 .comment       0x00000045       0x46 cmake/stm32cubemx/CMakeFiles/STM32_Drivers.dir/__/__/Drivers/STM32F7xx_HAL_Driver/Src/stm32f7xx_hal_pcd_ex.c.obj
 .comment       0x00000045       0x46 cmake/stm32cubemx/CMakeFiles/STM32_Drivers.dir/__/__/Drivers/STM32F7xx_HAL_Driver/Src/stm32f7xx_ll_usb.c.obj
 .comment       0x00000045       0x46 CMakeFiles/SSD1963_LCD.dir/Core/Src/main.c.obj
 .comment       0x00000045       0x46 CMakeFiles/SSD1963_LCD.dir/Core/Src/gpio.c.obj
 .comment       0x00000045       0x46 CMakeFiles/SSD1963_LCD.dir/Core/Src/can.c.obj
 .comment       0x00000045       0x46 CMakeFiles/SSD1963_LCD.dir/Core/Src/fmc.c.obj
 .comment       0x00000045       0x46 CMakeFiles/SSD1963_LCD.dir/Core/Src/i2c.c.obj
 .comment       0x00000045       0x46 CMakeFiles/SSD1963_LCD.dir/Core/Src/spi.c.obj
 .comment       0x00000045       0x46 CMakeFiles/SSD1963_LCD.dir/Core/Src/tim.c.obj
 .comment       0x00000045       0x46 CMakeFiles/SSD1963_LCD.dir/Core/Src/usb_otg.c.obj
 .comment       0x00000045       0x46 CMakeFiles/SSD1963_LCD.dir/Core/Src/stm32f7xx_it.c.obj
 .comment       0x00000045       0x46 CMakeFiles/SSD1963_LCD.dir/Core/Src/stm32f7xx_hal_msp.c.obj
 .comment       0x00000045       0x46 CMakeFiles/SSD1963_LCD.dir/Core/Src/dashboard.c.obj
 .comment       0x00000045       0x46 CMakeFiles/SSD1963_LCD.dir/Core/Src/ssd1963.c.obj
 .comment       0x00000045       0x46 CMakeFiles/SSD1963_LCD.dir/Core/Src/logos/icons.c.obj
 .comment       0x00000045       0x46 CMakeFiles/SSD1963_LCD.dir/Core/Src/logos/ugr_logo.c.obj
 .comment       0x00000045       0x46 CMakeFiles/SSD1963_LCD.dir/Core/Src/gfx.c.obj
 .comment       0x00000045       0x46 CMakeFiles/SSD1963_LCD.dir/Core/Src/gt911.c.obj

.debug_info     0x00000000    0x1ac23
 .debug_info    0x00000000      0x6ed cmake/stm32cubemx/CMakeFiles/STM32_Drivers.dir/__/__/Core/Src/system_stm32f7xx.c.obj
 .debug_info    0x000006ed      0xf28 cmake/stm32cubemx/CMakeFiles/STM32_Drivers.dir/__/__/Drivers/STM32F7xx_HAL_Driver/Src/stm32f7xx_hal_can.c.obj
 .debug_info    0x00001615      0x968 cmake/stm32cubemx/CMakeFiles/STM32_Drivers.dir/__/__/Drivers/STM32F7xx_HAL_Driver/Src/stm32f7xx_hal_rcc.c.obj
 .debug_info    0x00001f7d      0x6fe cmake/stm32cubemx/CMakeFiles/STM32_Drivers.dir/__/__/Drivers/STM32F7xx_HAL_Driver/Src/stm32f7xx_hal_rcc_ex.c.obj
 .debug_info    0x0000267b      0x70c cmake/stm32cubemx/CMakeFiles/STM32_Drivers.dir/__/__/Drivers/STM32F7xx_HAL_Driver/Src/stm32f7xx_hal_gpio.c.obj
 .debug_info    0x00002d87      0x8eb cmake/stm32cubemx/CMakeFiles/STM32_Drivers.dir/__/__/Drivers/STM32F7xx_HAL_Driver/Src/stm32f7xx_hal_pwr_ex.c.obj
 .debug_info    0x00003672      0xff5 cmake/stm32cubemx/CMakeFiles/STM32_Drivers.dir/__/__/Drivers/STM32F7xx_HAL_Driver/Src/stm32f7xx_hal_cortex.c.obj
 .debug_info    0x00004667      0xa86 cmake/stm32cubemx/CMakeFiles/STM32_Drivers.dir/__/__/Drivers/STM32F7xx_HAL_Driver/Src/stm32f7xx_hal.c.obj
 .debug_info    0x000050ed     0x215f cmake/stm32cubemx/CMakeFiles/STM32_Drivers.dir/__/__/Drivers/STM32F7xx_HAL_Driver/Src/stm32f7xx_hal_i2c.c.obj
 .debug_info    0x0000724c      0x946 cmake/stm32cubemx/CMakeFiles/STM32_Drivers.dir/__/__/Drivers/STM32F7xx_HAL_Driver/Src/stm32f7xx_hal_i2c_ex.c.obj
 .debug_info    0x00007b92      0xc01 cmake/stm32cubemx/CMakeFiles/STM32_Drivers.dir/__/__/Drivers/STM32F7xx_HAL_Driver/Src/stm32f7xx_ll_fmc.c.obj
 .debug_info    0x00008793      0xd3f cmake/stm32cubemx/CMakeFiles/STM32_Drivers.dir/__/__/Drivers/STM32F7xx_HAL_Driver/Src/stm32f7xx_hal_sram.c.obj
 .debug_info    0x000094d2     0x15d6 cmake/stm32cubemx/CMakeFiles/STM32_Drivers.dir/__/__/Drivers/STM32F7xx_HAL_Driver/Src/stm32f7xx_hal_spi.c.obj
 .debug_info    0x0000aaa8     0x2b49 cmake/stm32cubemx/CMakeFiles/STM32_Drivers.dir/__/__/Drivers/STM32F7xx_HAL_Driver/Src/stm32f7xx_hal_tim.c.obj
 .debug_info    0x0000d5f1     0x15b1 cmake/stm32cubemx/CMakeFiles/STM32_Drivers.dir/__/__/Drivers/STM32F7xx_HAL_Driver/Src/stm32f7xx_hal_pcd.c.obj
 .debug_info    0x0000eba2      0x7a3 cmake/stm32cubemx/CMakeFiles/STM32_Drivers.dir/__/__/Drivers/STM32F7xx_HAL_Driver/Src/stm32f7xx_hal_pcd_ex.c.obj
 .debug_info    0x0000f345     0x19fc cmake/stm32cubemx/CMakeFiles/STM32_Drivers.dir/__/__/Drivers/STM32F7xx_HAL_Driver/Src/stm32f7xx_ll_usb.c.obj
 .debug_info    0x00010d41     0x1c56 CMakeFiles/SSD1963_LCD.dir/Core/Src/main.c.obj
 .debug_info    0x00012997      0x465 CMakeFiles/SSD1963_LCD.dir/Core/Src/gpio.c.obj
 .debug_info    0x00012dfc      0xb9d CMakeFiles/SSD1963_LCD.dir/Core/Src/can.c.obj
 .debug_info    0x00013999      0xa01 CMakeFiles/SSD1963_LCD.dir/Core/Src/fmc.c.obj
 .debug_info    0x0001439a      0xc4a CMakeFiles/SSD1963_LCD.dir/Core/Src/i2c.c.obj
 .debug_info    0x00014fe4      0x998 CMakeFiles/SSD1963_LCD.dir/Core/Src/spi.c.obj
 .debug_info    0x0001597c      0xb7e CMakeFiles/SSD1963_LCD.dir/Core/Src/tim.c.obj
 .debug_info    0x000164fa      0xc1d CMakeFiles/SSD1963_LCD.dir/Core/Src/usb_otg.c.obj
 .debug_info    0x00017117      0x528 CMakeFiles/SSD1963_LCD.dir/Core/Src/stm32f7xx_it.c.obj
 .debug_info    0x0001763f      0x28d CMakeFiles/SSD1963_LCD.dir/Core/Src/stm32f7xx_hal_msp.c.obj
 .debug_info    0x000178cc       0x30 CMakeFiles/SSD1963_LCD.dir/startup_stm32f767xx.s.obj
 .debug_info    0x000178fc     0x1bb2 CMakeFiles/SSD1963_LCD.dir/Core/Src/dashboard.c.obj
 .debug_info    0x000194ae      0x711 CMakeFiles/SSD1963_LCD.dir/Core/Src/ssd1963.c.obj
 .debug_info    0x00019bbf       0xfa CMakeFiles/SSD1963_LCD.dir/Core/Src/logos/icons.c.obj
 .debug_info    0x00019cb9       0xf8 CMakeFiles/SSD1963_LCD.dir/Core/Src/logos/ugr_logo.c.obj
 .debug_info    0x00019db1      0x570 CMakeFiles/SSD1963_LCD.dir/Core/Src/gfx.c.obj
 .debug_info    0x0001a321      0x902 CMakeFiles/SSD1963_LCD.dir/Core/Src/gt911.c.obj

.debug_abbrev   0x00000000     0x42e4
 .debug_abbrev  0x00000000      0x13b cmake/stm32cubemx/CMakeFiles/STM32_Drivers.dir/__/__/Core/Src/system_stm32f7xx.c.obj
 .debug_abbrev  0x0000013b      0x25c cmake/stm32cubemx/CMakeFiles/STM32_Drivers.dir/__/__/Drivers/STM32F7xx_HAL_Driver/Src/stm32f7xx_hal_can.c.obj
 .debug_abbrev  0x00000397      0x2f3 cmake/stm32cubemx/CMakeFiles/STM32_Drivers.dir/__/__/Drivers/STM32F7xx_HAL_Driver/Src/stm32f7xx_hal_rcc.c.obj
 .debug_abbrev  0x0000068a      0x1e5 cmake/stm32cubemx/CMakeFiles/STM32_Drivers.dir/__/__/Drivers/STM32F7xx_HAL_Driver/Src/stm32f7xx_hal_rcc_ex.c.obj
 .debug_abbrev  0x0000086f      0x1f1 cmake/stm32cubemx/CMakeFiles/STM32_Drivers.dir/__/__/Drivers/STM32F7xx_HAL_Driver/Src/stm32f7xx_hal_gpio.c.obj
 .debug_abbrev  0x00000a60      0x1fa cmake/stm32cubemx/CMakeFiles/STM32_Drivers.dir/__/__/Drivers/STM32F7xx_HAL_Driver/Src/stm32f7xx_hal_pwr_ex.c.obj
 .debug_abbrev  0x00000c5a      0x33a cmake/stm32cubemx/CMakeFiles/STM32_Drivers.dir/__/__/Drivers/STM32F7xx_HAL_Driver/Src/stm32f7xx_hal_cortex.c.obj
 .debug_abbrev  0x00000f94      0x21a cmake/stm32cubemx/CMakeFiles/STM32_Drivers.dir/__/__/Drivers/STM32F7xx_HAL_Driver/Src/stm32f7xx_hal.c.obj
 .debug_abbrev  0x000011ae      0x275 cmake/stm32cubemx/CMakeFiles/STM32_Drivers.dir/__/__/Drivers/STM32F7xx_HAL_Driver/Src/stm32f7xx_hal_i2c.c.obj
 .debug_abbrev  0x00001423      0x1b1 cmake/stm32cubemx/CMakeFiles/STM32_Drivers.dir/__/__/Drivers/STM32F7xx_HAL_Driver/Src/stm32f7xx_hal_i2c_ex.c.obj