Archive member included to satisfy reference by file (symbol)

/Users/danielborkovec/.mcuxpressotools/arm-gnu-toolchain-14.2.rel1-darwin-x86_64-arm-none-eabi/bin/../lib/gcc/arm-none-eabi/14.2.1/thumb/v7e-m+dp/hard/libgcc.a(_aeabi_uldivmod.o)
                              cmake/stm32cubemx/CMakeFiles/STM32_Drivers.dir/__/__/Drivers/STM32F7xx_HAL_Driver/Src/stm32f7xx_hal_rcc.c.obj (__aeabi_uldivmod)
/Users/danielborkovec/.mcuxpressotools/arm-gnu-toolchain-14.2.rel1-darwin-x86_64-arm-none-eabi/bin/../lib/gcc/arm-none-eabi/14.2.1/thumb/v7e-m+dp/hard/libgcc.a(_udivmoddi4.o)
                              /Users/danielborkovec/.mcuxpressotools/arm-gnu-toolchain-14.2.rel1-darwin-x86_64-arm-none-eabi/bin/../lib/gcc/arm-none-eabi/14.2.1/thumb/v7e-m+dp/hard/libgcc.a(_aeabi_uldivmod.o) (__udivmoddi4)
/Users/danielborkovec/.mcuxpressotools/arm-gnu-toolchain-14.2.rel1-darwin-x86_64-arm-none-eabi/bin/../lib/gcc/arm-none-eabi/14.2.1/thumb/v7e-m+dp/hard/libgcc.a(_dvmd_tls.o)
                              /Users/danielborkovec/.mcuxpressotools/arm-gnu-toolchain-14.2.rel1-darwin-x86_64-arm-none-eabi/bin/../lib/gcc/arm-none-eabi/14.2.1/thumb/v7e-m+dp/hard/libgcc.a(_aeabi_uldivmod.o) (__aeabi_ldiv0)
/Users/danielborkovec/.mcuxpressotools/arm-gnu-toolchain-14.2.rel1-darwin-x86_64-arm-none-eabi/bin/../lib/gcc/arm-none-eabi/14.2.1/../../../../arm-none-eabi/lib/thumb/v7e-m+dp/hard/libg_nano.a(libc_a-exit.o)
                              /Users/danielborkovec/.mcuxpressotools/arm-gnu-toolchain-14.2.rel1-darwin-x86_64-arm-none-eabi/bin/../lib/gcc/arm-none-eabi/14.2.1/../../../../arm-none-eabi/lib/thumb/v7e-m+dp/hard/crt0.o (exit)
/Users/danielborkovec/.mcuxpressotools/arm-gnu-toolchain-14.2.rel1-darwin-x86_64-arm-none-eabi/bin/../lib/gcc/arm-none-eabi/14.2.1/../../../../arm-none-eabi/lib/thumb/v7e-m+dp/hard/libg_nano.a(libc_a-findfp.o)
                              /Users/danielborkovec/.mcuxpressotools/arm-gnu-toolchain-14.2.rel1-darwin-x86_64-arm-none-eabi/bin/../lib/gcc/arm-none-eabi/14.2.1/../../../../arm-none-eabi/lib/thumb/v7e-m+dp/hard/libg_nano.a(libc_a-exit.o) (__stdio_exit_handler)
/Users/danielborkovec/.mcuxpressotools/arm-gnu-toolchain-14.2.rel1-darwin-x86_64-arm-none-eabi/bin/../lib/gcc/arm-none-eabi/14.2.1/../../../../arm-none-eabi/lib/thumb/v7e-m+dp/hard/libg_nano.a(libc_a-fwalk.o)
                              /Users/danielborkovec/.mcuxpressotools/arm-gnu-toolchain-14.2.rel1-darwin-x86_64-arm-none-eabi/bin/../lib/gcc/arm-none-eabi/14.2.1/../../../../arm-none-eabi/lib/thumb/v7e-m+dp/hard/libg_nano.a(libc_a-findfp.o) (_fwalk_sglue)
/Users/danielborkovec/.mcuxpressotools/arm-gnu-toolchain-14.2.rel1-darwin-x86_64-arm-none-eabi/bin/../lib/gcc/arm-none-eabi/14.2.1/../../../../arm-none-eabi/lib/thumb/v7e-m+dp/hard/libg_nano.a(libc_a-memset.o)
                              /Users/danielborkovec/.mcuxpressotools/arm-gnu-toolchain-14.2.rel1-darwin-x86_64-arm-none-eabi/bin/../lib/gcc/arm-none-eabi/14.2.1/../../../../arm-none-eabi/lib/thumb/v7e-m+dp/hard/crt0.o (memset)
/Users/danielborkovec/.mcuxpressotools/arm-gnu-toolchain-14.2.rel1-darwin-x86_64-arm-none-eabi/bin/../lib/gcc/arm-none-eabi/14.2.1/../../../../arm-none-eabi/lib/thumb/v7e-m+dp/hard/libg_nano.a(libc_a-errno.o)
                              CMakeFiles/SSD1963_LCD.dir/Core/Src/sysmem.c.obj (__errno)
/Users/danielborkovec/.mcuxpressotools/arm-gnu-toolchain-14.2.rel1-darwin-x86_64-arm-none-eabi/bin/../lib/gcc/arm-none-eabi/14.2.1/../../../../arm-none-eabi/lib/thumb/v7e-m+dp/hard/libg_nano.a(libc_a-init.o)
                              /Users/danielborkovec/.mcuxpressotools/arm-gnu-toolchain-14.2.rel1-darwin-x86_64-arm-none-eabi/bin/../lib/gcc/arm-none-eabi/14.2.1/../../../../arm-none-eabi/lib/thumb/v7e-m+dp/hard/crt0.o (__libc_init_array)
/Users/danielborkovec/.mcuxpressotools/arm-gnu-toolchain-14.2.rel1-darwin-x86_64-arm-none-eabi/bin/../lib/gcc/arm-none-eabi/14.2.1/../../../../arm-none-eabi/lib/thumb/v7e-m+dp/hard/libg_nano.a(libc_a-lock.o)
                              /Users/danielborkovec/.mcuxpressotools/arm-gnu-toolchain-14.2.rel1-darwin-x86_64-arm-none-eabi/bin/../lib/gcc/arm-none-eabi/14.2.1/../../../../arm-none-eabi/lib/thumb/v7e-m+dp/hard/libg_nano.a(libc_a-findfp.o) (__retarget_lock_init_recursive)
/Users/danielborkovec/.mcuxpressotools/arm-gnu-toolchain-14.2.rel1-darwin-x86_64-arm-none-eabi/bin/../lib/gcc/arm-none-eabi/14.2.1/../../../../arm-none-eabi/lib/thumb/v7e-m+dp/hard/libg_nano.a(libc_a-impure.o)
                              /Users/danielborkovec/.mcuxpressotools/arm-gnu-toolchain-14.2.rel1-darwin-x86_64-arm-none-eabi/bin/../lib/gcc/arm-none-eabi/14.2.1/../../../../arm-none-eabi/lib/thumb/v7e-m+dp/hard/libg_nano.a(libc_a-errno.o) (_impure_ptr)
/Users/danielborkovec/.mcuxpressotools/arm-gnu-toolchain-14.2.rel1-darwin-x86_64-arm-none-eabi/bin/../lib/gcc/arm-none-eabi/14.2.1/../../../../arm-none-eabi/lib/thumb/v7e-m+dp/hard/libg_nano.a(libc_a-mallocr.o)
[...]
Memory Configuration

Name             Origin             Length             Attributes
RAM              0x20000000         0x00080000         xrw
FLASH            0x08000000         0x00100000         xr
*default*        0x00000000         0xffffffff

Linker script and memory map

LOAD /Users/danielborkovec/.mcuxpressotools/arm-gnu-toolchain-14.2.rel1-darwin-x86_64-arm-none-eabi/bin/../lib/gcc/arm-none-eabi/14.2.1/thumb/v7e-m+dp/hard/crti.o
LOAD /Users/danielborkovec/.mcuxpressotools/arm-gnu-toolchain-14.2.rel1-darwin-x86_64-arm-none-eabi/bin/../lib/gcc/arm-none-eabi/14.2.1/thumb/v7e-m+dp/hard/crtbegin.o
LOAD /Users/danielborkovec/.mcuxpressotools/arm-gnu-toolchain-14.2.rel1-darwin-x86_64-arm-none-eabi/bin/../lib/gcc/arm-none-eabi/14.2.1/../../../../arm-none-eabi/lib/thumb/v7e-m+dp/hard/crt0.o
LOAD cmake/stm32cubemx/CMakeFiles/STM32_Drivers.dir/__/__/Core/Src/system_stm32f7xx.c.obj
LOAD cmake/stm32cubemx/CMakeFiles/STM32_Drivers.dir/__/__/Drivers/STM32F7xx_HAL_Driver/Src/stm32f7xx_hal_can.c.obj
LOAD cmake/stm32cubemx/CMakeFiles/STM32_Drivers.dir/__/__/Drivers/STM32F7xx_HAL_Driver/Src/stm32f7xx_hal_rcc.c.obj
LOAD cmake/stm32cubemx/CMakeFiles/STM32_Drivers.dir/__/__/Drivers/STM32F7xx_HAL_Driver/Src/stm32f7xx_hal_rcc_ex.c.obj
LOAD cmake/stm32cubemx/CMakeFiles/STM32_Drivers.dir/__/__/Drivers/STM32F7xx_HAL_Driver/Src/stm32f7xx_hal_flash.c.obj
LOAD cmake/stm32cubemx/CMakeFiles/STM32_Drivers.dir/__/__/Drivers/STM32F7xx_HAL_Driver/Src/stm32f7xx_hal_flash_ex.c.obj
LOAD cmake/stm32cubemx/CMakeFiles/STM32_Drivers.dir/__/__/Drivers/STM32F7xx_HAL_Driver/Src/stm32f7xx_hal_gpio.c.obj
LOAD cmake/stm32cubemx/CMakeFiles/STM32_Drivers.dir/__/__/Drivers/STM32F7xx_HAL_Driver/Src/stm32f7xx_hal_dma.c.obj
LOAD cmake/stm32cubemx/CMakeFiles/STM32_Drivers.dir/__/__/Drivers/STM32F7xx_HAL_Driver/Src/stm32f7xx_hal_dma_ex.c.obj
LOAD cmake/stm32cubemx/CMakeFiles/STM32_Drivers.dir/__/__/Drivers/STM32F7xx_HAL_Driver/Src/stm32f7xx_hal_pwr.c.obj
LOAD cmake/stm32cubemx/CMakeFiles/STM32_Drivers.dir/__/__/Drivers/STM32F7xx_HAL_Driver/Src/stm32f7xx_hal_pwr_ex.c.obj
LOAD cmake/stm32cubemx/CMakeFiles/STM32_Drivers.dir/__/__/Drivers/STM32F7xx_HAL_Driver/Src/stm32f7xx_hal_cortex.c.obj
LOAD cmake/stm32cubemx/CMakeFiles/STM32_Drivers.dir/__/__/Drivers/STM32F7xx_HAL_Driver/Src/stm32f7xx_hal.c.obj
LOAD cmake/stm32cubemx/CMakeFiles/STM32_Drivers.dir/__/__/Drivers/STM32F7xx_HAL_Driver/Src/stm32f7xx_hal_i2c.c.obj
LOAD cmake/stm32cubemx/CMakeFiles/STM32_Drivers.dir/__/__/Drivers/STM32F7xx_HAL_Driver/Src/stm32f7xx_hal_i2c_ex.c.obj
LOAD cmake/stm32cubemx/CMakeFiles/STM32_Drivers.dir/__/__/Drivers/STM32F7xx_HAL_Driver/Src/stm32f7xx_hal_exti.c.obj
LOAD cmake/stm32cubemx/CMakeFiles/STM32_Drivers.dir/__/__/Drivers/STM32F7xx_HAL_Driver/Src/stm32f7xx_ll_fmc.c.obj
LOAD cmake/stm32cubemx/CMakeFiles/STM32_Drivers.dir/__/__/Drivers/STM32F7xx_HAL_Driver/Src/stm32f7xx_hal_nor.c.obj
LOAD cmake/stm32cubemx/CMakeFiles/STM32_Drivers.dir/__/__/Drivers/STM32F7xx_HAL_Driver/Src/stm32f7xx_hal_sram.c.obj
LOAD cmake/stm32cubemx/CMakeFiles/STM32_Drivers.dir/__/__/Drivers/STM32F7xx_HAL_Driver/Src/stm32f7xx_hal_nand.c.obj
LOAD cmake/stm32cubemx/CMakeFiles/STM32_Drivers.dir/__/__/Drivers/STM32F7xx_HAL_Driver/Src/stm32f7xx_hal_sdram.c.obj
LOAD cmake/stm32cubemx/CMakeFiles/STM32_Drivers.dir/__/__/Drivers/STM32F7xx_HAL_Driver/Src/stm32f7xx_hal_spi.c.obj
LOAD cmake/stm32cubemx/CMakeFiles/STM32_Drivers.dir/__/__/Drivers/STM32F7xx_HAL_Driver/Src/stm32f7xx_hal_spi_ex.c.obj
LOAD cmake/stm32cubemx/CMakeFiles/STM32_Drivers.dir/__/__/Drivers/STM32F7xx_HAL_Driver/Src/stm32f7xx_hal_tim.c.obj
LOAD cmake/stm32cubemx/CMakeFiles/STM32_Drivers.dir/__/__/Drivers/STM32F7xx_HAL_Driver/Src/stm32f7xx_hal_tim_ex.c.obj
LOAD cmake/stm32cubemx/CMakeFiles/STM32_Drivers.dir/__/__/Drivers/STM32F7xx_HAL_Driver/Src/stm32f7xx_hal_pcd.c.obj
LOAD cmake/stm32cubemx/CMakeFiles/STM32_Drivers.dir/__/__/Drivers/STM32F7xx_HAL_Driver/Src/stm32f7xx_hal_pcd_ex.c.obj
LOAD cmake/stm32cubemx/CMakeFiles/STM32_Drivers.dir/__/__/Drivers/STM32F7xx_HAL_Driver/Src/stm32f7xx_ll_usb.c.obj
LOAD CMakeFiles/SSD1963_LCD.dir/Core/Src/main.c.obj
LOAD CMakeFiles/SSD1963_LCD.dir/Core/Src/gpio.c.obj
LOAD CMakeFiles/SSD1963_LCD.dir/Core/Src/can.c.obj
LOAD CMakeFiles/SSD1963_LCD.dir/Core/Src/fmc.c.obj
LOAD CMakeFiles/SSD1963_LCD.dir/Core/Src/i2c.c.obj
LOAD CMakeFiles/SSD1963_LCD.dir/Core/Src/spi.c.obj
LOAD CMakeFiles/SSD1963_LCD.dir/Core/Src/tim.c.obj
LOAD CMakeFiles/SSD1963_LCD.dir/Core/Src/usb_otg.c.obj
LOAD CMakeFiles/SSD1963_LCD.dir/Core/Src/stm32f7xx_it.c.obj
LOAD CMakeFiles/SSD1963_LCD.dir/Core/Src/stm32f7xx_hal_msp.c.obj
LOAD CMakeFiles/SSD1963_LCD.dir/Core/Src/sysmem.c.obj
LOAD CMakeFiles/SSD1963_LCD.dir/Core/Src/syscalls.c.obj
LOAD CMakeFiles/SSD1963_LCD.dir/startup_stm32f767xx.s.obj
LOAD CMakeFiles/SSD1963_LCD.dir/Core/Src/ssd1963.c.obj
LOAD /Users/danielborkovec/.mcuxpressotools/arm-gnu-toolchain-14.2.rel1-darwin-x86_64-arm-none-eabi/bin/../lib/gcc/arm-none-eabi/14.2.1/../../../../arm-none-eabi/lib/thumb/v7e-m+dp/hard/libm.a
START GROUP
LOAD /Users/danielborkovec/.mcuxpressotools/arm-gnu-toolchain-14.2.rel1-darwin-x86_64-arm-none-eabi/bin/../lib/gcc/arm-none-eabi/14.2.1/thumb/v7e-m+dp/hard/libgcc.a
LOAD /Users/danielborkovec/.mcuxpressotools/arm-gnu-toolchain-14.2.rel1-darwin-x86_64-arm-none-eabi/bin/../lib/gcc/arm-none-eabi/14.2.1/../../../../arm-none-eabi/lib/thumb/v7e-m+dp/hard/libg_nano.a
LOAD /Users/danielborkovec/.mcuxpressotools/arm-gnu-toolchain-14.2.rel1-darwin-x86_64-arm-none-eabi/bin/../lib/gcc/arm-none-eabi/14.2.1/../../../../arm-none-eabi/lib/thumb/v7e-m+dp/hard/libc_nano.a
END GROUP
START GROUP
LOAD /Users/danielborkovec/.mcuxpressotools/arm-gnu-toolchain-14.2.rel1-darwin-x86_64-arm-none-eabi/bin/../lib/gcc/arm-none-eabi/14.2.1/thumb/v7e-m+dp/hard/libgcc.a
LOAD /Users/danielborkovec/.mcuxpressotools/arm-gnu-toolchain-14.2.rel1-darwin-x86_64-arm-none-eabi/bin/../lib/gcc/arm-none-eabi/14.2.1/../../../../arm-none-eabi/lib/thumb/v7e-m+dp/hard/libc_nano.a
END GROUP
LOAD /Users/danielborkovec/.mcuxpressotools/arm-gnu-toolchain-14.2.rel1-darwin-x86_64-arm-none-eabi/bin/../lib/gcc/arm-none-eabi/14.2.1/thumb/v7e-m+dp/hard/crtend.o
LOAD /Users/danielborkovec/.mcuxpressotools/arm-gnu-toolchain-14.2.rel1-darwin-x86_64-arm-none-eabi/bin/../lib/gcc/arm-none-eabi/14.2.1/thumb/v7e-m+dp/hard/crtn.o
                0x20080000                        _estack = (ORIGIN (RAM) + LENGTH (RAM))
                0x00002000                        _Min_Heap_Size = 0x2000
                0x00002000                        _Min_Stack_Size = 0x2000

.isr_vector     0x08000000      0x1f8
                0x08000000                        . = ALIGN (0x4)
 *(.isr_vector)
 .isr_vector    0x08000000      0x1f8 CMakeFiles/SSD1963_LCD.dir/startup_stm32f767xx.s.obj
                0x08000000                g_pfnVectors
                0x080001f8                        . = ALIGN (0x4)

.text           0x080001f8     0x72bc
                0x080001f8                        . = ALIGN (0x4)
 *(.text)
 .text          0x080001f8       0x30 /Users/danielborkovec/.mcuxpressotools/arm-gnu-toolchain-14.2.rel1-darwin-x86_64-arm-none-eabi/bin/../lib/gcc/arm-none-eabi/14.2.1/thumb/v7e-m+dp/hard/libgcc.a(_aeabi_uldivmod.o)
                0x080001f8                __aeabi_uldivmod
 .text          0x08000228        0x4 /Users/danielborkovec/.mcuxpressotools/arm-gnu-toolchain-14.2.rel1-darwin-x86_64-arm-none-eabi/bin/../lib/gcc/arm-none-eabi/14.2.1/thumb/v7e-m+dp/hard/libgcc.a(_dvmd_tls.o)
                0x08000228                __aeabi_ldiv0
                0x08000228                __aeabi_idiv0
 *(.text*)
 .text.deregister_tm_clones
                0x0800022c       0x1c /Users/danielborkovec/.mcuxpressotools/arm-gnu-toolchain-14.2.rel1-darwin-x86_64-arm-none-eabi/bin/../lib/gcc/arm-none-eabi/14.2.1/thumb/v7e-m+dp/hard/crtbegin.o
 .text.register_tm_clones
                0x08000248       0x24 /Users/danielborkovec/.mcuxpressotools/arm-gnu-toolchain-14.2.rel1-darwin-x86_64-arm-none-eabi/bin/../lib/gcc/arm-none-eabi/14.2.1/thumb/v7e-m+dp/hard/crtbegin.o
 .text.__do_global_dtors_aux
                0x0800026c       0x28 /Users/danielborkovec/.mcuxpressotools/arm-gnu-toolchain-14.2.rel1-darwin-x86_64-arm-none-eabi/bin/../lib/gcc/arm-none-eabi/14.2.1/thumb/v7e-m+dp/hard/crtbegin.o
 .text.frame_dummy
                0x08000294       0x24 /Users/danielborkovec/.mcuxpressotools/arm-gnu-toolchain-14.2.rel1-darwin-x86_64-arm-none-eabi/bin/../lib/gcc/arm-none-eabi/14.2.1/thumb/v7e-m+dp/hard/crtbegin.o
 .text.SystemInit
                0x080002b8       0x24 cmake/stm32cubemx/CMakeFiles/STM32_Drivers.dir/__/__/Core/Src/system_stm32f7xx.c.obj
                0x080002b8                SystemInit
 .text.HAL_CAN_Init
                0x080002dc      0x448 cmake/stm32cubemx/CMakeFiles/STM32_Drivers.dir/__/__/Drivers/STM32F7xx_HAL_Driver/Src/stm32f7xx_hal_can.c.obj
                0x080002dc                HAL_CAN_Init
 .text.HAL_CAN_IRQHandler
                0x08000724      0x36e cmake/stm32cubemx/CMakeFiles/STM32_Drivers.dir/__/__/Drivers/STM32F7xx_HAL_Driver/Src/stm32f7xx_hal_can.c.obj
                0x08000724                HAL_CAN_IRQHandler
 .text.HAL_CAN_TxMailbox0CompleteCallback
                0x08000a92       0x14 cmake/stm32cubemx/CMakeFiles/STM32_Drivers.dir/__/__/Drivers/STM32F7xx_HAL_Driver/Src/stm32f7xx_hal_can.c.obj
                0x08000a92                HAL_CAN_TxMailbox0CompleteCallback
 .text.HAL_CAN_TxMailbox1CompleteCallback
                0x08000aa6       0x14 cmake/stm32cubemx/CMakeFiles/STM32_Drivers.dir/__/__/Drivers/STM32F7xx_HAL_Driver/Src/stm32f7xx_hal_can.c.obj
                0x08000aa6                HAL_CAN_TxMailbox1CompleteCallback
 .text.HAL_CAN_TxMailbox2CompleteCallback
                0x08000aba       0x14 cmake/stm32cubemx/CMakeFiles/STM32_Drivers.dir/__/__/Drivers/STM32F7xx_HAL_Driver/Src/stm32f7xx_hal_can.c.obj
                0x08000aba                HAL_CAN_TxMailbox2CompleteCallback
 .text.HAL_CAN_TxMailbox0AbortCallback
                0x08000ace       0x14 cmake/stm32cubemx/CMakeFiles/STM32_Drivers.dir/__/__/Drivers/STM32F7xx_HAL_Driver/Src/stm32f7xx_hal_can.c.obj
                0x08000ace                HAL_CAN_TxMailbox0AbortCallback
 .text.HAL_CAN_TxMailbox1AbortCallback
                0x08000ae2       0x14 cmake/stm32cubemx/CMakeFiles/STM32_Drivers.dir/__/__/Drivers/STM32F7xx_HAL_Driver/Src/stm32f7xx_hal_can.c.obj
                0x08000ae2                HAL_CAN_TxMailbox1AbortCallback
 .text.HAL_CAN_TxMailbox2AbortCallback
                0x08000af6       0x14 cmake/stm32cubemx/CMakeFiles/STM32_Drivers.dir/__/__/Drivers/STM32F7xx_HAL_Driver/Src/stm32f7xx_hal_can.c.obj
                0x08000af6                HAL_CAN_TxMailbox2AbortCallback
 .text.HAL_CAN_RxFifo0MsgPendingCallback
                0x08000b0a       0x14 cmake/stm32cubemx/CMakeFiles/STM32_Drivers.dir/__/__/Drivers/STM32F7xx_HAL_Driver/Src/stm32f7xx_hal_can.c.obj
                0x08000b0a                HAL_CAN_RxFifo0MsgPendingCallback
 .text.HAL_CAN_RxFifo0FullCallback
                0x08000b1e       0x14 cmake/stm32cubemx/CMakeFiles/STM32_Drivers.dir/__/__/Drivers/STM32F7xx_HAL_Driver/Src/stm32f7xx_hal_can.c.obj
                0x08000b1e                HAL_CAN_RxFifo0FullCallback
 .text.HAL_CAN_RxFifo1MsgPendingCallback
                0x08000b32       0x14 cmake/stm32cubemx/CMakeFiles/STM32_Drivers.dir/__/__/Drivers/STM32F7xx_HAL_Driver/Src/stm32f7xx_hal_can.c.obj
                0x08000b32                HAL_CAN_RxFifo1MsgPendingCallback
 .text.HAL_CAN_RxFifo1FullCallback
                0x08000b46       0x14 cmake/stm32cubemx/CMakeFiles/STM32_Drivers.dir/__/__/Drivers/STM32F7xx_HAL_Driver/Src/stm32f7xx_hal_can.c.obj
                0x08000b46                HAL_CAN_RxFifo1FullCallback
 .text.HAL_CAN_SleepCallback
                0x08000b5a       0x14 cmake/stm32cubemx/CMakeFiles/STM32_Drivers.dir/__/__/Drivers/STM32F7xx_HAL_Driver/Src/stm32f7xx_hal_can.c.obj
                0x08000b5a                HAL_CAN_SleepCallback
 .text.HAL_CAN_WakeUpFromRxMsgCallback
                0x08000b6e       0x14 cmake/stm32cubemx/CMakeFiles/STM32_Drivers.dir/__/__/Drivers/STM32F7xx_HAL_Driver/Src/stm32f7xx_hal_can.c.obj
                0x08000b6e                HAL_CAN_WakeUpFromRxMsgCallback
 .text.HAL_CAN_ErrorCallback
                0x08000b82       0x14 cmake/stm32cubemx/CMakeFiles/STM32_Drivers.dir/__/__/Drivers/STM32F7xx_HAL_Driver/Src/stm32f7xx_hal_can.c.obj
                0x08000b82                HAL_CAN_ErrorCallback
 *fill*         0x08000b96        0x2 
 .text.HAL_RCC_OscConfig
                0x08000b98      0x6e0 cmake/stm32cubemx/CMakeFiles/STM32_Drivers.dir/__/__/Drivers/STM32F7xx_HAL_Driver/Src/stm32f7xx_hal_rcc.c.obj
                0x08000b98                HAL_RCC_OscConfig
 .text.HAL_RCC_ClockConfig
                0x08001278      0x350 cmake/stm32cubemx/CMakeFiles/STM32_Drivers.dir/__/__/Drivers/STM32F7xx_HAL_Driver/Src/stm32f7xx_hal_rcc.c.obj
                0x08001278                HAL_RCC_ClockConfig
 .text.HAL_RCC_GetSysClockFreq
                0x080015c8      0x20c cmake/stm32cubemx/CMakeFiles/STM32_Drivers.dir/__/__/Drivers/STM32F7xx_HAL_Driver/Src/stm32f7xx_hal_rcc.c.obj
                0x080015c8                HAL_RCC_GetSysClockFreq
 .text.HAL_RCCEx_PeriphCLKConfig
                0x080017d4     0x10d4 cmake/stm32cubemx/CMakeFiles/STM32_Drivers.dir/__/__/Drivers/STM32F7xx_HAL_Driver/Src/stm32f7xx_hal_rcc_ex.c.obj
                0x080017d4                HAL_RCCEx_PeriphCLKConfig
 .text.HAL_GPIO_Init
                0x080028a8      0x700 cmake/stm32cubemx/CMakeFiles/STM32_Drivers.dir/__/__/Drivers/STM32F7xx_HAL_Driver/Src/stm32f7xx_hal_gpio.c.obj
                0x080028a8                HAL_GPIO_Init
 .text.HAL_GPIO_WritePin
                0x08002fa8       0x58 cmake/stm32cubemx/CMakeFiles/STM32_Drivers.dir/__/__/Drivers/STM32F7xx_HAL_Driver/Src/stm32f7xx_hal_gpio.c.obj
                0x08002fa8                HAL_GPIO_WritePin
 .text.__NVIC_SetPriorityGrouping
                0x08003000       0x48 cmake/stm32cubemx/CMakeFiles/STM32_Drivers.dir/__/__/Drivers/STM32F7xx_HAL_Driver/Src/stm32f7xx_hal_cortex.c.obj
 .text.__NVIC_GetPriorityGrouping
                0x08003048       0x1c cmake/stm32cubemx/CMakeFiles/STM32_Drivers.dir/__/__/Drivers/STM32F7xx_HAL_Driver/Src/stm32f7xx_hal_cortex.c.obj
 .text.__NVIC_EnableIRQ
                0x08003064       0x3c cmake/stm32cubemx/CMakeFiles/STM32_Drivers.dir/__/__/Drivers/STM32F7xx_HAL_Driver/Src/stm32f7xx_hal_cortex.c.obj
 .text.__NVIC_SetPriority
                0x080030a0       0x54 cmake/stm32cubemx/CMakeFiles/STM32_Drivers.dir/__/__/Drivers/STM32F7xx_HAL_Driver/Src/stm32f7xx_hal_cortex.c.obj
 .text.NVIC_EncodePriority
                0x080030f4       0x66 cmake/stm32cubemx/CMakeFiles/STM32_Drivers.dir/__/__/Drivers/STM32F7xx_HAL_Driver/Src/stm32f7xx_hal_cortex.c.obj
 *fill*         0x0800315a        0x2 
 .text.SysTick_Config
                0x0800315c       0x44 cmake/stm32cubemx/CMakeFiles/STM32_Drivers.dir/__/__/Drivers/STM32F7xx_HAL_Driver/Src/stm32f7xx_hal_cortex.c.obj
 .text.HAL_NVIC_SetPriorityGrouping
                0x080031a0       0x40 cmake/stm32cubemx/CMakeFiles/STM32_Drivers.dir/__/__/Drivers/STM32F7xx_HAL_Driver/Src/stm32f7xx_hal_cortex.c.obj
                0x080031a0                HAL_NVIC_SetPriorityGrouping
 .text.HAL_NVIC_SetPriority
                0x080031e0       0x58 cmake/stm32cubemx/CMakeFiles/STM32_Drivers.dir/__/__/Drivers/STM32F7xx_HAL_Driver/Src/stm32f7xx_hal_cortex.c.obj
                0x080031e0                HAL_NVIC_SetPriority
 .text.HAL_NVIC_EnableIRQ
                0x08003238       0x30 cmake/stm32cubemx/CMakeFiles/STM32_Drivers.dir/__/__/Drivers/STM32F7xx_HAL_Driver/Src/stm32f7xx_hal_cortex.c.obj
                0x08003238                HAL_NVIC_EnableIRQ
 .text.HAL_SYSTICK_Config
                0x08003268       0x18 cmake/stm32cubemx/CMakeFiles/STM32_Drivers.dir/__/__/Drivers/STM32F7xx_HAL_Driver/Src/stm32f7xx_hal_cortex.c.obj
                0x08003268                HAL_SYSTICK_Config
 .text.HAL_MPU_Disable
                0x08003280       0x30 cmake/stm32cubemx/CMakeFiles/STM32_Drivers.dir/__/__/Drivers/STM32F7xx_HAL_Driver/Src/stm32f7xx_hal_cortex.c.obj
                0x08003280                HAL_MPU_Disable
 .text.HAL_MPU_Enable
                0x080032b0       0x40 cmake/stm32cubemx/CMakeFiles/STM32_Drivers.dir/__/__/Drivers/STM32F7xx_HAL_Driver/Src/stm32f7xx_hal_cortex.c.obj
                0x080032b0                HAL_MPU_Enable
 .text.HAL_MPU_ConfigRegion
                0x080032f0      0x2ac cmake/stm32cubemx/CMakeFiles/STM32_Drivers.dir/__/__/Drivers/STM32F7xx_HAL_Driver/Src/stm32f7xx_hal_cortex.c.obj
                0x080032f0                HAL_MPU_ConfigRegion
 .text.HAL_Init
                0x0800359c       0x1a cmake/stm32cubemx/CMakeFiles/STM32_Drivers.dir/__/__/Drivers/STM32F7xx_HAL_Driver/Src/stm32f7xx_hal.c.obj
                0x0800359c                HAL_Init
 *fill*         0x080035b6        0x2 
 .text.HAL_InitTick
                0x080035b8       0x60 cmake/stm32cubemx/CMakeFiles/STM32_Drivers.dir/__/__/Drivers/STM32F7xx_HAL_Driver/Src/stm32f7xx_hal.c.obj
                0x080035b8                HAL_InitTick
 .text.HAL_IncTick
                0x08003618       0x28 cmake/stm32cubemx/CMakeFiles/STM32_Drivers.dir/__/__/Drivers/STM32F7xx_HAL_Driver/Src/stm32f7xx_hal.c.obj
                0x08003618                HAL_IncTick
 .text.HAL_GetTick
                0x08003640       0x18 cmake/stm32cubemx/CMakeFiles/STM32_Drivers.dir/__/__/Drivers/STM32F7xx_HAL_Driver/Src/stm32f7xx_hal.c.obj
                0x08003640                HAL_GetTick
 .text.HAL_Delay
                0x08003658       0x48 cmake/stm32cubemx/CMakeFiles/STM32_Drivers.dir/__/__/Drivers/STM32F7xx_HAL_Driver/Src/stm32f7xx_hal.c.obj
                0x08003658                HAL_Delay
 .text.HAL_I2C_Init
                0x080036a0      0x25c cmake/stm32cubemx/CMakeFiles/STM32_Drivers.dir/__/__/Drivers/STM32F7xx_HAL_Driver/Src/stm32f7xx_hal_i2c.c.obj
                0x080036a0                HAL_I2C_Init
 .text.HAL_I2CEx_ConfigAnalogFilter
                0x080038fc       0xec cmake/stm32cubemx/CMakeFiles/STM32_Drivers.dir/__/__/Drivers/STM32F7xx_HAL_Driver/Src/stm32f7xx_hal_i2c_ex.c.obj
                0x080038fc                HAL_I2CEx_ConfigAnalogFilter
 .text.HAL_I2CEx_ConfigDigitalFilter
                0x080039e8       0xe8 cmake/stm32cubemx/CMakeFiles/STM32_Drivers.dir/__/__/Drivers/STM32F7xx_HAL_Driver/Src/stm32f7xx_hal_i2c_ex.c.obj
                0x080039e8                HAL_I2CEx_ConfigDigitalFilter
 .text.FMC_NORSRAM_Init
                0x08003ad0      0x2ec cmake/stm32cubemx/CMakeFiles/STM32_Drivers.dir/__/__/Drivers/STM32F7xx_HAL_Driver/Src/stm32f7xx_ll_fmc.c.obj
                0x08003ad0                FMC_NORSRAM_Init
 .text.FMC_NORSRAM_Timing_Init
                0x08003dbc      0x184 cmake/stm32cubemx/CMakeFiles/STM32_Drivers.dir/__/__/Drivers/STM32F7xx_HAL_Driver/Src/stm32f7xx_ll_fmc.c.obj
                0x08003dbc                FMC_NORSRAM_Timing_Init
 .text.FMC_NORSRAM_Extended_Timing_Init
                0x08003f40      0x148 cmake/stm32cubemx/CMakeFiles/STM32_Drivers.dir/__/__/Drivers/STM32F7xx_HAL_Driver/Src/stm32f7xx_ll_fmc.c.obj
                0x08003f40                FMC_NORSRAM_Extended_Timing_Init
 .text.HAL_SRAM_Init
                0x08004088       0x90 cmake/stm32cubemx/CMakeFiles/STM32_Drivers.dir/__/__/Drivers/STM32F7xx_HAL_Driver/Src/stm32f7xx_hal_sram.c.obj
                0x08004088                HAL_SRAM_Init
 .text.HAL_SPI_Init
                0x08004118      0x418 cmake/stm32cubemx/CMakeFiles/STM32_Drivers.dir/__/__/Drivers/STM32F7xx_HAL_Driver/Src/stm32f7xx_hal_spi.c.obj
                0x08004118                HAL_SPI_Init
 .text.HAL_TIM_PWM_Init
                0x08004530      0x248 cmake/stm32cubemx/CMakeFiles/STM32_Drivers.dir/__/__/Drivers/STM32F7xx_HAL_Driver/Src/stm32f7xx_hal_tim.c.obj
                0x08004530                HAL_TIM_PWM_Init
 .text.HAL_TIM_PWM_Start
                0x08004778      0x394 cmake/stm32cubemx/CMakeFiles/STM32_Drivers.dir/__/__/Drivers/STM32F7xx_HAL_Driver/Src/stm32f7xx_hal_tim.c.obj
                0x08004778                HAL_TIM_PWM_Start
 .text.HAL_TIM_PWM_ConfigChannel
                0x08004b0c      0x4d0 cmake/stm32cubemx/CMakeFiles/STM32_Drivers.dir/__/__/Drivers/STM32F7xx_HAL_Driver/Src/stm32f7xx_hal_tim.c.obj
                0x08004b0c                HAL_TIM_PWM_ConfigChannel
 .text.TIM_Base_SetConfig
                0x08004fdc      0x14c cmake/stm32cubemx/CMakeFiles/STM32_Drivers.dir/__/__/Drivers/STM32F7xx_HAL_Driver/Src/stm32f7xx_hal_tim.c.obj
                0x08004fdc                TIM_Base_SetConfig
 .text.TIM_OC1_SetConfig
                0x08005128      0x138 cmake/stm32cubemx/CMakeFiles/STM32_Drivers.dir/__/__/Drivers/STM32F7xx_HAL_Driver/Src/stm32f7xx_hal_tim.c.obj
 .text.TIM_OC2_SetConfig
                0x08005260      0x140 cmake/stm32cubemx/CMakeFiles/STM32_Drivers.dir/__/__/Drivers/STM32F7xx_HAL_Driver/Src/stm32f7xx_hal_tim.c.obj
                0x08005260                TIM_OC2_SetConfig
 .text.TIM_OC3_SetConfig
                0x080053a0      0x140 cmake/stm32cubemx/CMakeFiles/STM32_Drivers.dir/__/__/Drivers/STM32F7xx_HAL_Driver/Src/stm32f7xx_hal_tim.c.obj
 .text.TIM_OC4_SetConfig
                0x080054e0       0xcc cmake/stm32cubemx/CMakeFiles/STM32_Drivers.dir/__/__/Drivers/STM32F7xx_HAL_Driver/Src/stm32f7xx_hal_tim.c.obj
 .text.TIM_OC5_SetConfig
                0x080055ac       0xa4 cmake/stm32cubemx/CMakeFiles/STM32_Drivers.dir/__/__/Drivers/STM32F7xx_HAL_Driver/Src/stm32f7xx_hal_tim.c.obj
 .text.TIM_OC6_SetConfig
                0x08005650       0xa8 cmake/stm32cubemx/CMakeFiles/STM32_Drivers.dir/__/__/Drivers/STM32F7xx_HAL_Driver/Src/stm32f7xx_hal_tim.c.obj
 .text.TIM_CCxChannelCmd
                0x080056f8      0x114 cmake/stm32cubemx/CMakeFiles/STM32_Drivers.dir/__/__/Drivers/STM32F7xx_HAL_Driver/Src/stm32f7xx_hal_tim.c.obj
                0x080056f8                TIM_CCxChannelCmd
 .text.HAL_PCD_Init
                0x0800580c      0x250 cmake/stm32cubemx/CMakeFiles/STM32_Drivers.dir/__/__/Drivers/STM32F7xx_HAL_Driver/Src/stm32f7xx_hal_pcd.c.obj
                0x0800580c                HAL_PCD_Init
 .text.HAL_PCDEx_ActivateLPM
                0x08005a5c       0x48 cmake/stm32cubemx/CMakeFiles/STM32_Drivers.dir/__/__/Drivers/STM32F7xx_HAL_Driver/Src/stm32f7xx_hal_pcd_ex.c.obj
                0x08005a5c                HAL_PCDEx_ActivateLPM
 .text.USB_CoreInit
                0x08005aa4       0xb4 cmake/stm32cubemx/CMakeFiles/STM32_Drivers.dir/__/__/Drivers/STM32F7xx_HAL_Driver/Src/stm32f7xx_ll_usb.c.obj
                0x08005aa4                USB_CoreInit
 .text.USB_DisableGlobalInt
                0x08005b58       0x22 cmake/stm32cubemx/CMakeFiles/STM32_Drivers.dir/__/__/Drivers/STM32F7xx_HAL_Driver/Src/stm32f7xx_ll_usb.c.obj
                0x08005b58                USB_DisableGlobalInt
 .text.USB_SetCurrentMode
                0x08005b7a       0x98 cmake/stm32cubemx/CMakeFiles/STM32_Drivers.dir/__/__/Drivers/STM32F7xx_HAL_Driver/Src/stm32f7xx_ll_usb.c.obj
                0x08005b7a                USB_SetCurrentMode
 *fill*         0x08005c12        0x2 
 .text.USB_DevInit
                0x08005c14      0x2bc cmake/stm32cubemx/CMakeFiles/STM32_Drivers.dir/__/__/Drivers/STM32F7xx_HAL_Driver/Src/stm32f7xx_ll_usb.c.obj
                0x08005c14                USB_DevInit
 .text.USB_FlushTxFifo
                0x08005ed0       0x64 cmake/stm32cubemx/CMakeFiles/STM32_Drivers.dir/__/__/Drivers/STM32F7xx_HAL_Driver/Src/stm32f7xx_ll_usb.c.obj
                0x08005ed0                USB_FlushTxFifo
 .text.USB_FlushRxFifo
                0x08005f34       0x5c cmake/stm32cubemx/CMakeFiles/STM32_Drivers.dir/__/__/Drivers/STM32F7xx_HAL_Driver/Src/stm32f7xx_ll_usb.c.obj
                0x08005f34                USB_FlushRxFifo
 .text.USB_SetDevSpeed
                0x08005f90       0x32 cmake/stm32cubemx/CMakeFiles/STM32_Drivers.dir/__/__/Drivers/STM32F7xx_HAL_Driver/Src/stm32f7xx_ll_usb.c.obj
                0x08005f90                USB_SetDevSpeed
 .text.USB_DevDisconnect
                0x08005fc2       0x42 cmake/stm32cubemx/CMakeFiles/STM32_Drivers.dir/__/__/Drivers/STM32F7xx_HAL_Driver/Src/stm32f7xx_ll_usb.c.obj
                0x08005fc2                USB_DevDisconnect
 .text.USB_GetMode
                0x08006004       0x1c cmake/stm32cubemx/CMakeFiles/STM32_Drivers.dir/__/__/Drivers/STM32F7xx_HAL_Driver/Src/stm32f7xx_ll_usb.c.obj
                0x08006004                USB_GetMode
 .text.USB_CoreReset
                0x08006020       0x70 cmake/stm32cubemx/CMakeFiles/STM32_Drivers.dir/__/__/Drivers/STM32F7xx_HAL_Driver/Src/stm32f7xx_ll_usb.c.obj
 .text.main     0x08006090       0xdc CMakeFiles/SSD1963_LCD.dir/Core/Src/main.c.obj
                0x08006090                main
 .text.SystemClock_Config
                0x0800616c       0xd8 CMakeFiles/SSD1963_LCD.dir/Core/Src/main.c.obj
                0x0800616c                SystemClock_Config
 .text.MPU_Config
                0x08006244       0x7a CMakeFiles/SSD1963_LCD.dir/Core/Src/main.c.obj
 .text.Error_Handler
                0x080062be        0xc CMakeFiles/SSD1963_LCD.dir/Core/Src/main.c.obj
                0x080062be                Error_Handler
 .text.assert_failed
                0x080062ca       0x16 CMakeFiles/SSD1963_LCD.dir/Core/Src/main.c.obj
                0x080062ca                assert_failed
 .text.MX_GPIO_Init
                0x080062e0       0xfc CMakeFiles/SSD1963_LCD.dir/Core/Src/gpio.c.obj
                0x080062e0                MX_GPIO_Init
 .text.MX_CAN2_Init
                0x080063dc       0x68 CMakeFiles/SSD1963_LCD.dir/Core/Src/can.c.obj
                0x080063dc                MX_CAN2_Init
 .text.HAL_CAN_MspInit
                0x08006444       0xd0 CMakeFiles/SSD1963_LCD.dir/Core/Src/can.c.obj
                0x08006444                HAL_CAN_MspInit
 .text.MX_FMC_Init
                0x08006514       0xc4 CMakeFiles/SSD1963_LCD.dir/Core/Src/fmc.c.obj
                0x08006514                MX_FMC_Init
 .text.HAL_FMC_MspInit
                0x080065d8       0x94 CMakeFiles/SSD1963_LCD.dir/Core/Src/fmc.c.obj
 .text.HAL_SRAM_MspInit
                0x0800666c       0x14 CMakeFiles/SSD1963_LCD.dir/Core/Src/fmc.c.obj
                0x0800666c                HAL_SRAM_MspInit
 .text.MX_I2C1_Init
                0x08006680       0x80 CMakeFiles/SSD1963_LCD.dir/Core/Src/i2c.c.obj
                0x08006680                MX_I2C1_Init
 .text.HAL_I2C_MspInit
                0x08006700       0xc0 CMakeFiles/SSD1963_LCD.dir/Core/Src/i2c.c.obj
                0x08006700                HAL_I2C_MspInit
 .text.MX_SPI3_Init
                0x080067c0       0x7c CMakeFiles/SSD1963_LCD.dir/Core/Src/spi.c.obj
                0x080067c0                MX_SPI3_Init
 .text.HAL_SPI_MspInit
                0x0800683c       0x88 CMakeFiles/SSD1963_LCD.dir/Core/Src/spi.c.obj
                0x0800683c                HAL_SPI_MspInit
 .text.MX_TIM12_Init
                0x080068c4       0x8c CMakeFiles/SSD1963_LCD.dir/Core/Src/tim.c.obj
                0x080068c4                MX_TIM12_Init
 .text.HAL_TIM_PWM_MspInit
                0x08006950       0x40 CMakeFiles/SSD1963_LCD.dir/Core/Src/tim.c.obj
                0x08006950                HAL_TIM_PWM_MspInit
 .text.HAL_TIM_MspPostInit
                0x08006990       0x70 CMakeFiles/SSD1963_LCD.dir/Core/Src/tim.c.obj
                0x08006990                HAL_TIM_MspPostInit
 .text.MX_USB_OTG_FS_PCD_Init
                0x08006a00       0x5c CMakeFiles/SSD1963_LCD.dir/Core/Src/usb_otg.c.obj
                0x08006a00                MX_USB_OTG_FS_PCD_Init
 .text.HAL_PCD_MspInit
                0x08006a5c       0xd4 CMakeFiles/SSD1963_LCD.dir/Core/Src/usb_otg.c.obj
                0x08006a5c                HAL_PCD_MspInit
 .text.NMI_Handler
                0x08006b30        0x8 CMakeFiles/SSD1963_LCD.dir/Core/Src/stm32f7xx_it.c.obj
                0x08006b30                NMI_Handler
 .text.HardFault_Handler
                0x08006b38        0x8 CMakeFiles/SSD1963_LCD.dir/Core/Src/stm32f7xx_it.c.obj
                0x08006b38                HardFault_Handler
 .text.MemManage_Handler
                0x08006b40        0x8 CMakeFiles/SSD1963_LCD.dir/Core/Src/stm32f7xx_it.c.obj
                0x08006b40                MemManage_Handler
 .text.BusFault_Handler
                0x08006b48        0x8 CMakeFiles/SSD1963_LCD.dir/Core/Src/stm32f7xx_it.c.obj
                0x08006b48                BusFault_Handler
 .text.UsageFault_Handler
                0x08006b50        0x8 CMakeFiles/SSD1963_LCD.dir/Core/Src/stm32f7xx_it.c.obj
                0x08006b50                UsageFault_Handler
 .text.SVC_Handler
                0x08006b58        0xe CMakeFiles/SSD1963_LCD.dir/Core/Src/stm32f7xx_it.c.obj
                0x08006b58                SVC_Handler
 .text.DebugMon_Handler
                0x08006b66        0xe CMakeFiles/SSD1963_LCD.dir/Core/Src/stm32f7xx_it.c.obj
                0x08006b66                DebugMon_Handler
 .text.PendSV_Handler
                0x08006b74        0xe CMakeFiles/SSD1963_LCD.dir/Core/Src/stm32f7xx_it.c.obj
                0x08006b74                PendSV_Handler
 .text.SysTick_Handler
                0x08006b82        0xc CMakeFiles/SSD1963_LCD.dir/Core/Src/stm32f7xx_it.c.obj
                0x08006b82                SysTick_Handler
 *fill*         0x08006b8e        0x2 
 .text.CAN2_TX_IRQHandler
                0x08006b90       0x14 CMakeFiles/SSD1963_LCD.dir/Core/Src/stm32f7xx_it.c.obj
                0x08006b90                CAN2_TX_IRQHandler
 .text.CAN2_RX0_IRQHandler
                0x08006ba4       0x14 CMakeFiles/SSD1963_LCD.dir/Core/Src/stm32f7xx_it.c.obj
                0x08006ba4                CAN2_RX0_IRQHandler
 .text.CAN2_RX1_IRQHandler
                0x08006bb8       0x14 CMakeFiles/SSD1963_LCD.dir/Core/Src/stm32f7xx_it.c.obj
                0x08006bb8                CAN2_RX1_IRQHandler
 .text.HAL_MspInit
                0x08006bcc       0x48 CMakeFiles/SSD1963_LCD.dir/Core/Src/stm32f7xx_hal_msp.c.obj
                0x08006bcc                HAL_MspInit
 .text.Reset_Handler
                0x08006c14       0x50 CMakeFiles/SSD1963_LCD.dir/startup_stm32f767xx.s.obj
                0x08006c14                Reset_Handler
 .text.Default_Handler
                0x08006c64        0x2 CMakeFiles/SSD1963_LCD.dir/startup_stm32f767xx.s.obj
                0x08006c64                DMA1_Stream3_IRQHandler
                0x08006c64                EXTI2_IRQHandler
                0x08006c64                TIM8_CC_IRQHandler
                0x08006c64                UART8_IRQHandler
                0x08006c64                SPI4_IRQHandler
                0x08006c64                TIM1_CC_IRQHandler
                0x08006c64                DMA2_Stream5_IRQHandler
                0x08006c64                JPEG_IRQHandler
                0x08006c64                DMA1_Stream5_IRQHandler
                0x08006c64                CAN3_RX1_IRQHandler
                0x08006c64                PVD_IRQHandler
                0x08006c64                TAMP_STAMP_IRQHandler
                0x08006c64                EXTI3_IRQHandler
                0x08006c64                TIM8_TRG_COM_TIM14_IRQHandler
                0x08006c64                DFSDM1_FLT1_IRQHandler
                0x08006c64                TIM1_UP_TIM10_IRQHandler
                0x08006c64                TIM8_UP_TIM13_IRQHandler
                0x08006c64                I2C3_ER_IRQHandler
                0x08006c64                DFSDM1_FLT2_IRQHandler
                0x08006c64                EXTI0_IRQHandler
                0x08006c64                I2C2_EV_IRQHandler
                0x08006c64                DMA1_Stream2_IRQHandler
                0x08006c64                CAN1_RX0_IRQHandler
                0x08006c64                FPU_IRQHandler
                0x08006c64                OTG_HS_WKUP_IRQHandler
                0x08006c64                CAN3_SCE_IRQHandler
                0x08006c64                LTDC_ER_IRQHandler
                0x08006c64                CAN2_SCE_IRQHandler
                0x08006c64                DMA2_Stream2_IRQHandler
                0x08006c64                SPI1_IRQHandler
                0x08006c64                TIM6_DAC_IRQHandler
                0x08006c64                TIM1_BRK_TIM9_IRQHandler
                0x08006c64                DCMI_IRQHandler
                0x08006c64                DMA2_Stream3_IRQHandler
                0x08006c64                SAI2_IRQHandler
                0x08006c64                DFSDM1_FLT3_IRQHandler
                0x08006c64                USART6_IRQHandler
                0x08006c64                CAN3_RX0_IRQHandler
                0x08006c64                USART3_IRQHandler
                0x08006c64                CAN1_RX1_IRQHandler
                0x08006c64                UART5_IRQHandler
                0x08006c64                DMA2_Stream0_IRQHandler
                0x08006c64                TIM4_IRQHandler
                0x08006c64                QUADSPI_IRQHandler
                0x08006c64                I2C1_EV_IRQHandler
                0x08006c64                DMA1_Stream6_IRQHandler
                0x08006c64                DMA1_Stream1_IRQHandler
                0x08006c64                UART4_IRQHandler
                0x08006c64                TIM3_IRQHandler
                0x08006c64                RCC_IRQHandler
                0x08006c64                TIM8_BRK_TIM12_IRQHandler
                0x08006c64                Default_Handler
                0x08006c64                CEC_IRQHandler
                0x08006c64                EXTI15_10_IRQHandler
                0x08006c64                ADC_IRQHandler
                0x08006c64                DMA1_Stream7_IRQHandler
                0x08006c64                SPI5_IRQHandler
                0x08006c64                TIM7_IRQHandler
                0x08006c64                SDMMC1_IRQHandler
                0x08006c64                TIM5_IRQHandler
                0x08006c64                DMA2_Stream7_IRQHandler
                0x08006c64                I2C3_EV_IRQHandler
                0x08006c64                EXTI9_5_IRQHandler
                0x08006c64                RTC_WKUP_IRQHandler
                0x08006c64                LTDC_IRQHandler
                0x08006c64                ETH_WKUP_IRQHandler
                0x08006c64                SPDIF_RX_IRQHandler
                0x08006c64                SPI2_IRQHandler
                0x08006c64                OTG_HS_EP1_IN_IRQHandler
                0x08006c64                DMA1_Stream0_IRQHandler
                0x08006c64                CAN1_TX_IRQHandler
                0x08006c64                EXTI4_IRQHandler
                0x08006c64                RNG_IRQHandler
                0x08006c64                ETH_IRQHandler
                0x08006c64                OTG_HS_EP1_OUT_IRQHandler
                0x08006c64                WWDG_IRQHandler
                0x08006c64                SPI6_IRQHandler
                0x08006c64                MDIOS_IRQHandler
                0x08006c64                I2C4_EV_IRQHandler
                0x08006c64                CAN3_TX_IRQHandler
                0x08006c64                TIM2_IRQHandler
                0x08006c64                OTG_FS_WKUP_IRQHandler
                0x08006c64                TIM1_TRG_COM_TIM11_IRQHandler
                0x08006c64                OTG_HS_IRQHandler
                0x08006c64                DMA2D_IRQHandler
                0x08006c64                EXTI1_IRQHandler
                0x08006c64                SDMMC2_IRQHandler
                0x08006c64                UART7_IRQHandler
                0x08006c64                USART2_IRQHandler
                0x08006c64                DFSDM1_FLT0_IRQHandler
                0x08006c64                I2C2_ER_IRQHandler
                0x08006c64                DMA2_Stream1_IRQHandler
                0x08006c64                CAN1_SCE_IRQHandler
                0x08006c64                FLASH_IRQHandler
                0x08006c64                DMA2_Stream4_IRQHandler
                0x08006c64                USART1_IRQHandler
                0x08006c64                OTG_FS_IRQHandler
                0x08006c64                SPI3_IRQHandler
                0x08006c64                DMA1_Stream4_IRQHandler
                0x08006c64                I2C1_ER_IRQHandler
                0x08006c64                FMC_IRQHandler
                0x08006c64                LPTIM1_IRQHandler
                0x08006c64                I2C4_ER_IRQHandler
                0x08006c64                DMA2_Stream6_IRQHandler
                0x08006c64                SAI1_IRQHandler
                0x08006c64                RTC_Alarm_IRQHandler
 .text.lcd_cmd  0x08006c66       0x1e CMakeFiles/SSD1963_LCD.dir/Core/Src/ssd1963.c.obj
 .text.lcd_dat  0x08006c84       0x20 CMakeFiles/SSD1963_LCD.dir/Core/Src/ssd1963.c.obj
 .text.ssd_write_reg8
                0x08006ca4       0x2a CMakeFiles/SSD1963_LCD.dir/Core/Src/ssd1963.c.obj
 .text.ssd_write_reg
                0x08006cce       0x42 CMakeFiles/SSD1963_LCD.dir/Core/Src/ssd1963.c.obj
 .text.ssd_soft_reset
                0x08006d10       0x14 CMakeFiles/SSD1963_LCD.dir/Core/Src/ssd1963.c.obj
 .text.SSD1963_SetWindow
                0x08006d24       0x98 CMakeFiles/SSD1963_LCD.dir/Core/Src/ssd1963.c.obj
                0x08006d24                SSD1963_SetWindow
 .text.SSD1963_Fill
                0x08006dbc       0x4c CMakeFiles/SSD1963_LCD.dir/Core/Src/ssd1963.c.obj
                0x08006dbc                SSD1963_Fill
 .text.SSD1963_FillRect
                0x08006e08       0xbc CMakeFiles/SSD1963_LCD.dir/Core/Src/ssd1963.c.obj
                0x08006e08                SSD1963_FillRect
 .text.SSD1963_TestColorBars
                0x08006ec4       0x70 CMakeFiles/SSD1963_LCD.dir/Core/Src/ssd1963.c.obj
                0x08006ec4                SSD1963_TestColorBars
 .text.SSD1963_TestCheckerboard
                0x08006f34       0xbc CMakeFiles/SSD1963_LCD.dir/Core/Src/ssd1963.c.obj
                0x08006f34                SSD1963_TestCheckerboard
 .text.ssd_set_madctl_landscape
                0x08006ff0       0x1c CMakeFiles/SSD1963_LCD.dir/Core/Src/ssd1963.c.obj
 .text.SSD1963_Init
                0x0800700c      0x140 CMakeFiles/SSD1963_LCD.dir/Core/Src/ssd1963.c.obj
                0x0800700c                SSD1963_Init
 .text.__udivmoddi4
                0x0800714c      0x2f8 /Users/danielborkovec/.mcuxpressotools/arm-gnu-toolchain-14.2.rel1-darwin-x86_64-arm-none-eabi/bin/../lib/gcc/arm-none-eabi/14.2.1/thumb/v7e-m+dp/hard/libgcc.a(_udivmoddi4.o)
                0x0800714c                __udivmoddi4
 .text.memset   0x08007444       0x10 /Users/danielborkovec/.mcuxpressotools/arm-gnu-toolchain-14.2.rel1-darwin-x86_64-arm-none-eabi/bin/../lib/gcc/arm-none-eabi/14.2.1/../../../../arm-none-eabi/lib/thumb/v7e-m+dp/hard/libg_nano.a(libc_a-memset.o)
                0x08007444                memset
 .text.__libc_init_array
                0x08007454       0x48 /Users/danielborkovec/.mcuxpressotools/arm-gnu-toolchain-14.2.rel1-darwin-x86_64-arm-none-eabi/bin/../lib/gcc/arm-none-eabi/14.2.1/../../../../arm-none-eabi/lib/thumb/v7e-m+dp/hard/libg_nano.a(libc_a-init.o)
                0x08007454                __libc_init_array
 *(.glue_7)
 .glue_7        0x0800749c        0x0 linker stubs
 *(.glue_7t)
 .glue_7t       0x0800749c        0x0 linker stubs
 *(.eh_frame)
 .eh_frame      0x0800749c        0x0 /Users/danielborkovec/.mcuxpressotools/arm-gnu-toolchain-14.2.rel1-darwin-x86_64-arm-none-eabi/bin/../lib/gcc/arm-none-eabi/14.2.1/thumb/v7e-m+dp/hard/crtbegin.o
 *(.init)
 .init          0x0800749c        0x4 /Users/danielborkovec/.mcuxpressotools/arm-gnu-toolchain-14.2.rel1-darwin-x86_64-arm-none-eabi/bin/../lib/gcc/arm-none-eabi/14.2.1/thumb/v7e-m+dp/hard/crti.o
                0x0800749c                _init
 .init          0x080074a0        0x8 /Users/danielborkovec/.mcuxpressotools/arm-gnu-toolchain-14.2.rel1-darwin-x86_64-arm-none-eabi/bin/../lib/gcc/arm-none-eabi/14.2.1/thumb/v7e-m+dp/hard/crtn.o
 *(.fini)
 .fini          0x080074a8        0x4 /Users/danielborkovec/.mcuxpressotools/arm-gnu-toolchain-14.2.rel1-darwin-x86_64-arm-none-eabi/bin/../lib/gcc/arm-none-eabi/14.2.1/thumb/v7e-m+dp/hard/crti.o
                0x080074a8                _fini
 .fini          0x080074ac        0x8 /Users/danielborkovec/.mcuxpressotools/arm-gnu-toolchain-14.2.rel1-darwin-x86_64-arm-none-eabi/bin/../lib/gcc/arm-none-eabi/14.2.1/thumb/v7e-m+dp/hard/crtn.o
                0x080074b4                        . = ALIGN (0x4)
                0x080074b4                        _etext = .

.vfp11_veneer   0x080074b4        0x0
 .vfp11_veneer  0x080074b4        0x0 linker stubs

.v4_bx          0x080074b4        0x0
 .v4_bx         0x080074b4        0x0 linker stubs

.iplt           0x080074b4        0x0
 .iplt          0x080074b4        0x0 /Users/danielborkovec/.mcuxpressotools/arm-gnu-toolchain-14.2.rel1-darwin-x86_64-arm-none-eabi/bin/../lib/gcc/arm-none-eabi/14.2.1/thumb/v7e-m+dp/hard/crtbegin.o

.rodata         0x080074b4      0x61c
                0x080074b4                        . = ALIGN (0x4)
 *(.rodata)
 .rodata        0x080074b4       0x87 cmake/stm32cubemx/CMakeFiles/STM32_Drivers.dir/__/__/Drivers/STM32F7xx_HAL_Driver/Src/stm32f7xx_hal_can.c.obj
 *fill*         0x0800753b        0x1 
 .rodata        0x0800753c       0x87 cmake/stm32cubemx/CMakeFiles/STM32_Drivers.dir/__/__/Drivers/STM32F7xx_HAL_Driver/Src/stm32f7xx_hal_rcc.c.obj
 *fill*         0x080075c3        0x1 
 .rodata        0x080075c4       0x8a cmake/stm32cubemx/CMakeFiles/STM32_Drivers.dir/__/__/Drivers/STM32F7xx_HAL_Driver/Src/stm32f7xx_hal_rcc_ex.c.obj
 *fill*         0x0800764e        0x2 
 .rodata        0x08007650       0x88 cmake/stm32cubemx/CMakeFiles/STM32_Drivers.dir/__/__/Drivers/STM32F7xx_HAL_Driver/Src/stm32f7xx_hal_gpio.c.obj
 .rodata        0x080076d8       0x8a cmake/stm32cubemx/CMakeFiles/STM32_Drivers.dir/__/__/Drivers/STM32F7xx_HAL_Driver/Src/stm32f7xx_hal_cortex.c.obj
 *fill*         0x08007762        0x2 
 .rodata        0x08007764       0x87 cmake/stm32cubemx/CMakeFiles/STM32_Drivers.dir/__/__/Drivers/STM32F7xx_HAL_Driver/Src/stm32f7xx_hal_i2c.c.obj
 *fill*         0x080077eb        0x1 
 .rodata        0x080077ec       0x8a cmake/stm32cubemx/CMakeFiles/STM32_Drivers.dir/__/__/Drivers/STM32F7xx_HAL_Driver/Src/stm32f7xx_hal_i2c_ex.c.obj
 *fill*         0x08007876        0x2 
 .rodata        0x08007878       0x86 cmake/stm32cubemx/CMakeFiles/STM32_Drivers.dir/__/__/Drivers/STM32F7xx_HAL_Driver/Src/stm32f7xx_ll_fmc.c.obj
 *fill*         0x080078fe        0x2 
 .rodata        0x08007900       0x87 cmake/stm32cubemx/CMakeFiles/STM32_Drivers.dir/__/__/Drivers/STM32F7xx_HAL_Driver/Src/stm32f7xx_hal_spi.c.obj
 *fill*         0x08007987        0x1 
 .rodata        0x08007988       0x87 cmake/stm32cubemx/CMakeFiles/STM32_Drivers.dir/__/__/Drivers/STM32F7xx_HAL_Driver/Src/stm32f7xx_hal_tim.c.obj
 *fill*         0x08007a0f        0x1 
 .rodata        0x08007a10       0x87 cmake/stm32cubemx/CMakeFiles/STM32_Drivers.dir/__/__/Drivers/STM32F7xx_HAL_Driver/Src/stm32f7xx_hal_pcd.c.obj
 *fill*         0x08007a97        0x1 
 .rodata        0x08007a98       0x27 CMakeFiles/SSD1963_LCD.dir/Core/Src/ssd1963.c.obj
 *(.rodata*)
 *fill*         0x08007abf        0x1 
 .rodata.AHBPrescTable
                0x08007ac0       0x10 cmake/stm32cubemx/CMakeFiles/STM32_Drivers.dir/__/__/Core/Src/system_stm32f7xx.c.obj
                0x08007ac0                AHBPrescTable
                0x08007ad0                        . = ALIGN (0x4)

.ARM.extab      0x08007ad0        0x0
                0x08007ad0                        . = ALIGN (0x4)
 *(.ARM.extab* .gnu.linkonce.armextab.*)
                0x08007ad0                        . = ALIGN (0x4)

.ARM            0x08007ad0        0x8
                0x08007ad0                        . = ALIGN (0x4)
                0x08007ad0                        __exidx_start = .
 *(.ARM.exidx*)
 .ARM.exidx.text.__udivmoddi4
                0x08007ad0        0x8 /Users/danielborkovec/.mcuxpressotools/arm-gnu-toolchain-14.2.rel1-darwin-x86_64-arm-none-eabi/bin/../lib/gcc/arm-none-eabi/14.2.1/thumb/v7e-m+dp/hard/libgcc.a(_udivmoddi4.o)
                0x08007ad8                        __exidx_end = .
                0x08007ad8                        . = ALIGN (0x4)

.preinit_array  0x08007ad8        0x0
                0x08007ad8                        . = ALIGN (0x4)
                0x08007ad8                        PROVIDE (__preinit_array_start = .)
 *(.preinit_array*)
                0x08007ad8                        PROVIDE (__preinit_array_end = .)
                0x08007ad8                        . = ALIGN (0x4)

.init_array     0x08007ad8        0x4
                0x08007ad8                        . = ALIGN (0x4)
                0x08007ad8                        PROVIDE (__init_array_start = .)
 *(SORT_BY_NAME(.init_array.*))
 *(.init_array*)
 .init_array    0x08007ad8        0x4 /Users/danielborkovec/.mcuxpressotools/arm-gnu-toolchain-14.2.rel1-darwin-x86_64-arm-none-eabi/bin/../lib/gcc/arm-none-eabi/14.2.1/thumb/v7e-m+dp/hard/crtbegin.o
                0x08007adc                        PROVIDE (__init_array_end = .)
                0x08007adc                        . = ALIGN (0x4)

.fini_array     0x08007adc        0x4
                0x08007adc                        . = ALIGN (0x4)
                [!provide]                        PROVIDE (__fini_array_start = .)
 *(SORT_BY_NAME(.fini_array.*))
 *(.fini_array*)
 .fini_array    0x08007adc        0x4 /Users/danielborkovec/.mcuxpressotools/arm-gnu-toolchain-14.2.rel1-darwin-x86_64-arm-none-eabi/bin/../lib/gcc/arm-none-eabi/14.2.1/thumb/v7e-m+dp/hard/crtbegin.o
                [!provide]                        PROVIDE (__fini_array_end = .)
                0x08007ae0                        . = ALIGN (0x4)
                0x08007ae0                        _sidata = LOADADDR (.data)

.rel.dyn        0x08007ae0        0x0
 .rel.iplt      0x08007ae0        0x0 /Users/danielborkovec/.mcuxpressotools/arm-gnu-toolchain-14.2.rel1-darwin-x86_64-arm-none-eabi/bin/../lib/gcc/arm-none-eabi/14.2.1/thumb/v7e-m+dp/hard/crtbegin.o

.data           0x20000000        0xc load address 0x08007ae0
                0x20000000                        . = ALIGN (0x4)
                0x20000000                        _sdata = .
 *(.data)
 *(.data*)
 .data.SystemCoreClock
                0x20000000        0x4 cmake/stm32cubemx/CMakeFiles/STM32_Drivers.dir/__/__/Core/Src/system_stm32f7xx.c.obj
                0x20000000                SystemCoreClock
 .data.uwTickPrio
                0x20000004        0x4 cmake/stm32cubemx/CMakeFiles/STM32_Drivers.dir/__/__/Drivers/STM32F7xx_HAL_Driver/Src/stm32f7xx_hal.c.obj
                0x20000004                uwTickPrio
 .data.uwTickFreq
                0x20000008        0x1 cmake/stm32cubemx/CMakeFiles/STM32_Drivers.dir/__/__/Drivers/STM32F7xx_HAL_Driver/Src/stm32f7xx_hal.c.obj
                0x20000008                uwTickFreq
 *(.RamFunc)
 *(.RamFunc*)
                0x2000000c                        . = ALIGN (0x4)
 *fill*         0x20000009        0x3 

.tm_clone_table
                0x2000000c        0x0 load address 0x08007aec
 .tm_clone_table
                0x2000000c        0x0 /Users/danielborkovec/.mcuxpressotools/arm-gnu-toolchain-14.2.rel1-darwin-x86_64-arm-none-eabi/bin/../lib/gcc/arm-none-eabi/14.2.1/thumb/v7e-m+dp/hard/crtbegin.o
 .tm_clone_table
                0x2000000c        0x0 /Users/danielborkovec/.mcuxpressotools/arm-gnu-toolchain-14.2.rel1-darwin-x86_64-arm-none-eabi/bin/../lib/gcc/arm-none-eabi/14.2.1/thumb/v7e-m+dp/hard/crtend.o

.igot.plt       0x2000000c        0x0 load address 0x08007aec
 .igot.plt      0x2000000c        0x0 /Users/danielborkovec/.mcuxpressotools/arm-gnu-toolchain-14.2.rel1-darwin-x86_64-arm-none-eabi/bin/../lib/gcc/arm-none-eabi/14.2.1/thumb/v7e-m+dp/hard/crtbegin.o

.tdata          0x2000000c        0x0 load address 0x08007aec
 *(.tdata .tdata.* .gnu.linkonce.td.*)
                0x2000000c                        . = ALIGN (0x4)
                0x2000000c                        _edata = .
                [!provide]                        PROVIDE (__data_end = .)
                [!provide]                        PROVIDE (__tdata_end = .)
                [!provide]                        PROVIDE (__tdata_start = ADDR (.tdata))
                [!provide]                        PROVIDE (__tdata_size = (__tdata_end - __tdata_start))
                [!provide]                        PROVIDE (__data_start = ADDR (.data))
                [!provide]                        PROVIDE (__data_size = (__data_end - __data_start))
                [!provide]                        PROVIDE (__tdata_source = LOADADDR (.tdata))
                [!provide]                        PROVIDE (__tdata_source_end = (LOADADDR (.tdata) + SIZEOF (.tdata)))
                [!provide]                        PROVIDE (__tdata_source_size = (__tdata_source_end - __tdata_source))
                [!provide]                        PROVIDE (__data_source = LOADADDR (.data))
                [!provide]                        PROVIDE (__data_source_end = __tdata_source_end)
                [!provide]                        PROVIDE (__data_source_size = (__data_source_end - __data_source))

.tbss           0x2000000c        0x0 load address 0x08007aec
                0x2000000c                        _sbss = .
                0x2000000c                        __bss_start__ = _sbss
 *(.tbss .tbss.*)
                0x2000000c                        . = ALIGN (0x4)
                [!provide]                        PROVIDE (__tbss_end = .)
                [!provide]                        PROVIDE (__tbss_start = ADDR (.tbss))
                [!provide]                        PROVIDE (__tbss_size = (__tbss_end - __tbss_start))
                [!provide]                        PROVIDE (__tbss_offset = (ADDR (.tbss) - ADDR (.tdata)))
                [!provide]                        PROVIDE (__tls_base = __tdata_start)
                [!provide]                        PROVIDE (__tls_end = __tbss_end)
                [!provide]                        PROVIDE (__tls_size = (__tls_end - __tls_base))
                [!provide]                        PROVIDE (__tls_align = MAX (ALIGNOF (.tdata), ALIGNOF (.tbss)))
                [!provide]                        PROVIDE (__tls_size_align = (((__tls_size + __tls_align) - 0x1) & ~ ((__tls_align - 0x1))))
                [!provide]                        PROVIDE (__arm32_tls_tcb_offset = MAX (0x8, __tls_align))
                [!provide]                        PROVIDE (__arm64_tls_tcb_offset = MAX (0x10, __tls_align))

.bss            0x2000000c      0x67c load address 0x08007aec
 *(.bss)
 *(.bss*)
 .bss.completed.1
                0x2000000c        0x1 /Users/danielborkovec/.mcuxpressotools/arm-gnu-toolchain-14.2.rel1-darwin-x86_64-arm-none-eabi/bin/../lib/gcc/arm-none-eabi/14.2.1/thumb/v7e-m+dp/hard/crtbegin.o
 *fill*         0x2000000d        0x3 
 .bss.object.0  0x20000010       0x18 /Users/danielborkovec/.mcuxpressotools/arm-gnu-toolchain-14.2.rel1-darwin-x86_64-arm-none-eabi/bin/../lib/gcc/arm-none-eabi/14.2.1/thumb/v7e-m+dp/hard/crtbegin.o
 .bss.uwTick    0x20000028        0x4 cmake/stm32cubemx/CMakeFiles/STM32_Drivers.dir/__/__/Drivers/STM32F7xx_HAL_Driver/Src/stm32f7xx_hal.c.obj
                0x20000028                uwTick
 .bss.hcan2     0x2000002c       0x28 CMakeFiles/SSD1963_LCD.dir/Core/Src/can.c.obj
                0x2000002c                hcan2
 .bss.hsram1    0x20000054       0x4c CMakeFiles/SSD1963_LCD.dir/Core/Src/fmc.c.obj
                0x20000054                hsram1
 .bss.FMC_Initialized
                0x200000a0        0x4 CMakeFiles/SSD1963_LCD.dir/Core/Src/fmc.c.obj
 .bss.hi2c1     0x200000a4       0x54 CMakeFiles/SSD1963_LCD.dir/Core/Src/i2c.c.obj
                0x200000a4                hi2c1
 .bss.hspi3     0x200000f8       0x64 CMakeFiles/SSD1963_LCD.dir/Core/Src/spi.c.obj
                0x200000f8                hspi3
 .bss.htim12    0x2000015c       0x4c CMakeFiles/SSD1963_LCD.dir/Core/Src/tim.c.obj
                0x2000015c                htim12
 .bss.hpcd_USB_OTG_FS
                0x200001a8      0x4e0 CMakeFiles/SSD1963_LCD.dir/Core/Src/usb_otg.c.obj
                0x200001a8                hpcd_USB_OTG_FS
 *(COMMON)
                0x20000688                        . = ALIGN (0x4)
                0x20000688                        _ebss = .
                0x20000688                        __bss_end__ = _ebss
                [!provide]                        PROVIDE (__bss_end = .)
                [!provide]                        PROVIDE (__non_tls_bss_start = ADDR (.bss))
                [!provide]                        PROVIDE (__bss_start = __tbss_start)
                [!provide]                        PROVIDE (__bss_size = (__bss_end - __bss_start))

._user_heap_stack
                0x20000688     0x4000 load address 0x08007aec
                0x20000688                        . = ALIGN (0x8)
                [!provide]                        PROVIDE (end = .)
                0x20000688                        PROVIDE (_end = .)
                0x20002688                        . = (. + _Min_Heap_Size)
 *fill*         0x20000688     0x2000 
                0x20004688                        . = (. + _Min_Stack_Size)
 *fill*         0x20002688     0x2000 
                0x20004688                        . = ALIGN (0x8)

/DISCARD/
 libc.a:*(*)
 libm.a:*(*)
 libgcc.a:*(*)
OUTPUT(SSD1963_LCD.elf elf32-littlearm)
LOAD linker stubs

.ARM.attributes
                0x00000000       0x2e
 .ARM.attributes
                0x00000000       0x20 /Users/danielborkovec/.mcuxpressotools/arm-gnu-toolchain-14.2.rel1-darwin-x86_64-arm-none-eabi/bin/../lib/gcc/arm-none-eabi/14.2.1/thumb/v7e-m+dp/hard/crti.o
 .ARM.attributes
                0x00000020       0x32 /Users/danielborkovec/.mcuxpressotools/arm-gnu-toolchain-14.2.rel1-darwin-x86_64-arm-none-eabi/bin/../lib/gcc/arm-none-eabi/14.2.1/thumb/v7e-m+dp/hard/crtbegin.o
 .ARM.attributes
                0x00000052       0x32 cmake/stm32cubemx/CMakeFiles/STM32_Drivers.dir/__/__/Core/Src/system_stm32f7xx.c.obj
 .ARM.attributes
                0x00000084       0x32 cmake/stm32cubemx/CMakeFiles/STM32_Drivers.dir/__/__/Drivers/STM32F7xx_HAL_Driver/Src/stm32f7xx_hal_can.c.obj
 .ARM.attributes
                0x000000b6       0x32 cmake/stm32cubemx/CMakeFiles/STM32_Drivers.dir/__/__/Drivers/STM32F7xx_HAL_Driver/Src/stm32f7xx_hal_rcc.c.obj
 .ARM.attributes
                0x000000e8       0x32 cmake/stm32cubemx/CMakeFiles/STM32_Drivers.dir/__/__/Drivers/STM32F7xx_HAL_Driver/Src/stm32f7xx_hal_rcc_ex.c.obj
 .ARM.attributes
                0x0000011a       0x32 cmake/stm32cubemx/CMakeFiles/STM32_Drivers.dir/__/__/Drivers/STM32F7xx_HAL_Driver/Src/stm32f7xx_hal_gpio.c.obj
 .ARM.attributes
                0x0000014c       0x32 cmake/stm32cubemx/CMakeFiles/STM32_Drivers.dir/__/__/Drivers/STM32F7xx_HAL_Driver/Src/stm32f7xx_hal_cortex.c.obj
 .ARM.attributes
                0x0000017e       0x32 cmake/stm32cubemx/CMakeFiles/STM32_Drivers.dir/__/__/Drivers/STM32F7xx_HAL_Driver/Src/stm32f7xx_hal.c.obj
 .ARM.attributes
                0x000001b0       0x32 cmake/stm32cubemx/CMakeFiles/STM32_Drivers.dir/__/__/Drivers/STM32F7xx_HAL_Driver/Src/stm32f7xx_hal_i2c.c.obj
 .ARM.attributes
                0x000001e2       0x32 cmake/stm32cubemx/CMakeFiles/STM32_Drivers.dir/__/__/Drivers/STM32F7xx_HAL_Driver/Src/stm32f7xx_hal_i2c_ex.c.obj
 .ARM.attributes
                0x00000214       0x32 cmake/stm32cubemx/CMakeFiles/STM32_Drivers.dir/__/__/Drivers/STM32F7xx_HAL_Driver/Src/stm32f7xx_ll_fmc.c.obj
 .ARM.attributes
                0x00000246       0x32 cmake/stm32cubemx/CMakeFiles/STM32_Drivers.dir/__/__/Drivers/STM32F7xx_HAL_Driver/Src/stm32f7xx_hal_sram.c.obj
 .ARM.attributes
                0x00000278       0x32 cmake/stm32cubemx/CMakeFiles/STM32_Drivers.dir/__/__/Drivers/STM32F7xx_HAL_Driver/Src/stm32f7xx_hal_spi.c.obj
 .ARM.attributes
                0x000002aa       0x32 cmake/stm32cubemx/CMakeFiles/STM32_Drivers.dir/__/__/Drivers/STM32F7xx_HAL_Driver/Src/stm32f7xx_hal_tim.c.obj
 .ARM.attributes
                0x000002dc       0x32 cmake/stm32cubemx/CMakeFiles/STM32_Drivers.dir/__/__/Drivers/STM32F7xx_HAL_Driver/Src/stm32f7xx_hal_pcd.c.obj
 .ARM.attributes
                0x0000030e       0x32 cmake/stm32cubemx/CMakeFiles/STM32_Drivers.dir/__/__/Drivers/STM32F7xx_HAL_Driver/Src/stm32f7xx_hal_pcd_ex.c.obj
 .ARM.attributes
                0x00000340       0x32 cmake/stm32cubemx/CMakeFiles/STM32_Drivers.dir/__/__/Drivers/STM32F7xx_HAL_Driver/Src/stm32f7xx_ll_usb.c.obj
 .ARM.attributes
                0x00000372       0x32 CMakeFiles/SSD1963_LCD.dir/Core/Src/main.c.obj
 .ARM.attributes
                0x000003a4       0x32 CMakeFiles/SSD1963_LCD.dir/Core/Src/gpio.c.obj
 .ARM.attributes
                0x000003d6       0x32 CMakeFiles/SSD1963_LCD.dir/Core/Src/can.c.obj
 .ARM.attributes
                0x00000408       0x32 CMakeFiles/SSD1963_LCD.dir/Core/Src/fmc.c.obj
 .ARM.attributes
                0x0000043a       0x32 CMakeFiles/SSD1963_LCD.dir/Core/Src/i2c.c.obj
 .ARM.attributes
                0x0000046c       0x32 CMakeFiles/SSD1963_LCD.dir/Core/Src/spi.c.obj
 .ARM.attributes
                0x0000049e       0x32 CMakeFiles/SSD1963_LCD.dir/Core/Src/tim.c.obj
 .ARM.attributes
                0x000004d0       0x32 CMakeFiles/SSD1963_LCD.dir/Core/Src/usb_otg.c.obj
 .ARM.attributes
                0x00000502       0x32 CMakeFiles/SSD1963_LCD.dir/Core/Src/stm32f7xx_it.c.obj
 .ARM.attributes
                0x00000534       0x32 CMakeFiles/SSD1963_LCD.dir/Core/Src/stm32f7xx_hal_msp.c.obj
 .ARM.attributes
                0x00000566       0x21 CMakeFiles/SSD1963_LCD.dir/startup_stm32f767xx.s.obj
 .ARM.attributes
                0x00000587       0x32 CMakeFiles/SSD1963_LCD.dir/Core/Src/ssd1963.c.obj
 .ARM.attributes
                0x000005b9       0x20 /Users/danielborkovec/.mcuxpressotools/arm-gnu-toolchain-14.2.rel1-darwin-x86_64-arm-none-eabi/bin/../lib/gcc/arm-none-eabi/14.2.1/thumb/v7e-m+dp/hard/libgcc.a(_aeabi_uldivmod.o)
 .ARM.attributes
                0x000005d9       0x32 /Users/danielborkovec/.mcuxpressotools/arm-gnu-toolchain-14.2.rel1-darwin-x86_64-arm-none-eabi/bin/../lib/gcc/arm-none-eabi/14.2.1/thumb/v7e-m+dp/hard/libgcc.a(_udivmoddi4.o)
 .ARM.attributes
                0x0000060b       0x20 /Users/danielborkovec/.mcuxpressotools/arm-gnu-toolchain-14.2.rel1-darwin-x86_64-arm-none-eabi/bin/../lib/gcc/arm-none-eabi/14.2.1/thumb/v7e-m+dp/hard/libgcc.a(_dvmd_tls.o)
 .ARM.attributes
                0x0000062b       0x32 /Users/danielborkovec/.mcuxpressotools/arm-gnu-toolchain-14.2.rel1-darwin-x86_64-arm-none-eabi/bin/../lib/gcc/arm-none-eabi/14.2.1/../../../../arm-none-eabi/lib/thumb/v7e-m+dp/hard/libg_nano.a(libc_a-memset.o)
 .ARM.attributes
                0x0000065d       0x32 /Users/danielborkovec/.mcuxpressotools/arm-gnu-toolchain-14.2.rel1-darwin-x86_64-arm-none-eabi/bin/../lib/gcc/arm-none-eabi/14.2.1/../../../../arm-none-eabi/lib/thumb/v7e-m+dp/hard/libg_nano.a(libc_a-init.o)
 .ARM.attributes
                0x0000068f       0x32 /Users/danielborkovec/.mcuxpressotools/arm-gnu-toolchain-14.2.rel1-darwin-x86_64-arm-none-eabi/bin/../lib/gcc/arm-none-eabi/14.2.1/thumb/v7e-m+dp/hard/crtend.o
 .ARM.attributes
                0x000006c1       0x20 /Users/danielborkovec/.mcuxpressotools/arm-gnu-toolchain-14.2.rel1-darwin-x86_64-arm-none-eabi/bin/../lib/gcc/arm-none-eabi/14.2.1/thumb/v7e-m+dp/hard/crtn.o

.comment        0x00000000       0x45
 .comment       0x00000000       0x45 cmake/stm32cubemx/CMakeFiles/STM32_Drivers.dir/__/__/Core/Src/system_stm32f7xx.c.obj
                                 0x46 (size before relaxing)
 .comment       0x00000045       0x46 cmake/stm32cubemx/CMakeFiles/STM32_Drivers.dir/__/__/Drivers/STM32F7xx_HAL_Driver/Src/stm32f7xx_hal_can.c.obj
 .comment       0x00000045       0x46 cmake/stm32cubemx/CMakeFiles/STM32_Drivers.dir/__/__/Drivers/STM32F7xx_HAL_Driver/Src/stm32f7xx_hal_rcc.c.obj
 .comment       0x00000045       0x46 cmake/stm32cubemx/CMakeFiles/STM32_Drivers.dir/__/__/Drivers/STM32F7xx_HAL_Driver/Src/stm32f7xx_hal_rcc_ex.c.obj
 .comment       0x00000045       0x46 cmake/stm32cubemx/CMakeFiles/STM32_Drivers.dir/__/__/Drivers/STM32F7xx_HAL_Driver/Src/stm32f7xx_hal_gpio.c.obj
 .comment       0x00000045       0x46 cmake/stm32cubemx/CMakeFiles/STM32_Drivers.dir/__/__/Drivers/STM32F7xx_HAL_Driver/Src/stm32f7xx_hal_cortex.c.obj
 .comment       0x00000045       0x46 cmake/stm32cubemx/CMakeFiles/STM32_Drivers.dir/__/__/Drivers/STM32F7xx_HAL_Driver/Src/stm32f7xx_hal.c.obj
 .comment       0x00000045       0x46 cmake/stm32cubemx/CMakeFiles/STM32_Drivers.dir/__/__/Drivers/STM32F7xx_HAL_Driver/Src/stm32f7xx_hal_i2c.c.obj
 .comment       0x00000045       0x46 cmake/stm32cubemx/CMakeFiles/STM32_Drivers.dir/__/__/Drivers/STM32F7xx_HAL_Driver/Src/stm32f7xx_hal_i2c_ex.c.obj
 .comment       0x00000045       0x46 cmake/stm32cubemx/CMakeFiles/STM32_Drivers.dir/__/__/Drivers/STM32F7xx_HAL_Driver/Src/stm32f7xx_ll_fmc.c.obj
 .comment       0x00000045       0x46 cmake/stm32cubemx/CMakeFiles/STM32_Drivers.dir/__/__/Drivers/STM32F7xx_HAL_Driver/Src/stm32f7xx_hal_sram.c.obj
 .comment       0x00000045       0x46 cmake/stm32cubemx/CMakeFiles/STM32_Drivers.dir/__/__/Drivers/STM32F7xx_HAL_Driver/Src/stm32f7xx_hal_spi.c.obj
 .comment       0x00000045       0x46 cmake/stm32cubemx/CMakeFiles/STM32_Drivers.dir/__/__/Drivers/STM32F7xx_HAL_Driver/Src/stm32f7xx_hal_tim.c.obj
 .comment       0x00000045       0x46 cmake/stm32cubemx/CMakeFiles/STM32_Drivers.dir/__/__/Drivers/STM32F7xx_HAL_Driver/Src/stm32f7xx_hal_pcd.c.obj
 .comment       0x00000045       0x46 cmake/stm32cubemx/CMakeFiles/STM32_Drivers.dir/__/__/Drivers/STM32F7xx_HAL_Driver/Src/stm32f7xx_hal_pcd_ex.c.obj
 .comment       0x00000045       0x46 cmake/stm32cubemx/CMakeFiles/STM32_Drivers.dir/__/__/Drivers/STM32F7xx_HAL_Driver/Src/stm32f7xx_ll_usb.c.obj
 .comment       0x00000045       0x46 CMakeFiles/SSD1963_LCD.dir/Core/Src/main.c.obj
 .comment       0x00000045       0x46 CMakeFiles/SSD1963_LCD.dir/Core/Src/gpio.c.obj
 .comment       0x00000045       0x46 CMakeFiles/SSD1963_LCD.dir/Core/Src/can.c.obj
 .comment       0x00000045       0x46 CMakeFiles/SSD1963_LCD.dir/Core/Src/fmc.c.obj
 .comment       0x00000045       0x46 CMakeFiles/SSD1963_LCD.dir/Core/Src/i2c.c.obj
 .comment       0x00000045       0x46 CMakeFiles/SSD1963_LCD.dir/Core/Src/spi.c.obj
 .comment       0x00000045       0x46 CMakeFiles/SSD1963_LCD.dir/Core/Src/tim.c.obj
 .comment       0x00000045       0x46 CMakeFiles/SSD1963_LCD.dir/Core/Src/usb_otg.c.obj
 .comment       0x00000045       0x46 CMakeFiles/SSD1963_LCD.dir/Core/Src/stm32f7xx_it.c.obj
 .comment       0x00000045       0x46 CMakeFiles/SSD1963_LCD.dir/Core/Src/stm32f7xx_hal_msp.c.obj
 .comment       0x00000045       0x46 CMakeFiles/SSD1963_LCD.dir/Core/Src/ssd1963.c.obj

.debug_info     0x00000000    0x16839
 .debug_info    0x00000000      0x6ed cmake/stm32cubemx/CMakeFiles/STM32_Drivers.dir/__/__/Core/Src/system_stm32f7xx.c.obj
 .debug_info    0x000006ed      0xf28 cmake/stm32cubemx/CMakeFiles/STM32_Drivers.dir/__/__/Drivers/STM32F7xx_HAL_Driver/Src/stm32f7xx_hal_can.c.obj
 .debug_info    0x00001615      0x968 cmake/stm32cubemx/CMakeFiles/STM32_Drivers.dir/__/__/Drivers/STM32F7xx_HAL_Driver/Src/stm32f7xx_hal_rcc.c.obj
 .debug_info    0x00001f7d      0x6fe cmake/stm32cubemx/CMakeFiles/STM32_Drivers.dir/__/__/Drivers/STM32F7xx_HAL_Driver/Src/stm32f7xx_hal_rcc_ex.c.obj
 .debug_info    0x0000267b      0x70c cmake/stm32cubemx/CMakeFiles/STM32_Drivers.dir/__/__/Drivers/STM32F7xx_HAL_Driver/Src/stm32f7xx_hal_gpio.c.obj
 .debug_info    0x00002d87      0xff5 cmake/stm32cubemx/CMakeFiles/STM32_Drivers.dir/__/__/Drivers/STM32F7xx_HAL_Driver/Src/stm32f7xx_hal_cortex.c.obj
 .debug_info    0x00003d7c      0xa86 cmake/stm32cubemx/CMakeFiles/STM32_Drivers.dir/__/__/Drivers/STM32F7xx_HAL_Driver/Src/stm32f7xx_hal.c.obj
 .debug_info    0x00004802     0x215f cmake/stm32cubemx/CMakeFiles/STM32_Drivers.dir/__/__/Drivers/STM32F7xx_HAL_Driver/Src/stm32f7xx_hal_i2c.c.obj
 .debug_info    0x00006961      0x946 cmake/stm32cubemx/CMakeFiles/STM32_Drivers.dir/__/__/Drivers/STM32F7xx_HAL_Driver/Src/stm32f7xx_hal_i2c_ex.c.obj
 .debug_info    0x000072a7      0xc01 cmake/stm32cubemx/CMakeFiles/STM32_Drivers.dir/__/__/Drivers/STM32F7xx_HAL_Driver/Src/stm32f7xx_ll_fmc.c.obj
 .debug_info    0x00007ea8      0xd3f cmake/stm32cubemx/CMakeFiles/STM32_Drivers.dir/__/__/Drivers/STM32F7xx_HAL_Driver/Src/stm32f7xx_hal_sram.c.obj
 .debug_info    0x00008be7     0x15d6 cmake/stm32cubemx/CMakeFiles/STM32_Drivers.dir/__/__/Drivers/STM32F7xx_HAL_Driver/Src/stm32f7xx_hal_spi.c.obj
 .debug_info    0x0000a1bd     0x2b49 cmake/stm32cubemx/CMakeFiles/STM32_Drivers.dir/__/__/Drivers/STM32F7xx_HAL_Driver/Src/stm32f7xx_hal_tim.c.obj
 .debug_info    0x0000cd06     0x15b1 cmake/stm32cubemx/CMakeFiles/STM32_Drivers.dir/__/__/Drivers/STM32F7xx_HAL_Driver/Src/stm32f7xx_hal_pcd.c.obj
 .debug_info    0x0000e2b7      0x7a3 cmake/stm32cubemx/CMakeFiles/STM32_Drivers.dir/__/__/Drivers/STM32F7xx_HAL_Driver/Src/stm32f7xx_hal_pcd_ex.c.obj
 .debug_info    0x0000ea5a     0x19fc cmake/stm32cubemx/CMakeFiles/STM32_Drivers.dir/__/__/Drivers/STM32F7xx_HAL_Driver/Src/stm32f7xx_ll_usb.c.obj
 .debug_info    0x00010456      0xd6d CMakeFiles/SSD1963_LCD.dir/Core/Src/main.c.obj
 .debug_info    0x000111c3      0x465 CMakeFiles/SSD1963_LCD.dir/Core/Src/gpio.c.obj
 .debug_info    0x00011628      0xb9d CMakeFiles/SSD1963_LCD.dir/Core/Src/can.c.obj
 .debug_info    0x000121c5      0xa01 CMakeFiles/SSD1963_LCD.dir/Core/Src/fmc.c.obj
 .debug_info    0x00012bc6      0xc4a CMakeFiles/SSD1963_LCD.dir/Core/Src/i2c.c.obj
 .debug_info    0x00013810      0x998 CMakeFiles/SSD1963_LCD.dir/Core/Src/spi.c.obj
 .debug_info    0x000141a8      0xb7e CMakeFiles/SSD1963_LCD.dir/Core/Src/tim.c.obj
 .debug_info    0x00014d26      0xc1d CMakeFiles/SSD1963_LCD.dir/Core/Src/usb_otg.c.obj
 .debug_info    0x00015943      0x528 CMakeFiles/SSD1963_LCD.dir/Core/Src/stm32f7xx_it.c.obj
 .debug_info    0x00015e6b      0x28d CMakeFiles/SSD1963_LCD.dir/Core/Src/stm32f7xx_hal_msp.c.obj
 .debug_info    0x000160f8       0x30 CMakeFiles/SSD1963_LCD.dir/startup_stm32f767xx.s.obj
 .debug_info    0x00016128      0x711 CMakeFiles/SSD1963_LCD.dir/Core/Src/ssd1963.c.obj

.debug_abbrev   0x00000000     0x38fe
 .debug_abbrev  0x00000000      0x13b cmake/stm32cubemx/CMakeFiles/STM32_Drivers.dir/__/__/Core/Src/system_stm32f7xx.c.obj
 .debug_abbrev  0x0000013b      0x25c cmake/stm32cubemx/CMakeFiles/STM32_Drivers.dir/__/__/Drivers/STM32F7xx_HAL_Driver/Src/stm32f7xx_hal_can.c.obj
 .debug_abbrev  0x00000397      0x2f3 cmake/stm32cubemx/CMakeFiles/STM32_Drivers.dir/__/__/Drivers/STM32F7xx_HAL_Driver/Src/stm32f7xx_hal_rcc.c.obj
 .debug_abbrev  0x0000068a      0x1e5 cmake/stm32cubemx/CMakeFiles/STM32_Drivers.dir/__/__/Drivers/STM32F7xx_HAL_Driver/Src/stm32f7xx_hal_rcc_ex.c.obj
 .debug_abbrev  0x0000086f      0x1f1 cmake/stm32cubemx/CMakeFiles/STM32_Drivers.dir/__/__/Drivers/STM32F7xx_HAL_Driver/Src/stm32f7xx_hal_gpio.c.obj
 .debug_abbrev  0x00000a60      0x33a cmake/stm32cubemx/CMakeFiles/STM32_Drivers.dir/__/__/Drivers/STM32F7xx_HAL_Driver/Src/stm32f7xx_hal_cortex.c.obj
 .debug_abbrev  0x00000d9a      0x21a cmake/stm32cubemx/CMakeFiles/STM32_Drivers.dir/__/__/Drivers/STM32F7xx_HAL_Driver/Src/stm32f7xx_hal.c.obj
 .debug_abbrev  0x00000fb4      0x275 cmake/stm32cubemx/CMakeFiles/STM32_Drivers.dir/__/__/Drivers/STM32F7xx_HAL_Driver/Src/stm32f7xx_hal_i2c.c.obj
 .debug_abbrev  0x00001229      0x1b1 cmake/stm32cubemx/CMakeFiles/STM32_Drivers.dir/__/__/Drivers/STM32F7xx_HAL_Driver/Src/stm32f7xx_hal_i2c_ex.c.obj
 .debug_abbrev  0x000013da      0x1ab cmake/stm32cubemx/CMakeFiles/STM32_Drivers.dir/__/__/Drivers/STM32F7xx_HAL_Driver/Src/stm32f7xx_ll_fmc.c.obj
 .debug_abbrev  0x00001585      0x1f3 cmake/stm32cubemx/CMakeFiles/STM32_Drivers.dir/__/__/Drivers/STM32F7xx_HAL_Driver/Src/stm32f7xx_hal_sram.c.obj
 .debug_abbrev  0x00001778      0x274 cmake/stm32cubemx/CMakeFiles/STM32_Drivers.dir/__/__/Drivers/STM32F7xx_HAL_Driver/Src/stm32f7xx_hal_spi.c.obj
 .debug_abbrev  0x000019ec      0x275 cmake/stm32cubemx/CMakeFiles/STM32_Drivers.dir/__/__/Drivers/STM32F7xx_HAL_Driver/Src/stm32f7xx_hal_tim.c.obj
 .debug_abbrev  0x00001c61      0x303 cmake/stm32cubemx/CMakeFiles/STM32_Drivers.dir/__/__/Drivers/STM32F7xx_HAL_Driver/Src/stm32f7xx_hal_pcd.c.obj
 .debug_abbrev  0x00001f64      0x1ca cmake/stm32cubemx/CMakeFiles/STM32_Drivers.dir/__/__/Drivers/STM32F7xx_HAL_Driver/Src/stm32f7xx_hal_pcd_ex.c.obj
 .debug_abbrev  0x0000212e      0x293 cmake/stm32cubemx/CMakeFiles/STM32_Drivers.dir/__/__/Drivers/STM32F7xx_HAL_Driver/Src/stm32f7xx_ll_usb.c.obj
 .debug_abbrev  0x000023c1      0x2d5 CMakeFiles/SSD1963_LCD.dir/Core/Src/main.c.obj
 .debug_abbrev  0x00002696      0x152 CMakeFiles/SSD1963_LCD.dir/Core/Src/gpio.c.obj
 .debug_abbrev  0x000027e8      0x220 CMakeFiles/SSD1963_LCD.dir/Core/Src/can.c.obj
 .debug_abbrev  0x00002a08      0x212 CMakeFiles/SSD1963_LCD.dir/Core/Src/fmc.c.obj
 .debug_abbrev  0x00002c1a      0x217 CMakeFiles/SSD1963_LCD.dir/Core/Src/i2c.c.obj
 .debug_abbrev  0x00002e31      0x1fa CMakeFiles/SSD1963_LCD.dir/Core/Src/spi.c.obj
 .debug_abbrev  0x0000302b      0x21a CMakeFiles/SSD1963_LCD.dir/Core/Src/tim.c.obj
 .debug_abbrev  0x00003245      0x230 CMakeFiles/SSD1963_LCD.dir/Core/Src/usb_otg.c.obj
 .debug_abbrev  0x00003475      0x1a2 CMakeFiles/SSD1963_LCD.dir/Core/Src/stm32f7xx_it.c.obj
 .debug_abbrev  0x00003617       0xd8 CMakeFiles/SSD1963_LCD.dir/Core/Src/stm32f7xx_hal_msp.c.obj
 .debug_abbrev  0x000036ef       0x24 CMakeFiles/SSD1963_LCD.dir/startup_stm32f767xx.s.obj
 .debug_abbrev  0x00003713      0x1eb CMakeFiles/SSD1963_LCD.dir/Core/Src/ssd1963.c.obj

.debug_aranges  0x00000000     0x14f8
 .debug_aranges
                0x00000000       0x28 cmake/stm32cubemx/CMakeFiles/STM32_Drivers.dir/__/__/Core/Src/system_stm32f7xx.c.obj
 .debug_aranges
                0x00000028      0x138 cmake/stm32cubemx/CMakeFiles/STM32_Drivers.dir/__/__/Drivers/STM32F7xx_HAL_Driver/Src/stm32f7xx_hal_can.c.obj
 .debug_aranges
                0x00000160       0x88 cmake/stm32cubemx/CMakeFiles/STM32_Drivers.dir/__/__/Drivers/STM32F7xx_HAL_Driver/Src/stm32f7xx_hal_rcc.c.obj
 .debug_aranges
                0x000001e8       0x50 cmake/stm32cubemx/CMakeFiles/STM32_Drivers.dir/__/__/Drivers/STM32F7xx_HAL_Driver/Src/stm32f7xx_hal_rcc_ex.c.obj
 .debug_aranges
                0x00000238       0x58 cmake/stm32cubemx/CMakeFiles/STM32_Drivers.dir/__/__/Drivers/STM32F7xx_HAL_Driver/Src/stm32f7xx_hal_gpio.c.obj
 .debug_aranges
                0x00000290      0x128 cmake/stm32cubemx/CMakeFiles/STM32_Drivers.dir/__/__/Drivers/STM32F7xx_HAL_Driver/Src/stm32f7xx_hal_cortex.c.obj
 .debug_aranges
                0x000003b8      0x110 cmake/stm32cubemx/CMakeFiles/STM32_Drivers.dir/__/__/Drivers/STM32F7xx_HAL_Driver/Src/stm32f7xx_hal.c.obj
 .debug_aranges
                0x000004c8      0x2a0 cmake/stm32cubemx/CMakeFiles/STM32_Drivers.dir/__/__/Drivers/STM32F7xx_HAL_Driver/Src/stm32f7xx_hal_i2c.c.obj
 .debug_aranges
                0x00000768       0x38 cmake/stm32cubemx/CMakeFiles/STM32_Drivers.dir/__/__/Drivers/STM32F7xx_HAL_Driver/Src/stm32f7xx_hal_i2c_ex.c.obj
 .debug_aranges
                0x000007a0       0xc8 cmake/stm32cubemx/CMakeFiles/STM32_Drivers.dir/__/__/Drivers/STM32F7xx_HAL_Driver/Src/stm32f7xx_ll_fmc.c.obj
 .debug_aranges
                0x00000868       0xb8 cmake/stm32cubemx/CMakeFiles/STM32_Drivers.dir/__/__/Drivers/STM32F7xx_HAL_Driver/Src/stm32f7xx_hal_sram.c.obj
 .debug_aranges
                0x00000920      0x1d8 cmake/stm32cubemx/CMakeFiles/STM32_Drivers.dir/__/__/Drivers/STM32F7xx_HAL_Driver/Src/stm32f7xx_hal_spi.c.obj
 .debug_aranges
                0x00000af8      0x3e0 cmake/stm32cubemx/CMakeFiles/STM32_Drivers.dir/__/__/Drivers/STM32F7xx_HAL_Driver/Src/stm32f7xx_hal_tim.c.obj
 .debug_aranges
                0x00000ed8      0x148 cmake/stm32cubemx/CMakeFiles/STM32_Drivers.dir/__/__/Drivers/STM32F7xx_HAL_Driver/Src/stm32f7xx_hal_pcd.c.obj
 .debug_aranges
                0x00001020       0x48 cmake/stm32cubemx/CMakeFiles/STM32_Drivers.dir/__/__/Drivers/STM32F7xx_HAL_Driver/Src/stm32f7xx_hal_pcd_ex.c.obj
 .debug_aranges
                0x00001068      0x1a0 cmake/stm32cubemx/CMakeFiles/STM32_Drivers.dir/__/__/Drivers/STM32F7xx_HAL_Driver/Src/stm32f7xx_ll_usb.c.obj
 .debug_aranges
                0x00001208       0x40 CMakeFiles/SSD1963_LCD.dir/Core/Src/main.c.obj
 .debug_aranges
                0x00001248       0x20 CMakeFiles/SSD1963_LCD.dir/Core/Src/gpio.c.obj
 .debug_aranges
                0x00001268       0x30 CMakeFiles/SSD1963_LCD.dir/Core/Src/can.c.obj
 .debug_aranges
                0x00001298       0x40 CMakeFiles/SSD1963_LCD.dir/Core/Src/fmc.c.obj
 .debug_aranges
                0x000012d8       0x30 CMakeFiles/SSD1963_LCD.dir/Core/Src/i2c.c.obj
 .debug_aranges
                0x00001308       0x30 CMakeFiles/SSD1963_LCD.dir/Core/Src/spi.c.obj
 .debug_aranges
                0x00001338       0x38 CMakeFiles/SSD1963_LCD.dir/Core/Src/tim.c.obj
 .debug_aranges
                0x00001370       0x30 CMakeFiles/SSD1963_LCD.dir/Core/Src/usb_otg.c.obj
 .debug_aranges
                0x000013a0       0x78 CMakeFiles/SSD1963_LCD.dir/Core/Src/stm32f7xx_it.c.obj
 .debug_aranges
                0x00001418       0x20 CMakeFiles/SSD1963_LCD.dir/Core/Src/stm32f7xx_hal_msp.c.obj
 .debug_aranges
                0x00001438       0x28 CMakeFiles/SSD1963_LCD.dir/startup_stm32f767xx.s.obj
 .debug_aranges
                0x00001460       0x98 CMakeFiles/SSD1963_LCD.dir/Core/Src/ssd1963.c.obj

.debug_rnglists
                0x00000000     0x102c
 .debug_rnglists
                0x00000000       0x1a cmake/stm32cubemx/CMakeFiles/STM32_Drivers.dir/__/__/Core/Src/system_stm32f7xx.c.obj
 .debug_rnglists
                0x0000001a       0xef cmake/stm32cubemx/CMakeFiles/STM32_Drivers.dir/__/__/Drivers/STM32F7xx_HAL_Driver/Src/stm32f7xx_hal_can.c.obj
 .debug_rnglists
                0x00000109       0x67 cmake/stm32cubemx/CMakeFiles/STM32_Drivers.dir/__/__/Drivers/STM32F7xx_HAL_Driver/Src/stm32f7xx_hal_rcc.c.obj
 .debug_rnglists
                0x00000170       0x3c cmake/stm32cubemx/CMakeFiles/STM32_Drivers.dir/__/__/Drivers/STM32F7xx_HAL_Driver/Src/stm32f7xx_hal_rcc_ex.c.obj
 .debug_rnglists
                0x000001ac       0x3f cmake/stm32cubemx/CMakeFiles/STM32_Drivers.dir/__/__/Drivers/STM32F7xx_HAL_Driver/Src/stm32f7xx_hal_gpio.c.obj
 .debug_rnglists
                0x000001eb       0xda cmake/stm32cubemx/CMakeFiles/STM32_Drivers.dir/__/__/Drivers/STM32F7xx_HAL_Driver/Src/stm32f7xx_hal_cortex.c.obj
 .debug_rnglists
                0x000002c5       0xc7 cmake/stm32cubemx/CMakeFiles/STM32_Drivers.dir/__/__/Drivers/STM32F7xx_HAL_Driver/Src/stm32f7xx_hal.c.obj
 .debug_rnglists
                0x0000038c      0x22a cmake/stm32cubemx/CMakeFiles/STM32_Drivers.dir/__/__/Drivers/STM32F7xx_HAL_Driver/Src/stm32f7xx_hal_i2c.c.obj
 .debug_rnglists
                0x000005b6       0x29 cmake/stm32cubemx/CMakeFiles/STM32_Drivers.dir/__/__/Drivers/STM32F7xx_HAL_Driver/Src/stm32f7xx_hal_i2c_ex.c.obj
 .debug_rnglists
                0x000005df       0x9c cmake/stm32cubemx/CMakeFiles/STM32_Drivers.dir/__/__/Drivers/STM32F7xx_HAL_Driver/Src/stm32f7xx_ll_fmc.c.obj
 .debug_rnglists
                0x0000067b       0x8d cmake/stm32cubemx/CMakeFiles/STM32_Drivers.dir/__/__/Drivers/STM32F7xx_HAL_Driver/Src/stm32f7xx_hal_sram.c.obj
 .debug_rnglists
                0x00000708      0x179 cmake/stm32cubemx/CMakeFiles/STM32_Drivers.dir/__/__/Drivers/STM32F7xx_HAL_Driver/Src/stm32f7xx_hal_spi.c.obj
 .debug_rnglists
                0x00000881      0x32f cmake/stm32cubemx/CMakeFiles/STM32_Drivers.dir/__/__/Drivers/STM32F7xx_HAL_Driver/Src/stm32f7xx_hal_tim.c.obj
 .debug_rnglists
                0x00000bb0       0xfa cmake/stm32cubemx/CMakeFiles/STM32_Drivers.dir/__/__/Drivers/STM32F7xx_HAL_Driver/Src/stm32f7xx_hal_pcd.c.obj
 .debug_rnglists
                0x00000caa       0x32 cmake/stm32cubemx/CMakeFiles/STM32_Drivers.dir/__/__/Drivers/STM32F7xx_HAL_Driver/Src/stm32f7xx_hal_pcd_ex.c.obj
 .debug_rnglists
                0x00000cdc      0x147 cmake/stm32cubemx/CMakeFiles/STM32_Drivers.dir/__/__/Drivers/STM32F7xx_HAL_Driver/Src/stm32f7xx_ll_usb.c.obj
 .debug_rnglists
                0x00000e23       0x2d CMakeFiles/SSD1963_LCD.dir/Core/Src/main.c.obj
 .debug_rnglists
                0x00000e50       0x14 CMakeFiles/SSD1963_LCD.dir/Core/Src/gpio.c.obj
 .debug_rnglists
                0x00000e64       0x20 CMakeFiles/SSD1963_LCD.dir/Core/Src/can.c.obj
 .debug_rnglists
                0x00000e84       0x2d CMakeFiles/SSD1963_LCD.dir/Core/Src/fmc.c.obj
 .debug_rnglists
                0x00000eb1       0x21 CMakeFiles/SSD1963_LCD.dir/Core/Src/i2c.c.obj
 .debug_rnglists
                0x00000ed2       0x20 CMakeFiles/SSD1963_LCD.dir/Core/Src/spi.c.obj
 .debug_rnglists
                0x00000ef2       0x26 CMakeFiles/SSD1963_LCD.dir/Core/Src/tim.c.obj
 .debug_rnglists
                0x00000f18       0x20 CMakeFiles/SSD1963_LCD.dir/Core/Src/usb_otg.c.obj
 .debug_rnglists
                0x00000f38       0x55 CMakeFiles/SSD1963_LCD.dir/Core/Src/stm32f7xx_it.c.obj
 .debug_rnglists
                0x00000f8d       0x13 CMakeFiles/SSD1963_LCD.dir/Core/Src/stm32f7xx_hal_msp.c.obj
 .debug_rnglists
                0x00000fa0       0x19 CMakeFiles/SSD1963_LCD.dir/startup_stm32f767xx.s.obj
 .debug_rnglists
                0x00000fb9       0x73 CMakeFiles/SSD1963_LCD.dir/Core/Src/ssd1963.c.obj

.debug_macro    0x00000000    0x29d35
 .debug_macro   0x00000000      0x22c cmake/stm32cubemx/CMakeFiles/STM32_Drivers.dir/__/__/Core/Src/system_stm32f7xx.c.obj
 .debug_macro   0x0000022c      0xaf0 cmake/stm32cubemx/CMakeFiles/STM32_Drivers.dir/__/__/Core/Src/system_stm32f7xx.c.obj
 .debug_macro   0x00000d1c       0x2e cmake/stm32cubemx/CMakeFiles/STM32_Drivers.dir/__/__/Core/Src/system_stm32f7xx.c.obj
 .debug_macro   0x00000d4a       0x3b cmake/stm32cubemx/CMakeFiles/STM32_Drivers.dir/__/__/Core/Src/system_stm32f7xx.c.obj
 .debug_macro   0x00000d85       0x22 cmake/stm32cubemx/CMakeFiles/STM32_Drivers.dir/__/__/Core/Src/system_stm32f7xx.c.obj
 .debug_macro   0x00000da7       0x8e cmake/stm32cubemx/CMakeFiles/STM32_Drivers.dir/__/__/Core/Src/system_stm32f7xx.c.obj
 .debug_macro   0x00000e35       0x51 cmake/stm32cubemx/CMakeFiles/STM32_Drivers.dir/__/__/Core/Src/system_stm32f7xx.c.obj
 .debug_macro   0x00000e86      0x103 cmake/stm32cubemx/CMakeFiles/STM32_Drivers.dir/__/__/Core/Src/system_stm32f7xx.c.obj
 .debug_macro   0x00000f89       0x6a cmake/stm32cubemx/CMakeFiles/STM32_Drivers.dir/__/__/Core/Src/system_stm32f7xx.c.obj
 .debug_macro   0x00000ff3      0x1df cmake/stm32cubemx/CMakeFiles/STM32_Drivers.dir/__/__/Core/Src/system_stm32f7xx.c.obj
 .debug_macro   0x000011d2       0x1c cmake/stm32cubemx/CMakeFiles/STM32_Drivers.dir/__/__/Core/Src/system_stm32f7xx.c.obj
 .debug_macro   0x000011ee       0x22 cmake/stm32cubemx/CMakeFiles/STM32_Drivers.dir/__/__/Core/Src/system_stm32f7xx.c.obj
 .debug_macro   0x00001210       0xd9 cmake/stm32cubemx/CMakeFiles/STM32_Drivers.dir/__/__/Core/Src/system_stm32f7xx.c.obj
 .debug_macro   0x000012e9     0x12cd cmake/stm32cubemx/CMakeFiles/STM32_Drivers.dir/__/__/Core/Src/system_stm32f7xx.c.obj
 .debug_macro   0x000025b6      0x11f cmake/stm32cubemx/CMakeFiles/STM32_Drivers.dir/__/__/Core/Src/system_stm32f7xx.c.obj
 .debug_macro   0x000026d5       0x19 cmake/stm32cubemx/CMakeFiles/STM32_Drivers.dir/__/__/Core/Src/system_stm32f7xx.c.obj
 .debug_macro   0x000026ee    0x1aa23 cmake/stm32cubemx/CMakeFiles/STM32_Drivers.dir/__/__/Core/Src/system_stm32f7xx.c.obj
 .debug_macro   0x0001d111       0x6d cmake/stm32cubemx/CMakeFiles/STM32_Drivers.dir/__/__/Core/Src/system_stm32f7xx.c.obj
 .debug_macro   0x0001d17e      0x2ac cmake/stm32cubemx/CMakeFiles/STM32_Drivers.dir/__/__/Core/Src/system_stm32f7xx.c.obj
 .debug_macro   0x0001d42a     0x375e cmake/stm32cubemx/CMakeFiles/STM32_Drivers.dir/__/__/Core/Src/system_stm32f7xx.c.obj
 .debug_macro   0x00020b88      0x190 cmake/stm32cubemx/CMakeFiles/STM32_Drivers.dir/__/__/Core/Src/system_stm32f7xx.c.obj
 .debug_macro   0x00020d18       0x63 cmake/stm32cubemx/CMakeFiles/STM32_Drivers.dir/__/__/Core/Src/system_stm32f7xx.c.obj
 .debug_macro   0x00020d7b     0x1add cmake/stm32cubemx/CMakeFiles/STM32_Drivers.dir/__/__/Core/Src/system_stm32f7xx.c.obj
 .debug_macro   0x00022858      0x6c4 cmake/stm32cubemx/CMakeFiles/STM32_Drivers.dir/__/__/Core/Src/system_stm32f7xx.c.obj
 .debug_macro   0x00022f1c      0x18b cmake/stm32cubemx/CMakeFiles/STM32_Drivers.dir/__/__/Core/Src/system_stm32f7xx.c.obj
 .debug_macro   0x000230a7      0x115 cmake/stm32cubemx/CMakeFiles/STM32_Drivers.dir/__/__/Core/Src/system_stm32f7xx.c.obj
 .debug_macro   0x000231bc      0x26e cmake/stm32cubemx/CMakeFiles/STM32_Drivers.dir/__/__/Core/Src/system_stm32f7xx.c.obj
 .debug_macro   0x0002342a       0xa5 cmake/stm32cubemx/CMakeFiles/STM32_Drivers.dir/__/__/Core/Src/system_stm32f7xx.c.obj
 .debug_macro   0x000234cf      0x24f cmake/stm32cubemx/CMakeFiles/STM32_Drivers.dir/__/__/Core/Src/system_stm32f7xx.c.obj
 .debug_macro   0x0002371e       0x71 cmake/stm32cubemx/CMakeFiles/STM32_Drivers.dir/__/__/Core/Src/system_stm32f7xx.c.obj
 .debug_macro   0x0002378f       0x58 cmake/stm32cubemx/CMakeFiles/STM32_Drivers.dir/__/__/Core/Src/system_stm32f7xx.c.obj
 .debug_macro   0x000237e7      0x236 cmake/stm32cubemx/CMakeFiles/STM32_Drivers.dir/__/__/Core/Src/system_stm32f7xx.c.obj
 .debug_macro   0x00023a1d      0x40f cmake/stm32cubemx/CMakeFiles/STM32_Drivers.dir/__/__/Core/Src/system_stm32f7xx.c.obj
 .debug_macro   0x00023e2c      0x14e cmake/stm32cubemx/CMakeFiles/STM32_Drivers.dir/__/__/Core/Src/system_stm32f7xx.c.obj
 .debug_macro   0x00023f7a      0x3db cmake/stm32cubemx/CMakeFiles/STM32_Drivers.dir/__/__/Core/Src/system_stm32f7xx.c.obj
 .debug_macro   0x00024355       0x12 cmake/stm32cubemx/CMakeFiles/STM32_Drivers.dir/__/__/Core/Src/system_stm32f7xx.c.obj
 .debug_macro   0x00024367      0x504 cmake/stm32cubemx/CMakeFiles/STM32_Drivers.dir/__/__/Core/Src/system_stm32f7xx.c.obj
 .debug_macro   0x0002486b      0x22c cmake/stm32cubemx/CMakeFiles/STM32_Drivers.dir/__/__/Core/Src/system_stm32f7xx.c.obj
 .debug_macro   0x00024a97       0x61 cmake/stm32cubemx/CMakeFiles/STM32_Drivers.dir/__/__/Core/Src/system_stm32f7xx.c.obj
 .debug_macro   0x00024af8       0xa5 cmake/stm32cubemx/CMakeFiles/STM32_Drivers.dir/__/__/Core/Src/system_stm32f7xx.c.obj
 .debug_macro   0x00024b9d      0x12e cmake/stm32cubemx/CMakeFiles/STM32_Drivers.dir/__/__/Core/Src/system_stm32f7xx.c.obj
 .debug_macro   0x00024ccb      0x108 cmake/stm32cubemx/CMakeFiles/STM32_Drivers.dir/__/__/Core/Src/system_stm32f7xx.c.obj
 .debug_macro   0x00024dd3       0x35 cmake/stm32cubemx/CMakeFiles/STM32_Drivers.dir/__/__/Core/Src/system_stm32f7xx.c.obj
 .debug_macro   0x00024e08      0x2fe cmake/stm32cubemx/CMakeFiles/STM32_Drivers.dir/__/__/Core/Src/system_stm32f7xx.c.obj
 .debug_macro   0x00025106      0xa91 cmake/stm32cubemx/CMakeFiles/STM32_Drivers.dir/__/__/Core/Src/system_stm32f7xx.c.obj
 .debug_macro   0x00025b97       0xa9 cmake/stm32cubemx/CMakeFiles/STM32_Drivers.dir/__/__/Core/Src/system_stm32f7xx.c.obj
 .debug_macro   0x00025c40      0x2cb cmake/stm32cubemx/CMakeFiles/STM32_Drivers.dir/__/__/Core/Src/system_stm32f7xx.c.obj
 .debug_macro   0x00025f0b       0xba cmake/stm32cubemx/CMakeFiles/STM32_Drivers.dir/__/__/Core/Src/system_stm32f7xx.c.obj
 .debug_macro   0x00025fc5      0x15b cmake/stm32cubemx/CMakeFiles/STM32_Drivers.dir/__/__/Core/Src/system_stm32f7xx.c.obj
 .debug_macro   0x00026120      0x23b cmake/stm32cubemx/CMakeFiles/STM32_Drivers.dir/__/__/Drivers/STM32F7xx_HAL_Driver/Src/stm32f7xx_hal_can.c.obj
 .debug_macro   0x0002635b      0x250 cmake/stm32cubemx/CMakeFiles/STM32_Drivers.dir/__/__/Drivers/STM32F7xx_HAL_Driver/Src/stm32f7xx_hal_rcc.c.obj
 .debug_macro   0x000265ab      0x22c cmake/stm32cubemx/CMakeFiles/STM32_Drivers.dir/__/__/Drivers/STM32F7xx_HAL_Driver/Src/stm32f7xx_hal_rcc_ex.c.obj
 .debug_macro   0x000267d7      0x232 cmake/stm32cubemx/CMakeFiles/STM32_Drivers.dir/__/__/Drivers/STM32F7xx_HAL_Driver/Src/stm32f7xx_hal_gpio.c.obj
 .debug_macro   0x00026a09      0x22c cmake/stm32cubemx/CMakeFiles/STM32_Drivers.dir/__/__/Drivers/STM32F7xx_HAL_Driver/Src/stm32f7xx_hal_cortex.c.obj
 .debug_macro   0x00026c35      0x250 cmake/stm32cubemx/CMakeFiles/STM32_Drivers.dir/__/__/Drivers/STM32F7xx_HAL_Driver/Src/stm32f7xx_hal.c.obj
 .debug_macro   0x00026e85      0x2f8 cmake/stm32cubemx/CMakeFiles/STM32_Drivers.dir/__/__/Drivers/STM32F7xx_HAL_Driver/Src/stm32f7xx_hal_i2c.c.obj
 .debug_macro   0x0002717d      0x22c cmake/stm32cubemx/CMakeFiles/STM32_Drivers.dir/__/__/Drivers/STM32F7xx_HAL_Driver/Src/stm32f7xx_hal_i2c_ex.c.obj
 .debug_macro   0x000273a9      0x256 cmake/stm32cubemx/CMakeFiles/STM32_Drivers.dir/__/__/Drivers/STM32F7xx_HAL_Driver/Src/stm32f7xx_ll_fmc.c.obj
 .debug_macro   0x000275ff      0x22c cmake/stm32cubemx/CMakeFiles/STM32_Drivers.dir/__/__/Drivers/STM32F7xx_HAL_Driver/Src/stm32f7xx_hal_sram.c.obj
 .debug_macro   0x0002782b      0x23b cmake/stm32cubemx/CMakeFiles/STM32_Drivers.dir/__/__/Drivers/STM32F7xx_HAL_Driver/Src/stm32f7xx_hal_spi.c.obj
 .debug_macro   0x00027a66      0x22d cmake/stm32cubemx/CMakeFiles/STM32_Drivers.dir/__/__/Drivers/STM32F7xx_HAL_Driver/Src/stm32f7xx_hal_tim.c.obj
 .debug_macro   0x00027c93      0x238 cmake/stm32cubemx/CMakeFiles/STM32_Drivers.dir/__/__/Drivers/STM32F7xx_HAL_Driver/Src/stm32f7xx_hal_pcd.c.obj
 .debug_macro   0x00027ecb      0x22c cmake/stm32cubemx/CMakeFiles/STM32_Drivers.dir/__/__/Drivers/STM32F7xx_HAL_Driver/Src/stm32f7xx_hal_pcd_ex.c.obj
 .debug_macro   0x000280f7      0x22c cmake/stm32cubemx/CMakeFiles/STM32_Drivers.dir/__/__/Drivers/STM32F7xx_HAL_Driver/Src/stm32f7xx_ll_usb.c.obj
 .debug_macro   0x00028323      0x2a4 CMakeFiles/SSD1963_LCD.dir/Core/Src/main.c.obj
 .debug_macro   0x000285c7       0x34 CMakeFiles/SSD1963_LCD.dir/Core/Src/main.c.obj
 .debug_macro   0x000285fb       0x10 CMakeFiles/SSD1963_LCD.dir/Core/Src/main.c.obj
 .debug_macro   0x0002860b      0x245 CMakeFiles/SSD1963_LCD.dir/Core/Src/gpio.c.obj
 .debug_macro   0x00028850      0x245 CMakeFiles/SSD1963_LCD.dir/Core/Src/can.c.obj
 .debug_macro   0x00028a95      0x245 CMakeFiles/SSD1963_LCD.dir/Core/Src/fmc.c.obj
 .debug_macro   0x00028cda      0x245 CMakeFiles/SSD1963_LCD.dir/Core/Src/i2c.c.obj
 .debug_macro   0x00028f1f      0x245 CMakeFiles/SSD1963_LCD.dir/Core/Src/spi.c.obj
 .debug_macro   0x00029164      0x245 CMakeFiles/SSD1963_LCD.dir/Core/Src/tim.c.obj
 .debug_macro   0x000293a9      0x245 CMakeFiles/SSD1963_LCD.dir/Core/Src/usb_otg.c.obj
 .debug_macro   0x000295ee      0x245 CMakeFiles/SSD1963_LCD.dir/Core/Src/stm32f7xx_it.c.obj
 .debug_macro   0x00029833      0x23b CMakeFiles/SSD1963_LCD.dir/Core/Src/stm32f7xx_hal_msp.c.obj
 .debug_macro   0x00029a6e      0x2c7 CMakeFiles/SSD1963_LCD.dir/Core/Src/ssd1963.c.obj

.debug_line     0x00000000    0x21112
 .debug_line    0x00000000      0x95a cmake/stm32cubemx/CMakeFiles/STM32_Drivers.dir/__/__/Core/Src/system_stm32f7xx.c.obj
 .debug_line    0x0000095a     0x15e3 cmake/stm32cubemx/CMakeFiles/STM32_Drivers.dir/__/__/Drivers/STM32F7xx_HAL_Driver/Src/stm32f7xx_hal_can.c.obj
 .debug_line    0x00001f3d     0x133b cmake/stm32cubemx/CMakeFiles/STM32_Drivers.dir/__/__/Drivers/STM32F7xx_HAL_Driver/Src/stm32f7xx_hal_rcc.c.obj
 .debug_line    0x00003278     0x14cc cmake/stm32cubemx/CMakeFiles/STM32_Drivers.dir/__/__/Drivers/STM32F7xx_HAL_Driver/Src/stm32f7xx_hal_rcc_ex.c.obj
 .debug_line    0x00004744      0xfc9 cmake/stm32cubemx/CMakeFiles/STM32_Drivers.dir/__/__/Drivers/STM32F7xx_HAL_Driver/Src/stm32f7xx_hal_gpio.c.obj
 .debug_line    0x0000570d     0x10aa cmake/stm32cubemx/CMakeFiles/STM32_Drivers.dir/__/__/Drivers/STM32F7xx_HAL_Driver/Src/stm32f7xx_hal_cortex.c.obj
 .debug_line    0x000067b7      0xc51 cmake/stm32cubemx/CMakeFiles/STM32_Drivers.dir/__/__/Drivers/STM32F7xx_HAL_Driver/Src/stm32f7xx_hal.c.obj
 .debug_line    0x00007408     0x3be1 cmake/stm32cubemx/CMakeFiles/STM32_Drivers.dir/__/__/Drivers/STM32F7xx_HAL_Driver/Src/stm32f7xx_hal_i2c.c.obj
 .debug_line    0x0000afe9      0xa55 cmake/stm32cubemx/CMakeFiles/STM32_Drivers.dir/__/__/Drivers/STM32F7xx_HAL_Driver/Src/stm32f7xx_hal_i2c_ex.c.obj
 .debug_line    0x0000ba3e     0x120f cmake/stm32cubemx/CMakeFiles/STM32_Drivers.dir/__/__/Drivers/STM32F7xx_HAL_Driver/Src/stm32f7xx_ll_fmc.c.obj
 .debug_line    0x0000cc4d      0xdc5 cmake/stm32cubemx/CMakeFiles/STM32_Drivers.dir/__/__/Drivers/STM32F7xx_HAL_Driver/Src/stm32f7xx_hal_sram.c.obj
 .debug_line    0x0000da12     0x240a cmake/stm32cubemx/CMakeFiles/STM32_Drivers.dir/__/__/Drivers/STM32F7xx_HAL_Driver/Src/stm32f7xx_hal_spi.c.obj
 .debug_line    0x0000fe1c     0x683c cmake/stm32cubemx/CMakeFiles/STM32_Drivers.dir/__/__/Drivers/STM32F7xx_HAL_Driver/Src/stm32f7xx_hal_tim.c.obj
 .debug_line    0x00016658     0x15f0 cmake/stm32cubemx/CMakeFiles/STM32_Drivers.dir/__/__/Drivers/STM32F7xx_HAL_Driver/Src/stm32f7xx_hal_pcd.c.obj
 .debug_line    0x00017c48      0x9f8 cmake/stm32cubemx/CMakeFiles/STM32_Drivers.dir/__/__/Drivers/STM32F7xx_HAL_Driver/Src/stm32f7xx_hal_pcd_ex.c.obj
 .debug_line    0x00018640     0x1eee cmake/stm32cubemx/CMakeFiles/STM32_Drivers.dir/__/__/Drivers/STM32F7xx_HAL_Driver/Src/stm32f7xx_ll_usb.c.obj
 .debug_line    0x0001a52e      0xab9 CMakeFiles/SSD1963_LCD.dir/Core/Src/main.c.obj
 .debug_line    0x0001afe7      0x8ea CMakeFiles/SSD1963_LCD.dir/Core/Src/gpio.c.obj
 .debug_line    0x0001b8d1      0x94b CMakeFiles/SSD1963_LCD.dir/Core/Src/can.c.obj
 .debug_line    0x0001c21c      0x9c4 CMakeFiles/SSD1963_LCD.dir/Core/Src/fmc.c.obj
 .debug_line    0x0001cbe0      0x96f CMakeFiles/SSD1963_LCD.dir/Core/Src/i2c.c.obj
 .debug_line    0x0001d54f      0x94b CMakeFiles/SSD1963_LCD.dir/Core/Src/spi.c.obj
 .debug_line    0x0001de9a      0x968 CMakeFiles/SSD1963_LCD.dir/Core/Src/tim.c.obj
 .debug_line    0x0001e802      0x95b CMakeFiles/SSD1963_LCD.dir/Core/Src/usb_otg.c.obj
 .debug_line    0x0001f15d      0x9c5 CMakeFiles/SSD1963_LCD.dir/Core/Src/stm32f7xx_it.c.obj
 .debug_line    0x0001fb22      0x8ce CMakeFiles/SSD1963_LCD.dir/Core/Src/stm32f7xx_hal_msp.c.obj
 .debug_line    0x000203f0       0x7a CMakeFiles/SSD1963_LCD.dir/startup_stm32f767xx.s.obj
 .debug_line    0x0002046a      0xca8 CMakeFiles/SSD1963_LCD.dir/Core/Src/ssd1963.c.obj

.debug_str      0x00000000    0xfee5a
 .debug_str     0x00000000    0xfee5a cmake/stm32cubemx/CMakeFiles/STM32_Drivers.dir/__/__/Core/Src/system_stm32f7xx.c.obj
                              0xf7acf (size before relaxing)
 .debug_str     0x000fee5a    0xf80eb cmake/stm32cubemx/CMakeFiles/STM32_Drivers.dir/__/__/Drivers/STM32F7xx_HAL_Driver/Src/stm32f7xx_hal_can.c.obj
 .debug_str     0x000fee5a    0xf7e58 cmake/stm32cubemx/CMakeFiles/STM32_Drivers.dir/__/__/Drivers/STM32F7xx_HAL_Driver/Src/stm32f7xx_hal_rcc.c.obj
 .debug_str     0x000fee5a    0xf7dbb cmake/stm32cubemx/CMakeFiles/STM32_Drivers.dir/__/__/Drivers/STM32F7xx_HAL_Driver/Src/stm32f7xx_hal_rcc_ex.c.obj
 .debug_str     0x000fee5a    0xf7b9b cmake/stm32cubemx/CMakeFiles/STM32_Drivers.dir/__/__/Drivers/STM32F7xx_HAL_Driver/Src/stm32f7xx_hal_gpio.c.obj
 .debug_str     0x000fee5a    0xf8513 cmake/stm32cubemx/CMakeFiles/STM32_Drivers.dir/__/__/Drivers/STM32F7xx_HAL_Driver/Src/stm32f7xx_hal_cortex.c.obj
 .debug_str     0x000fee5a    0xf852f cmake/stm32cubemx/CMakeFiles/STM32_Drivers.dir/__/__/Drivers/STM32F7xx_HAL_Driver/Src/stm32f7xx_hal.c.obj
 .debug_str     0x000fee5a    0xf8cf0 cmake/stm32cubemx/CMakeFiles/STM32_Drivers.dir/__/__/Drivers/STM32F7xx_HAL_Driver/Src/stm32f7xx_hal_i2c.c.obj
 .debug_str     0x000fee5a    0xf7f6f cmake/stm32cubemx/CMakeFiles/STM32_Drivers.dir/__/__/Drivers/STM32F7xx_HAL_Driver/Src/stm32f7xx_hal_i2c_ex.c.obj
 .debug_str     0x000fee5a    0xf8300 cmake/stm32cubemx/CMakeFiles/STM32_Drivers.dir/__/__/Drivers/STM32F7xx_HAL_Driver/Src/stm32f7xx_ll_fmc.c.obj
 .debug_str     0x000fee5a    0xf7fd4 cmake/stm32cubemx/CMakeFiles/STM32_Drivers.dir/__/__/Drivers/STM32F7xx_HAL_Driver/Src/stm32f7xx_hal_sram.c.obj
 .debug_str     0x000fee5a    0xf8317 cmake/stm32cubemx/CMakeFiles/STM32_Drivers.dir/__/__/Drivers/STM32F7xx_HAL_Driver/Src/stm32f7xx_hal_spi.c.obj
 .debug_str     0x000fee5a    0xf8e12 cmake/stm32cubemx/CMakeFiles/STM32_Drivers.dir/__/__/Drivers/STM32F7xx_HAL_Driver/Src/stm32f7xx_hal_tim.c.obj
 .debug_str     0x000fee5a    0xf8516 cmake/stm32cubemx/CMakeFiles/STM32_Drivers.dir/__/__/Drivers/STM32F7xx_HAL_Driver/Src/stm32f7xx_hal_pcd.c.obj
 .debug_str     0x000fee5a    0xf7e0a cmake/stm32cubemx/CMakeFiles/STM32_Drivers.dir/__/__/Drivers/STM32F7xx_HAL_Driver/Src/stm32f7xx_hal_pcd_ex.c.obj
 .debug_str     0x000fee5a    0xf83e5 cmake/stm32cubemx/CMakeFiles/STM32_Drivers.dir/__/__/Drivers/STM32F7xx_HAL_Driver/Src/stm32f7xx_ll_usb.c.obj
 .debug_str     0x000fee5a    0xf840e CMakeFiles/SSD1963_LCD.dir/Core/Src/main.c.obj
 .debug_str     0x000fee5a    0xf7af3 CMakeFiles/SSD1963_LCD.dir/Core/Src/gpio.c.obj
 .debug_str     0x000fee5a    0xf8426 CMakeFiles/SSD1963_LCD.dir/Core/Src/can.c.obj
 .debug_str     0x000fee5a    0xf8027 CMakeFiles/SSD1963_LCD.dir/Core/Src/fmc.c.obj
 .debug_str     0x000fee5a    0xf833b CMakeFiles/SSD1963_LCD.dir/Core/Src/i2c.c.obj
 .debug_str     0x000fee5a    0xf7f9a CMakeFiles/SSD1963_LCD.dir/Core/Src/spi.c.obj
 .debug_str     0x000fee5a    0xf8159 CMakeFiles/SSD1963_LCD.dir/Core/Src/tim.c.obj
 .debug_str     0x000fee5a    0xf8241 CMakeFiles/SSD1963_LCD.dir/Core/Src/usb_otg.c.obj
 .debug_str     0x000fee5a    0xf7c7f CMakeFiles/SSD1963_LCD.dir/Core/Src/stm32f7xx_it.c.obj
 .debug_str     0x000fee5a    0xf7a28 CMakeFiles/SSD1963_LCD.dir/Core/Src/stm32f7xx_hal_msp.c.obj
 .debug_str     0x000fee5a       0xe2 CMakeFiles/SSD1963_LCD.dir/startup_stm32f767xx.s.obj
 .debug_str     0x000fee5a    0xf7d3b CMakeFiles/SSD1963_LCD.dir/Core/Src/ssd1963.c.obj

.debug_frame    0x00000000     0x57fc
 .debug_frame   0x00000000       0x58 cmake/stm32cubemx/CMakeFiles/STM32_Drivers.dir/__/__/Core/Src/system_stm32f7xx.c.obj
 .debug_frame   0x00000058      0x58c cmake/stm32cubemx/CMakeFiles/STM32_Drivers.dir/__/__/Drivers/STM32F7xx_HAL_Driver/Src/stm32f7xx_hal_can.c.obj